[   2.1700]RESET_ACCEPT-3-4-0.6
[   3.9710]RECEIVE-45-1
[   4.3710]ARRIVE-2-1
[   4.3720]OPEN-2-1
[   4.5720]IN-45-2-1
[   4.7720]CLOSE-2-1
[   4.8680]RECEIVE-8-1
[   5.1730]ARRIVE-3-1
[   5.5730]ARRIVE-4-1
[   5.9740]ARRIVE-5-1
[   6.3740]ARRIVE-6-1
[   6.7750]ARRIVE-7-1
[   6.9690]RECEIVE-22-2
[   7.1750]ARRIVE-8-1
[   7.3670]RECEIVE-27-3
[   7.3680]RESET_BEGIN-3
[   7.3700]ARRIVE-2-2
[   7.3700]RECEIVE-27-4
[   7.5750]ARRIVE-9-1
[   7.7700]ARRIVE-3-2
[   7.7700]ARRIVE-2-4
[   7.8670]RECEIVE-68-2
[   7.9760]ARRIVE-10-1
[   7.9760]OPEN-10-1
[   8.1670]RECEIVE-52-5
[   8.1700]ARRIVE-4-2
[   8.1700]ARRIVE-3-4
[   8.1710]OPEN-3-4
[   8.1710]OPEN-4-2
[   8.1710]RECEIVE-49-6
[   8.1760]OUT-45-10-1
[   8.3710]IN-27-3-4
[   8.3710]IN-22-4-2
[   8.3770]CLOSE-10-1
[   8.5680]ARRIVE-2-5
[   8.5680]RESET_END-3
[   8.5710]CLOSE-3-4
[   8.5720]CLOSE-4-2
[   8.5720]ARRIVE-2-6
[   8.7770]ARRIVE-9-1
[   8.9680]ARRIVE-3-5
[   8.9720]ARRIVE-4-4
[   8.9720]ARRIVE-5-2
[   8.9720]ARRIVE-3-6
[   8.9720]OPEN-3-6
[   9.1730]IN-49-3-6
[   9.1770]ARRIVE-8-1
[   9.3680]ARRIVE-4-5
[   9.3690]RECEIVE-55-4
[   9.3720]ARRIVE-5-4
[   9.3720]ARRIVE-6-2
[   9.3730]OPEN-6-2
[   9.3730]CLOSE-3-6
[   9.5730]OUT-22-6-2
[   9.5780]ARRIVE-7-1
[   9.7690]ARRIVE-5-5
[   9.7720]ARRIVE-6-4
[   9.7730]ARRIVE-2-6
[   9.7730]OPEN-2-6
[   9.7730]CLOSE-6-2
[   9.9670]RECEIVE-20-6
[   9.9730]OUT-49-2-6
[   9.9790]ARRIVE-6-1
[  10.1690]ARRIVE-6-5
[  10.1730]ARRIVE-7-4
[  10.1730]OPEN-7-4
[  10.1740]ARRIVE-7-2
[  10.1740]CLOSE-2-6
[  10.3730]OUT-27-7-4
[  10.3790]ARRIVE-5-1
[  10.5700]ARRIVE-7-5
[  10.5740]CLOSE-7-4
[  10.5740]ARRIVE-8-2
[  10.5740]OPEN-8-2
[  10.5740]ARRIVE-3-6
[  10.7740]IN-68-8-2
[  10.7790]ARRIVE-4-1
[  10.9700]ARRIVE-8-5
[  10.9740]ARRIVE-8-4
[  10.9740]ARRIVE-4-6
[  10.9740]CLOSE-8-2
[  11.1800]ARRIVE-3-1
[  11.3700]ARRIVE-9-5
[  11.3740]ARRIVE-9-4
[  11.3740]ARRIVE-5-6
[  11.3750]ARRIVE-7-2
[  11.5800]ARRIVE-2-1
[  11.5800]OPEN-2-1
[  11.7660]RESET_ACCEPT-4-4-0.2
[  11.7710]ARRIVE-10-5
[  11.7740]ARRIVE-10-4
[  11.7750]ARRIVE-6-6
[  11.7750]ARRIVE-6-2
[  11.7750]RESET_BEGIN-4
[  11.7780]RECEIVE-55-6
[  11.7810]IN-8-2-1
[  11.9810]CLOSE-2-1
[  12.1710]ARRIVE-11-5
[  12.1710]OPEN-11-5
[  12.1750]ARRIVE-7-6
[  12.1750]ARRIVE-5-2
[  12.3720]IN-52-11-5
[  12.3810]ARRIVE-3-1
[  12.5670]RECEIVE-9-2
[  12.5720]CLOSE-11-5
[  12.5750]ARRIVE-8-6
[  12.5760]ARRIVE-4-2
[  12.6660]RECEIVE-41-1
[  12.7820]ARRIVE-4-1
[  12.7820]OPEN-4-1
[  12.9720]ARRIVE-10-5
[  12.9750]RESET_END-4
[  12.9760]ARRIVE-9-6
[  12.9760]ARRIVE-3-2
[  12.9760]OPEN-3-2
[  12.9820]IN-41-4-1
[  13.1760]OUT-68-3-2
[  13.1830]CLOSE-4-1
[  13.3670]RECEIVE-53-4
[  13.3730]ARRIVE-9-5
[  13.3760]ARRIVE-10-6
[  13.3760]CLOSE-3-2
[  13.5680]ARRIVE-9-4
[  13.5830]ARRIVE-5-1
[  13.7680]ARRIVE-8-4
[  13.7730]ARRIVE-8-5
[  13.7760]ARRIVE-11-6
[  13.7760]OPEN-11-6
[  13.7770]ARRIVE-4-2
[  13.9680]RECEIVE-26-4
[  13.9730]ARRIVE-7-4
[  13.9730]OPEN-7-4
[  13.9760]IN-55-11-6
[  13.9830]ARRIVE-6-1
[  14.1670]RECEIVE-37-4
[  14.1730]ARRIVE-7-5
[  14.1730]IN-53-7-4
[  14.1770]CLOSE-11-6
[  14.1770]ARRIVE-5-2
[  14.1770]OPEN-5-2
[  14.3740]CLOSE-7-4
[  14.3770]IN-9-5-2
[  14.3840]ARRIVE-7-1
[  14.3840]OPEN-7-1
[  14.5730]ARRIVE-6-5
[  14.5740]ARRIVE-6-4
[  14.5740]OPEN-6-4
[  14.5770]ARRIVE-10-6
[  14.5770]OPEN-10-6
[  14.5780]CLOSE-5-2
[  14.5850]OUT-41-7-1
[  14.7740]OUT-53-6-4
[  14.7770]OUT-55-10-6
[  14.7850]CLOSE-7-1
[  14.9740]ARRIVE-5-5
[  14.9750]CLOSE-6-4
[  14.9780]CLOSE-10-6
[  14.9780]ARRIVE-4-2
[  15.1750]ARRIVE-5-4
[  15.1850]ARRIVE-8-1
[  15.3740]ARRIVE-4-5
[  15.3750]ARRIVE-4-4
[  15.3780]ARRIVE-9-6
[  15.3780]ARRIVE-3-2
[  15.3780]OPEN-3-2
[  15.3780]OPEN-9-6
[  15.4680]RECEIVE-23-2
[  15.5760]ARRIVE-3-4
[  15.5780]OUT-9-3-2
[  15.5790]IN-20-9-6
[  15.5850]ARRIVE-9-1
[  15.7670]RECEIVE-13-6
[  15.7740]ARRIVE-3-5
[  15.7760]ARRIVE-2-4
[  15.7760]OPEN-2-4
[  15.7790]CLOSE-3-2
[  15.7790]CLOSE-9-6
[  15.7790]OPEN-9-6
[  15.9760]IN-37-2-4
[  15.9790]IN-13-9-6
[  15.9860]ARRIVE-10-1
[  15.9860]OPEN-10-1
[  16.1750]ARRIVE-2-5
[  16.1770]CLOSE-2-4
[  16.1790]ARRIVE-4-2
[  16.1790]CLOSE-9-6
[  16.1860]OUT-8-10-1
[  16.3770]ARRIVE-3-4
[  16.3860]CLOSE-10-1
[  16.5750]ARRIVE-1-5
[  16.5750]OPEN-1-5
[  16.5770]ARRIVE-4-4
[  16.5790]ARRIVE-5-2
[  16.5800]ARRIVE-8-6
[  16.5800]OPEN-8-6
[  16.6680]RECEIVE-62-2
[  16.7760]OUT-52-1-5
[  16.7780]ARRIVE-5-4
[  16.7800]OUT-20-8-6
[  16.8650]RESET_ACCEPT-2-5-0.3
[  16.9760]CLOSE-1-5
[  16.9780]ARRIVE-6-4
[  16.9790]ARRIVE-6-2
[  16.9800]RESET_BEGIN-2
[  16.9800]CLOSE-8-6
[  16.9810]RECEIVE-62-5
[  16.9830]RECEIVE-23-1
[  17.1780]ARRIVE-7-4
[  17.1790]OPEN-7-4
[  17.3790]IN-26-7-4
[  17.3800]ARRIVE-7-6
[  17.3820]ARRIVE-2-5
[  17.3830]ARRIVE-9-1
[  17.5790]CLOSE-7-4
[  17.6680]RECEIVE-58-4
[  17.6690]RECEIVE-24-3
[  17.6700]OPEN-1-3
[  17.7790]ARRIVE-8-4
[  17.7800]OPEN-8-4
[  17.7810]ARRIVE-6-6
[  17.7820]ARRIVE-3-5
[  17.7830]ARRIVE-8-1
[  17.8700]IN-24-1-3
[  17.9800]OUT-26-8-4
[  18.0700]CLOSE-1-3
[  18.1660]RESET_ACCEPT-1-3-0.6
[  18.1800]RESET_END-2
[  18.1800]CLOSE-8-4
[  18.1810]ARRIVE-5-6
[  18.1820]ARRIVE-4-5
[  18.1830]ARRIVE-7-1
[  18.1840]RESET_BEGIN-1
[  18.1850]RECEIVE-23-2
[  18.1850]OPEN-6-2
[  18.3800]ARRIVE-9-4
[  18.3810]OPEN-9-4
[  18.3850]IN-23-6-2
[  18.5810]OUT-37-9-4
[  18.5810]ARRIVE-4-6
[  18.5820]ARRIVE-5-5
[  18.5830]OPEN-5-5
[  18.5860]CLOSE-6-2
[  18.6710]ARRIVE-2-3
[  18.7810]CLOSE-9-4
[  18.7830]IN-62-5-5
[  18.8860]ARRIVE-5-2
[  18.8860]OPEN-5-2
[  18.9670]RECEIVE-43-2
[  18.9810]ARRIVE-10-4
[  18.9820]OPEN-10-4
[  18.9820]ARRIVE-3-6
[  18.9830]CLOSE-5-5
[  19.0860]OUT-23-5-2
[  19.1670]RECEIVE-44-5
[  19.1680]RECEIVE-3-6
[  19.1820]IN-58-10-4
[  19.2670]RECEIVE-48-4
[  19.2710]ARRIVE-3-3
[  19.2870]CLOSE-5-2
[  19.3820]ARRIVE-2-6
[  19.3830]OPEN-2-6
[  19.3830]CLOSE-10-4
[  19.3830]ARRIVE-4-5
[  19.3840]OPEN-4-5
[  19.3840]RESET_END-1
[  19.4670]RECEIVE-67-2
[  19.5670]RECEIVE-64-1
[  19.5830]OUT-13-2-6
[  19.5830]ARRIVE-9-4
[  19.5840]OUT-62-4-5
[  19.5870]ARRIVE-4-2
[  19.7830]CLOSE-2-6
[  19.7830]ARRIVE-8-4
[  19.7840]CLOSE-4-5
[  19.8710]ARRIVE-4-3
[  19.8870]ARRIVE-3-2
[  19.9830]ARRIVE-7-4
[  19.9840]OPEN-7-4
[  20.1680]ARRIVE-8-1
[  20.1830]ARRIVE-1-6
[  20.1840]OPEN-1-6
[  20.1840]IN-48-7-4
[  20.1840]ARRIVE-5-5
[  20.1840]OPEN-5-5
[  20.1880]ARRIVE-2-2
[  20.3840]IN-3-1-6
[  20.3840]CLOSE-7-4
[  20.3840]IN-44-5-5
[  20.4720]ARRIVE-5-3
[  20.4720]OPEN-5-3
[  20.4880]ARRIVE-1-2
[  20.4880]OPEN-1-2
[  20.5660]RESET_ACCEPT-3-5-0.5
[  20.5840]CLOSE-1-6
[  20.5840]ARRIVE-6-4
[  20.5850]CLOSE-5-5
[  20.6670]RECEIVE-5-4
[  20.6720]OUT-24-5-3
[  20.6880]IN-43-1-2
[  20.6880]IN-67-1-2
[  20.7680]ARRIVE-9-1
[  20.7850]ARRIVE-5-4
[  20.8720]CLOSE-5-3
[  20.8720]RESET_BEGIN-3
[  20.8890]CLOSE-1-2
[  20.9840]ARRIVE-2-6
[  20.9850]OPEN-2-6
[  20.9850]ARRIVE-4-4
[  20.9850]ARRIVE-6-5
[  20.9850]OPEN-6-5
[  21.1850]OUT-3-2-6
[  21.1850]ARRIVE-3-4
[  21.1850]OPEN-3-4
[  21.1860]OUT-44-6-5
[  21.1890]ARRIVE-2-2
[  21.3680]ARRIVE-10-1
[  21.3850]CLOSE-2-6
[  21.3860]OUT-58-3-4
[  21.3860]IN-5-3-4
[  21.3860]CLOSE-6-5
[  21.4890]ARRIVE-3-2
[  21.4890]OPEN-3-2
[  21.5860]CLOSE-3-4
[  21.6900]OUT-43-3-2
[  21.7860]ARRIVE-2-4
[  21.8900]CLOSE-3-2
[  21.9690]ARRIVE-11-1
[  21.9690]OPEN-11-1
[  21.9870]ARRIVE-1-4
[  21.9870]OPEN-1-4
[  22.0680]RECEIVE-70-1
[  22.1150]RESET_END-3
[  22.1690]IN-64-11-1
[  22.1870]OUT-48-1-4
[  22.1870]OUT-5-1-4
[  22.1900]ARRIVE-4-2
[  22.3690]CLOSE-11-1
[  22.3870]CLOSE-1-4
[  22.4900]ARRIVE-5-2
[  22.7910]ARRIVE-6-2
[  22.7910]OPEN-6-2
[  22.9720]ARRIVE-10-1
[  22.9720]OPEN-10-1
[  22.9910]OUT-67-6-2
[  23.1720]OUT-64-10-1
[  23.1910]CLOSE-6-2
[  23.3720]CLOSE-10-1
[  23.3720]OPEN-10-1
[  23.5720]IN-70-10-1
[  23.7730]CLOSE-10-1
[  24.3780]ARRIVE-11-1
[  24.3780]OPEN-11-1
[  24.5670]RECEIVE-12-4
[  24.5780]OUT-70-11-1
[  24.7680]ARRIVE-2-4
[  24.7780]CLOSE-11-1
[  24.9690]ARRIVE-3-4
[  25.1690]ARRIVE-4-4
[  25.1690]OPEN-4-4
[  25.3690]RECEIVE-30-2
[  25.3690]IN-12-4-4
[  25.5700]CLOSE-4-4
[  25.6690]ARRIVE-7-2
[  25.7700]ARRIVE-5-4
[  25.9690]ARRIVE-8-2
[  25.9700]OPEN-8-2
[  25.9700]ARRIVE-6-4
[  26.1700]IN-30-8-2
[  26.1700]ARRIVE-7-4
[  26.3700]CLOSE-8-2
[  26.3710]ARRIVE-8-4
[  26.3710]OPEN-8-4
[  26.5710]OUT-12-8-4
[  26.6700]ARRIVE-7-2
[  26.7670]RECEIVE-21-4
[  26.7710]CLOSE-8-4
[  26.9710]ARRIVE-6-2
[  26.9710]ARRIVE-7-4
[  26.9720]OPEN-7-4
[  27.1720]IN-21-7-4
[  27.2710]ARRIVE-5-2
[  27.2720]OPEN-5-2
[  27.3720]CLOSE-7-4
[  27.4720]OUT-30-5-2
[  27.5720]ARRIVE-6-4
[  27.6720]CLOSE-5-2
[  27.7660]RESET_ACCEPT-6-7-0.3
[  27.7660]RESET_BEGIN-6
[  27.7730]ARRIVE-5-4
[  27.9730]ARRIVE-4-4
[  28.0660]RECEIVE-40-2
[  28.0680]RECEIVE-56-4
[  28.1730]ARRIVE-3-4
[  28.3670]ARRIVE-4-2
[  28.3740]ARRIVE-2-4
[  28.3740]OPEN-2-4
[  28.5740]OUT-21-2-4
[  28.6670]ARRIVE-3-2
[  28.6670]OPEN-3-2
[  28.7740]CLOSE-2-4
[  28.7740]OPEN-2-4
[  28.8670]IN-40-3-2
[  28.9660]RESET_END-6
[  28.9740]IN-56-2-4
[  29.0680]CLOSE-3-2
[  29.1750]CLOSE-2-4
[  29.3680]ARRIVE-4-2
[  29.3680]OPEN-4-2
[  29.3750]ARRIVE-3-4
[  29.4680]RECEIVE-25-2
[  29.5680]OUT-40-4-2
[  29.5750]ARRIVE-4-4
[  29.7680]CLOSE-4-2
[  29.7690]OPEN-4-2
[  29.7750]ARRIVE-5-4
[  29.9690]IN-25-4-2
[  29.9760]ARRIVE-6-4
[  30.1690]CLOSE-4-2
[  30.1760]ARRIVE-7-4
[  30.2670]RECEIVE-17-5
[  30.2680]OPEN-6-5
[  30.3760]ARRIVE-8-4
[  30.3760]OPEN-8-4
[  30.4670]RECEIVE-31-4
[  30.4680]IN-17-6-5
[  30.4690]ARRIVE-3-2
[  30.5760]OUT-56-8-4
[  30.6680]CLOSE-6-5
[  30.7690]ARRIVE-2-2
[  30.7770]CLOSE-8-4
[  30.9770]ARRIVE-9-4
[  31.0680]ARRIVE-7-5
[  31.0700]ARRIVE-1-2
[  31.0700]OPEN-1-2
[  31.1770]ARRIVE-10-4
[  31.1780]OPEN-10-4
[  31.2700]OUT-25-1-2
[  31.3780]IN-31-10-4
[  31.4690]ARRIVE-8-5
[  31.4690]OPEN-8-5
[  31.4700]CLOSE-1-2
[  31.5780]CLOSE-10-4
[  31.6690]OUT-17-8-5
[  31.7780]ARRIVE-9-4
[  31.8690]CLOSE-8-5
[  31.9790]ARRIVE-8-4
[  32.1680]RECEIVE-51-6
[  32.1790]ARRIVE-7-4
[  32.3790]ARRIVE-6-4
[  32.4690]ARRIVE-3-6
[  32.4690]OPEN-3-6
[  32.5790]ARRIVE-5-4
[  32.6690]IN-51-3-6
[  32.7800]ARRIVE-4-4
[  32.7800]OPEN-4-4
[  32.8660]RESET_ACCEPT-6-8-0.5
[  32.8690]CLOSE-3-6
[  32.8690]OPEN-3-6
[  32.9800]OUT-31-4-4
[  33.0700]OUT-51-3-6
[  33.0710]RECEIVE-51-6
[  33.1800]CLOSE-4-4
[  33.2700]CLOSE-3-6
[  33.2700]RESET_BEGIN-6
[  33.2720]RECEIVE-51-4
[  33.4720]ARRIVE-3-4
[  33.4720]OPEN-3-4
[  33.6670]RECEIVE-35-2
[  33.6680]OPEN-1-2
[  33.6720]IN-51-3-4
[  33.8680]IN-35-1-2
[  33.8720]CLOSE-3-4
[  34.0690]CLOSE-1-2
[  34.0730]ARRIVE-4-4
[  34.0730]OPEN-4-4
[  34.2730]OUT-51-4-4
[  34.3690]ARRIVE-2-2
[  34.4700]RESET_END-6
[  34.4730]CLOSE-4-4
[  34.5680]RECEIVE-29-4
[  34.6690]ARRIVE-3-2
[  34.7670]RECEIVE-18-5
[  34.7680]ARRIVE-5-4
[  34.9680]ARRIVE-6-4
[  34.9690]ARRIVE-4-2
[  35.1670]ARRIVE-7-5
[  35.1670]OPEN-7-5
[  35.1680]ARRIVE-7-4
[  35.1690]OPEN-7-4
[  35.2700]ARRIVE-5-2
[  35.3670]IN-18-7-5
[  35.3690]IN-29-7-4
[  35.5670]RECEIVE-42-5
[  35.5670]CLOSE-7-5
[  35.5680]OPEN-7-5
[  35.5690]CLOSE-7-4
[  35.5700]ARRIVE-6-2
[  35.5700]OPEN-6-2
[  35.7680]IN-42-7-5
[  35.7690]ARRIVE-6-4
[  35.7700]OUT-35-6-2
[  35.8680]RECEIVE-28-2
[  35.9680]CLOSE-7-5
[  35.9690]ARRIVE-5-4
[  35.9700]CLOSE-6-2
[  36.1700]ARRIVE-4-4
[  36.2710]ARRIVE-7-2
[  36.3680]ARRIVE-8-5
[  36.3680]OPEN-8-5
[  36.3700]ARRIVE-3-4
[  36.5690]OUT-18-8-5
[  36.5700]ARRIVE-2-4
[  36.5710]ARRIVE-8-2
[  36.7670]RECEIVE-16-2
[  36.7690]CLOSE-8-5
[  36.7700]ARRIVE-1-4
[  36.7700]OPEN-1-4
[  36.8710]ARRIVE-9-2
[  36.9710]OUT-29-1-4
[  37.1690]ARRIVE-9-5
[  37.1710]CLOSE-1-4
[  37.1710]ARRIVE-10-2
[  37.4710]ARRIVE-11-2
[  37.4720]OPEN-11-2
[  37.5690]ARRIVE-10-5
[  37.5690]OPEN-10-5
[  37.6720]IN-16-11-2
[  37.7700]OUT-42-10-5
[  37.8720]CLOSE-11-2
[  37.9660]RESET_ACCEPT-6-7-0.6
[  37.9660]RESET_BEGIN-6
[  37.9700]CLOSE-10-5
[  38.1720]ARRIVE-10-2
[  38.1720]OPEN-10-2
[  38.3720]IN-28-10-2
[  38.5670]RECEIVE-69-5
[  38.5730]CLOSE-10-2
[  38.8660]RECEIVE-61-4
[  38.8730]ARRIVE-9-2
[  38.9670]ARRIVE-11-5
[  38.9670]OPEN-11-5
[  39.0660]ARRIVE-2-4
[  39.1670]RESET_END-6
[  39.1670]IN-69-11-5
[  39.1730]ARRIVE-8-2
[  39.2670]RECEIVE-6-3
[  39.2670]ARRIVE-3-4
[  39.3670]CLOSE-11-5
[  39.4670]ARRIVE-4-4
[  39.4730]ARRIVE-7-2
[  39.6670]ARRIVE-5-4
[  39.7660]RECEIVE-39-1
[  39.7670]ARRIVE-6-3
[  39.7670]ARRIVE-10-5
[  39.7730]ARRIVE-6-2
[  39.8670]ARRIVE-6-4
[  40.0670]ARRIVE-7-4
[  40.0740]ARRIVE-5-2
[  40.1680]ARRIVE-9-5
[  40.1690]RECEIVE-19-3
[  40.2670]ARRIVE-7-3
[  40.2680]ARRIVE-8-4
[  40.3670]ARRIVE-10-1
[  40.3740]ARRIVE-4-2
[  40.4680]ARRIVE-9-4
[  40.5680]ARRIVE-8-5
[  40.5790]RECEIVE-63-6
[  40.5860]RECEIVE-7-2
[  40.6680]ARRIVE-10-4
[  40.6770]ARRIVE-3-2
[  40.7670]ARRIVE-8-3
[  40.7670]OPEN-8-3
[  40.8680]ARRIVE-11-4
[  40.8680]OPEN-11-4
[  40.9670]ARRIVE-9-1
[  40.9670]OPEN-9-1
[  40.9680]IN-6-8-3
[  40.9680]ARRIVE-7-5
[  40.9770]ARRIVE-2-2
[  41.0660]RECEIVE-47-4
[  41.0690]IN-61-11-4
[  41.1670]IN-39-9-1
[  41.1680]CLOSE-8-3
[  41.1790]ARRIVE-4-6
[  41.2690]CLOSE-11-4
[  41.2770]ARRIVE-1-2
[  41.2770]OPEN-1-2
[  41.3670]CLOSE-9-1
[  41.3680]ARRIVE-6-5
[  41.4690]ARRIVE-10-4
[  41.4770]OUT-16-1-2
[  41.4780]OUT-28-1-2
[  41.6680]ARRIVE-7-3
[  41.6680]OPEN-7-3
[  41.6690]ARRIVE-9-4
[  41.6780]CLOSE-1-2
[  41.7230]RECEIVE-60-1
[  41.7680]ARRIVE-5-5
[  41.7800]ARRIVE-5-6
[  41.7800]OPEN-5-6
[  41.8170]RECEIVE-4-4
[  41.8680]OUT-6-7-3
[  41.8690]ARRIVE-8-4
[  41.9210]RECEIVE-57-5
[  41.9680]ARRIVE-8-1
[  41.9680]OPEN-8-1
[  41.9780]ARRIVE-2-2
[  41.9800]IN-63-5-6
[  42.0680]CLOSE-7-3
[  42.0690]ARRIVE-7-4
[  42.1360]RECEIVE-11-4
[  42.1680]OUT-39-8-1
[  42.1680]ARRIVE-4-5
[  42.1690]OPEN-4-5
[  42.1800]CLOSE-5-6
[  42.2700]ARRIVE-6-4
[  42.2780]ARRIVE-3-2
[  42.3680]CLOSE-8-1
[  42.3680]OPEN-8-1
[  42.3690]OUT-69-4-5
[  42.4700]ARRIVE-5-4
[  42.5100]RECEIVE-59-1
[  42.5680]IN-60-8-1
[  42.5700]ARRIVE-6-3
[  42.5700]OPEN-6-3
[  42.5700]CLOSE-4-5
[  42.5780]ARRIVE-4-2
[  42.5780]OPEN-4-2
[  42.6700]ARRIVE-4-4
[  42.7690]CLOSE-8-1
[  42.7710]IN-19-6-3
[  42.7780]IN-7-4-2
[  42.7800]ARRIVE-6-6
[  42.8700]ARRIVE-3-4
[  42.8700]OPEN-3-4
[  42.9710]ARRIVE-5-5
[  42.9710]CLOSE-6-3
[  42.9790]CLOSE-4-2
[  43.0710]OUT-61-3-4
[  43.2710]CLOSE-3-4
[  43.2710]OPEN-3-4
[  43.2790]ARRIVE-3-2
[  43.3690]ARRIVE-9-1
[  43.3690]OPEN-9-1
[  43.3710]ARRIVE-6-5
[  43.3800]ARRIVE-7-6
[  43.3800]OPEN-7-6
[  43.4710]ARRIVE-7-3
[  43.4710]IN-47-3-4
[  43.4710]IN-11-3-4
[  43.5690]OUT-60-9-1
[  43.5790]ARRIVE-2-2
[  43.5800]OUT-63-7-6
[  43.6710]CLOSE-3-4
[  43.7690]CLOSE-9-1
[  43.7710]ARRIVE-7-5
[  43.7710]OPEN-7-5
[  43.7810]CLOSE-7-6
[  43.8710]ARRIVE-4-4
[  43.8790]ARRIVE-1-2
[  43.8790]OPEN-1-2
[  43.9710]IN-57-7-5
[  43.9710]ARRIVE-8-3
[  44.0720]ARRIVE-5-4
[  44.0800]OUT-7-1-2
[  44.1710]CLOSE-7-5
[  44.2720]ARRIVE-6-4
[  44.2720]OPEN-6-4
[  44.2800]CLOSE-1-2
[  44.3690]ARRIVE-10-1
[  44.4390]RECEIVE-34-3
[  44.4710]ARRIVE-9-3
[  44.4710]OPEN-9-3
[  44.4720]OUT-47-6-4
[  44.5720]ARRIVE-6-5
[  44.6720]OUT-19-9-3
[  44.6720]CLOSE-6-4
[  44.8720]CLOSE-9-3
[  44.8730]ARRIVE-7-4
[  44.9700]ARRIVE-11-1
[  44.9700]OPEN-11-1
[  44.9720]ARRIVE-5-5
[  45.0730]ARRIVE-8-4
[  45.1700]IN-59-11-1
[  45.2730]ARRIVE-9-4
[  45.2730]OPEN-9-4
[  45.3480]RECEIVE-38-2
[  45.3700]CLOSE-11-1
[  45.3720]ARRIVE-10-3
[  45.3720]OPEN-10-3
[  45.3730]ARRIVE-4-5
[  45.3730]OPEN-4-5
[  45.4730]OUT-11-9-4
[  45.5720]IN-34-10-3
[  45.5730]OUT-57-4-5
[  45.6480]ARRIVE-2-2
[  45.6480]OPEN-2-2
[  45.6730]CLOSE-9-4
[  45.6730]OPEN-9-4
[  45.7720]CLOSE-10-3
[  45.7730]CLOSE-4-5
[  45.8490]IN-38-2-2
[  45.8740]IN-4-9-4
[  45.9700]ARRIVE-10-1
[  46.0430]RECEIVE-65-4
[  46.0490]CLOSE-2-2
[  46.0740]CLOSE-9-4
[  46.1330]RECEIVE-50-5
[  46.2730]ARRIVE-9-3
[  46.2740]ARRIVE-8-4
[  46.3490]ARRIVE-3-2
[  46.3490]OPEN-3-2
[  46.4740]ARRIVE-7-4
[  46.5330]ARRIVE-5-5
[  46.5490]OUT-38-3-2
[  46.5710]ARRIVE-9-1
[  46.6740]ARRIVE-6-4
[  46.7490]CLOSE-3-2
[  46.7730]ARRIVE-8-3
[  46.8740]ARRIVE-5-4
[  46.8750]OPEN-5-4
[  46.9340]ARRIVE-6-5
[  46.9340]OPEN-6-5
[  47.0750]OUT-4-5-4
[  47.1340]IN-50-6-5
[  47.1710]ARRIVE-8-1
[  47.1710]OPEN-8-1
[  47.2730]ARRIVE-7-3
[  47.2750]CLOSE-5-4
[  47.3340]CLOSE-6-5
[  47.3710]OUT-59-8-1
[  47.4750]ARRIVE-6-4
[  47.4750]OPEN-6-4
[  47.5710]CLOSE-8-1
[  47.6400]RECEIVE-54-1
[  47.6750]IN-65-6-4
[  47.7340]ARRIVE-5-5
[  47.7730]ARRIVE-6-3
[  47.7730]OPEN-6-3
[  47.8750]CLOSE-6-4
[  47.9730]OUT-34-6-3
[  48.0760]ARRIVE-7-4
[  48.1340]ARRIVE-4-5
[  48.1740]CLOSE-6-3
[  48.2400]ARRIVE-9-1
[  48.2400]OPEN-9-1
[  48.2760]ARRIVE-8-4
[  48.4370]RECEIVE-10-4
[  48.4410]IN-54-9-1
[  48.4760]ARRIVE-9-4
[  48.5350]ARRIVE-3-5
[  48.6410]CLOSE-9-1
[  48.6760]ARRIVE-10-4
[  48.6760]OPEN-10-4
[  48.8760]OUT-65-10-4
[  48.9350]ARRIVE-2-5
[  49.0770]CLOSE-10-4
[  49.2410]ARRIVE-8-1
[  49.2410]OPEN-8-1
[  49.2770]ARRIVE-9-4
[  49.2770]OPEN-9-4
[  49.3350]ARRIVE-1-5
[  49.3350]OPEN-1-5
[  49.4410]OUT-54-8-1
[  49.4770]IN-10-9-4
[  49.5350]OUT-50-1-5
[  49.6410]CLOSE-8-1
[  49.6770]CLOSE-9-4
[  49.7360]CLOSE-1-5
[  49.8780]ARRIVE-8-4
[  50.0780]ARRIVE-7-4
[  50.0970]RECEIVE-15-2
[  50.2780]ARRIVE-6-4
[  50.3970]ARRIVE-2-2
[  50.4780]ARRIVE-5-4
[  50.4780]OPEN-5-4
[  50.6790]OUT-10-5-4
[  50.6970]ARRIVE-1-2
[  50.6970]OPEN-1-2
[  50.8790]CLOSE-5-4
[  50.8980]IN-15-1-2
[  51.0980]CLOSE-1-2
[  51.3980]ARRIVE-2-2
[  51.6980]ARRIVE-3-2
[  51.9980]ARRIVE-4-2
[  52.2990]ARRIVE-5-2
[  52.5990]ARRIVE-6-2
[  52.8990]ARRIVE-7-2
[  53.1990]ARRIVE-8-2
[  53.1990]OPEN-8-2
[  53.4000]OUT-15-8-2
[  53.6000]CLOSE-8-2
