[   1.0810]RECEIVE-59-1
[   1.4830]ARRIVE-2-1
[   1.8830]ARRIVE-3-1
[   1.8830]OPEN-3-1
[   2.0840]IN-59-3-1
[   2.2760]RECEIVE-4-2
[   2.2840]CLOSE-3-1
[   2.3830]RECEIVE-50-3
[   2.6760]ARRIVE-2-2
[   2.6850]ARRIVE-2-1
[   2.6850]OPEN-2-1
[   2.7840]ARRIVE-2-3
[   2.8750]RECEIVE-53-4
[   2.8750]OPEN-1-4
[   2.8850]OUT-59-2-1
[   3.0760]IN-53-1-4
[   3.0770]ARRIVE-3-2
[   3.0770]OPEN-3-2
[   3.0860]CLOSE-2-1
[   3.1740]RECEIVE-12-1
[   3.1750]OPEN-2-1
[   3.1840]ARRIVE-3-3
[   3.2740]RECEIVE-45-2
[   3.2760]CLOSE-1-4
[   3.2770]IN-4-3-2
[   3.3750]IN-12-2-1
[   3.4780]CLOSE-3-2
[   3.5750]CLOSE-2-1
[   3.5850]ARRIVE-4-3
[   3.6760]ARRIVE-2-4
[   3.8780]ARRIVE-4-2
[   3.8780]OPEN-4-2
[   3.9760]ARRIVE-3-1
[   3.9850]ARRIVE-5-3
[   4.0770]ARRIVE-3-4
[   4.0780]OUT-4-4-2
[   4.2790]CLOSE-4-2
[   4.3760]ARRIVE-4-1
[   4.3860]ARRIVE-6-3
[   4.4770]ARRIVE-4-4
[   4.6790]ARRIVE-5-2
[   4.7770]ARRIVE-5-1
[   4.7990]ARRIVE-7-3
[   4.7990]RECEIVE-62-1
[   4.8780]ARRIVE-5-4
[   5.0800]ARRIVE-6-2
[   5.1770]ARRIVE-6-1
[   5.1990]ARRIVE-8-3
[   5.2780]ARRIVE-6-4
[   5.4800]ARRIVE-7-2
[   5.5770]ARRIVE-7-1
[   5.5780]OPEN-7-1
[   5.6000]ARRIVE-9-3
[   5.6780]ARRIVE-7-4
[   5.7750]RECEIVE-27-3
[   5.7780]OUT-12-7-1
[   5.8810]ARRIVE-8-2
[   5.8810]OPEN-8-2
[   5.9780]CLOSE-7-1
[   5.9790]OPEN-7-1
[   6.0010]ARRIVE-10-3
[   6.0020]OPEN-10-3
[   6.0790]ARRIVE-8-4
[   6.0810]IN-45-8-2
[   6.1790]IN-62-7-1
[   6.2020]IN-50-10-3
[   6.2820]CLOSE-8-2
[   6.3790]CLOSE-7-1
[   6.4020]CLOSE-10-3
[   6.4790]ARRIVE-9-4
[   6.6760]RECEIVE-63-5
[   6.6770]OPEN-1-5
[   6.6780]RECEIVE-29-6
[   6.6820]ARRIVE-9-2
[   6.7800]ARRIVE-6-1
[   6.7800]OPEN-6-1
[   6.8030]ARRIVE-9-3
[   6.8030]OPEN-9-3
[   6.8770]IN-63-1-5
[   6.8800]ARRIVE-10-4
[   6.9800]OUT-62-6-1
[   7.0030]IN-27-9-3
[   7.0770]CLOSE-1-5
[   7.0790]ARRIVE-2-6
[   7.0830]ARRIVE-10-2
[   7.1810]CLOSE-6-1
[   7.2040]CLOSE-9-3
[   7.2800]ARRIVE-11-4
[   7.2810]OPEN-11-4
[   7.4770]RECEIVE-44-1
[   7.4780]ARRIVE-2-5
[   7.4780]OPEN-2-5
[   7.4790]ARRIVE-3-6
[   7.4800]OPEN-6-1
[   7.4810]OUT-53-11-4
[   7.4830]ARRIVE-11-2
[   7.4830]OPEN-11-2
[   7.6040]ARRIVE-8-3
[   7.6780]OUT-63-2-5
[   7.6800]IN-44-6-1
[   7.6820]CLOSE-11-4
[   7.6830]OUT-45-11-2
[   7.8780]CLOSE-2-5
[   7.8790]ARRIVE-4-6
[   7.8800]OPEN-4-6
[   7.8810]CLOSE-6-1
[   7.8840]CLOSE-11-2
[   8.0050]ARRIVE-7-3
[   8.0800]IN-29-4-6
[   8.2800]CLOSE-4-6
[   8.2810]ARRIVE-7-1
[   8.2810]OPEN-7-1
[   8.4050]ARRIVE-6-3
[   8.4820]OUT-44-7-1
[   8.6810]ARRIVE-5-6
[   8.6820]CLOSE-7-1
[   8.8050]ARRIVE-5-3
[   8.9750]RECEIVE-2-5
[   9.0810]ARRIVE-6-6
[   9.2060]ARRIVE-4-3
[   9.2060]OPEN-4-3
[   9.2740]RECEIVE-43-3
[   9.3760]ARRIVE-3-5
[   9.4060]OUT-50-4-3
[   9.4810]ARRIVE-7-6
[   9.5740]RECEIVE-3-1
[   9.6060]CLOSE-4-3
[   9.6790]RECEIVE-36-5
[   9.7740]RECEIVE-32-2
[   9.7760]ARRIVE-4-5
[   9.7760]OPEN-4-5
[   9.8820]ARRIVE-8-6
[   9.9740]RECEIVE-41-4
[   9.9740]ARRIVE-8-1
[   9.9760]IN-2-4-5
[  10.0070]ARRIVE-3-3
[  10.0070]OPEN-3-3
[  10.1740]ARRIVE-10-2
[  10.1770]CLOSE-4-5
[  10.2070]OUT-27-3-3
[  10.2820]ARRIVE-9-6
[  10.2820]OPEN-9-6
[  10.3740]RECEIVE-22-3
[  10.3740]ARRIVE-10-4
[  10.3750]OPEN-10-4
[  10.3750]ARRIVE-9-1
[  10.3750]OPEN-9-1
[  10.4080]CLOSE-3-3
[  10.4820]OUT-29-9-6
[  10.5750]ARRIVE-9-2
[  10.5750]IN-41-10-4
[  10.5750]IN-3-9-1
[  10.5770]ARRIVE-5-5
[  10.6830]CLOSE-9-6
[  10.7740]RECEIVE-60-5
[  10.7750]CLOSE-10-4
[  10.7750]CLOSE-9-1
[  10.8080]ARRIVE-2-3
[  10.9750]ARRIVE-8-2
[  10.9750]OPEN-8-2
[  10.9770]ARRIVE-6-5
[  10.9770]OPEN-6-5
[  11.0740]RECEIVE-25-3
[  11.1750]ARRIVE-9-4
[  11.1760]ARRIVE-10-1
[  11.1760]OPEN-10-1
[  11.1760]IN-32-8-2
[  11.1770]OUT-2-6-5
[  11.1780]IN-36-6-5
[  11.2080]ARRIVE-1-3
[  11.2090]OPEN-1-3
[  11.3760]OUT-3-10-1
[  11.3760]CLOSE-8-2
[  11.3780]CLOSE-6-5
[  11.4090]IN-43-1-3
[  11.5760]ARRIVE-8-4
[  11.5760]CLOSE-10-1
[  11.6090]CLOSE-1-3
[  11.6750]RECEIVE-20-3
[  11.7760]ARRIVE-7-2
[  11.7770]OPEN-7-2
[  11.7780]ARRIVE-7-5
[  11.7780]OPEN-7-5
[  11.9760]ARRIVE-7-4
[  11.9770]OUT-32-7-2
[  11.9780]OUT-36-7-5
[  12.0090]ARRIVE-2-3
[  12.0100]OPEN-2-3
[  12.1770]CLOSE-7-2
[  12.1790]CLOSE-7-5
[  12.2100]OUT-43-2-3
[  12.2100]IN-22-2-3
[  12.2100]IN-25-2-3
[  12.3770]ARRIVE-6-4
[  12.4100]CLOSE-2-3
[  12.5760]RECEIVE-39-2
[  12.5790]ARRIVE-6-5
[  12.7770]ARRIVE-5-4
[  12.7770]OPEN-5-4
[  12.8110]ARRIVE-3-3
[  12.9760]ARRIVE-6-2
[  12.9770]OUT-41-5-4
[  12.9790]ARRIVE-5-5
[  12.9790]OPEN-5-5
[  13.0740]RECEIVE-23-4
[  13.1780]CLOSE-5-4
[  13.1790]IN-60-5-5
[  13.2110]ARRIVE-4-3
[  13.3770]ARRIVE-5-2
[  13.3800]CLOSE-5-5
[  13.5780]ARRIVE-6-4
[  13.5780]OPEN-6-4
[  13.6110]ARRIVE-5-3
[  13.7770]ARRIVE-4-2
[  13.7770]OPEN-4-2
[  13.7780]IN-23-6-4
[  13.7800]ARRIVE-6-5
[  13.9770]IN-39-4-2
[  13.9790]CLOSE-6-4
[  14.0120]ARRIVE-6-3
[  14.1780]CLOSE-4-2
[  14.1800]ARRIVE-7-5
[  14.3790]ARRIVE-5-4
[  14.3790]OPEN-5-4
[  14.4120]ARRIVE-7-3
[  14.5790]ARRIVE-5-2
[  14.5790]OUT-23-5-4
[  14.5810]ARRIVE-8-5
[  14.7800]CLOSE-5-4
[  14.8120]ARRIVE-8-3
[  14.8130]OPEN-8-3
[  14.9790]ARRIVE-6-2
[  14.9810]ARRIVE-9-5
[  15.0130]OUT-22-8-3
[  15.0130]OUT-25-8-3
[  15.2130]CLOSE-8-3
[  15.3800]ARRIVE-7-2
[  15.3800]OPEN-7-2
[  15.3810]ARRIVE-10-5
[  15.3810]OPEN-10-5
[  15.5800]OUT-39-7-2
[  15.5810]OUT-60-10-5
[  15.6140]ARRIVE-7-3
[  15.7810]CLOSE-7-2
[  15.7820]CLOSE-10-5
[  15.9750]RESET_ACCEPT-5-8-0.6
[  15.9760]RESET_BEGIN-5
[  16.0140]ARRIVE-6-3
[  16.0740]RECEIVE-61-2
[  16.0740]OPEN-7-2
[  16.2740]IN-61-7-2
[  16.4140]ARRIVE-5-3
[  16.4750]CLOSE-7-2
[  16.8150]ARRIVE-4-3
[  16.8750]ARRIVE-6-2
[  17.1760]RESET_END-5
[  17.2150]ARRIVE-3-3
[  17.2760]ARRIVE-5-2
[  17.2760]OPEN-5-2
[  17.3750]RECEIVE-15-6
[  17.3750]OPEN-9-6
[  17.4760]OUT-61-5-2
[  17.5740]RECEIVE-68-1
[  17.5750]IN-15-9-6
[  17.5750]RECEIVE-28-4
[  17.6160]ARRIVE-2-3
[  17.6740]RECEIVE-64-5
[  17.6770]CLOSE-5-2
[  17.7750]CLOSE-9-6
[  17.9740]ARRIVE-9-1
[  17.9740]RECEIVE-9-2
[  17.9760]ARRIVE-6-4
[  18.0160]ARRIVE-1-3
[  18.0160]OPEN-1-3
[  18.1750]RECEIVE-37-2
[  18.1750]ARRIVE-10-6
[  18.1760]OPEN-10-6
[  18.2160]IN-20-1-3
[  18.2740]ARRIVE-9-5
[  18.2740]OPEN-9-5
[  18.3740]ARRIVE-8-1
[  18.3750]OPEN-8-1
[  18.3750]ARRIVE-4-2
[  18.3760]OUT-15-10-6
[  18.3760]ARRIVE-7-4
[  18.4170]CLOSE-1-3
[  18.4750]IN-64-9-5
[  18.5750]IN-68-8-1
[  18.5760]CLOSE-10-6
[  18.6750]CLOSE-9-5
[  18.7750]ARRIVE-3-2
[  18.7750]OPEN-3-2
[  18.7750]CLOSE-8-1
[  18.7760]ARRIVE-8-4
[  18.7760]OPEN-8-4
[  18.8170]ARRIVE-2-3
[  18.9750]IN-9-3-2
[  18.9760]IN-37-3-2
[  18.9770]IN-28-8-4
[  19.1750]ARRIVE-7-1
[  19.1760]CLOSE-3-2
[  19.1770]CLOSE-8-4
[  19.2170]ARRIVE-3-3
[  19.2750]ARRIVE-8-5
[  19.5760]ARRIVE-6-1
[  19.5760]ARRIVE-4-2
[  19.5770]ARRIVE-7-4
[  19.6180]ARRIVE-4-3
[  19.6750]RECEIVE-1-4
[  19.8750]RECEIVE-70-6
[  19.8760]ARRIVE-7-5
[  19.9760]ARRIVE-5-1
[  19.9760]ARRIVE-5-2
[  19.9770]ARRIVE-6-4
[  20.0180]ARRIVE-5-3
[  20.2750]ARRIVE-9-6
[  20.3760]ARRIVE-4-1
[  20.3770]ARRIVE-6-2
[  20.3770]ARRIVE-5-4
[  20.3780]OPEN-5-4
[  20.4180]ARRIVE-6-3
[  20.4190]OPEN-6-3
[  20.4760]ARRIVE-6-5
[  20.4760]OPEN-6-5
[  20.5780]OUT-28-5-4
[  20.6190]OUT-20-6-3
[  20.6750]ARRIVE-8-6
[  20.6760]OUT-64-6-5
[  20.7770]ARRIVE-3-1
[  20.7770]ARRIVE-7-2
[  20.7780]CLOSE-5-4
[  20.8190]CLOSE-6-3
[  20.8740]RECEIVE-38-2
[  20.8770]CLOSE-6-5
[  21.0720]RESET_ACCEPT-5-4-0.2
[  21.0730]RESET_BEGIN-5
[  21.0760]ARRIVE-7-6
[  21.0760]OPEN-7-6
[  21.1770]ARRIVE-2-1
[  21.1770]ARRIVE-8-2
[  21.1780]ARRIVE-4-4
[  21.2760]IN-70-7-6
[  21.4760]CLOSE-7-6
[  21.5770]ARRIVE-1-1
[  21.5780]ARRIVE-9-2
[  21.5780]OPEN-1-1
[  21.5790]ARRIVE-3-4
[  21.5790]OPEN-3-4
[  21.6730]RESET_ACCEPT-4-5-0.3
[  21.7780]OUT-68-1-1
[  21.7830]IN-1-3-4
[  21.8770]ARRIVE-6-6
[  21.9780]ARRIVE-10-2
[  21.9780]OPEN-10-2
[  21.9780]CLOSE-1-1
[  21.9840]CLOSE-3-4
[  21.9840]OPEN-3-4
[  22.1780]OUT-9-10-2
[  22.1780]OUT-37-10-2
[  22.1840]OUT-1-3-4
[  22.1850]RECEIVE-1-4
[  22.2730]RESET_END-5
[  22.2770]ARRIVE-5-6
[  22.2770]OPEN-5-6
[  22.3790]CLOSE-10-2
[  22.3840]CLOSE-3-4
[  22.3840]RESET_BEGIN-4
[  22.3860]RECEIVE-1-5
[  22.4770]OUT-70-5-6
[  22.5860]ARRIVE-5-5
[  22.6770]CLOSE-5-6
[  22.7790]ARRIVE-11-2
[  22.7790]OPEN-11-2
[  22.7860]ARRIVE-4-5
[  22.9790]IN-38-11-2
[  22.9870]ARRIVE-3-5
[  22.9870]OPEN-3-5
[  23.1800]CLOSE-11-2
[  23.1870]IN-1-3-5
[  23.3870]CLOSE-3-5
[  23.5800]ARRIVE-10-2
[  23.5850]RESET_END-4
[  23.5880]ARRIVE-4-5
[  23.7880]ARRIVE-5-5
[  23.9740]RECEIVE-21-4
[  23.9800]ARRIVE-9-2
[  23.9880]ARRIVE-6-5
[  23.9890]OPEN-6-5
[  24.1890]OUT-1-6-5
[  24.2750]ARRIVE-2-4
[  24.2750]OPEN-2-4
[  24.2800]RECEIVE-6-5
[  24.3810]ARRIVE-8-2
[  24.3890]CLOSE-6-5
[  24.4750]IN-21-2-4
[  24.5890]ARRIVE-7-5
[  24.6750]CLOSE-2-4
[  24.7810]ARRIVE-7-2
[  24.7810]OPEN-7-2
[  24.7900]ARRIVE-8-5
[  24.7900]OPEN-8-5
[  24.9750]ARRIVE-1-4
[  24.9760]OPEN-1-4
[  24.9810]OUT-38-7-2
[  24.9900]IN-6-8-5
[  25.1760]OUT-21-1-4
[  25.1810]CLOSE-7-2
[  25.1900]CLOSE-8-5
[  25.3760]CLOSE-1-4
[  25.3900]ARRIVE-7-5
[  25.5910]ARRIVE-6-5
[  25.7740]RECEIVE-26-5
[  25.7910]ARRIVE-5-5
[  25.9910]ARRIVE-4-5
[  26.1910]ARRIVE-3-5
[  26.1920]OPEN-3-5
[  26.3740]RECEIVE-54-4
[  26.3920]OUT-6-3-5
[  26.5920]CLOSE-3-5
[  26.6740]RECEIVE-17-1
[  26.6740]OPEN-1-1
[  26.6750]ARRIVE-2-4
[  26.7920]ARRIVE-4-5
[  26.8740]IN-17-1-1
[  26.9750]ARRIVE-3-4
[  26.9750]OPEN-3-4
[  26.9930]ARRIVE-5-5
[  27.0750]CLOSE-1-1
[  27.1750]IN-54-3-4
[  27.1930]ARRIVE-6-5
[  27.3760]CLOSE-3-4
[  27.3930]ARRIVE-7-5
[  27.4750]ARRIVE-2-1
[  27.5760]RECEIVE-19-5
[  27.5780]RECEIVE-48-4
[  27.5930]ARRIVE-8-5
[  27.6760]ARRIVE-4-4
[  27.7940]ARRIVE-9-5
[  27.8750]ARRIVE-3-1
[  27.9760]ARRIVE-5-4
[  27.9940]ARRIVE-10-5
[  28.1940]ARRIVE-11-5
[  28.1940]OPEN-11-5
[  28.2760]ARRIVE-4-1
[  28.2760]OPEN-4-1
[  28.2760]ARRIVE-6-4
[  28.3950]IN-26-11-5
[  28.4760]OUT-17-4-1
[  28.5770]ARRIVE-7-4
[  28.5950]CLOSE-11-5
[  28.6760]CLOSE-4-1
[  28.7950]ARRIVE-10-5
[  28.7950]OPEN-10-5
[  28.8770]ARRIVE-8-4
[  28.9950]IN-19-10-5
[  29.1750]RECEIVE-40-3
[  29.1760]OPEN-6-3
[  29.1770]ARRIVE-9-4
[  29.1770]OPEN-9-4
[  29.1960]CLOSE-10-5
[  29.3760]IN-40-6-3
[  29.3770]OUT-54-9-4
[  29.3960]ARRIVE-9-5
[  29.5770]CLOSE-6-3
[  29.5780]CLOSE-9-4
[  29.5960]ARRIVE-8-5
[  29.7960]ARRIVE-7-5
[  29.8780]ARRIVE-8-4
[  29.9780]ARRIVE-5-3
[  29.9780]RECEIVE-11-5
[  29.9970]ARRIVE-6-5
[  29.9970]OPEN-6-5
[  30.1740]RECEIVE-5-6
[  30.1740]OPEN-5-6
[  30.1780]ARRIVE-7-4
[  30.1970]IN-11-6-5
[  30.3750]IN-5-5-6
[  30.3780]ARRIVE-4-3
[  30.3780]OPEN-4-3
[  30.3970]CLOSE-6-5
[  30.4810]ARRIVE-6-4
[  30.5750]CLOSE-5-6
[  30.5790]OUT-40-4-3
[  30.5980]ARRIVE-5-5
[  30.6370]RECEIVE-7-2
[  30.7790]CLOSE-4-3
[  30.7810]ARRIVE-5-4
[  30.7980]ARRIVE-4-5
[  30.7980]OPEN-4-5
[  30.9760]ARRIVE-6-6
[  30.9980]OUT-26-4-5
[  30.9980]OUT-19-4-5
[  31.0380]ARRIVE-6-2
[  31.0380]OPEN-6-2
[  31.0820]ARRIVE-4-4
[  31.1990]CLOSE-4-5
[  31.2380]IN-7-6-2
[  31.3780]ARRIVE-7-6
[  31.3820]ARRIVE-3-4
[  31.3820]OPEN-3-4
[  31.3990]ARRIVE-3-5
[  31.4390]CLOSE-6-2
[  31.5830]IN-48-3-4
[  31.6000]ARRIVE-2-5
[  31.6000]OPEN-2-5
[  31.7780]ARRIVE-8-6
[  31.7830]CLOSE-3-4
[  31.8000]OUT-11-2-5
[  31.8390]ARRIVE-7-2
[  32.0000]CLOSE-2-5
[  32.0750]RECEIVE-67-5
[  32.0830]ARRIVE-4-4
[  32.1790]ARRIVE-9-6
[  32.2390]ARRIVE-8-2
[  32.2390]OPEN-8-2
[  32.2750]ARRIVE-3-5
[  32.3830]ARRIVE-5-4
[  32.4400]OUT-7-8-2
[  32.4750]ARRIVE-4-5
[  32.5790]ARRIVE-10-6
[  32.5790]OPEN-10-6
[  32.6400]CLOSE-8-2
[  32.6760]ARRIVE-5-5
[  32.6760]OPEN-5-5
[  32.6840]ARRIVE-6-4
[  32.7790]OUT-5-10-6
[  32.8760]IN-67-5-5
[  32.9800]CLOSE-10-6
[  32.9840]ARRIVE-7-4
[  32.9840]OPEN-7-4
[  33.0760]CLOSE-5-5
[  33.1840]OUT-48-7-4
[  33.2770]ARRIVE-6-5
[  33.3840]CLOSE-7-4
[  33.4770]ARRIVE-7-5
[  33.6770]ARRIVE-8-5
[  33.8770]ARRIVE-9-5
[  34.0780]ARRIVE-10-5
[  34.2780]ARRIVE-11-5
[  34.2780]OPEN-11-5
[  34.3750]RECEIVE-18-4
[  34.4780]OUT-67-11-5
[  34.6750]ARRIVE-6-4
[  34.6750]OPEN-6-4
[  34.6780]CLOSE-11-5
[  34.8740]RECEIVE-65-2
[  34.8750]IN-18-6-4
[  35.0760]CLOSE-6-4
[  35.2740]ARRIVE-7-2
[  35.2740]OPEN-7-2
[  35.3760]ARRIVE-5-4
[  35.4730]RESET_ACCEPT-6-6-0.5
[  35.4730]RESET_BEGIN-6
[  35.4740]IN-65-7-2
[  35.6750]CLOSE-7-2
[  35.6760]ARRIVE-4-4
[  35.6760]OPEN-4-4
[  35.7730]RECEIVE-10-4
[  35.8740]RECEIVE-8-1
[  35.8760]OUT-18-4-4
[  36.0750]ARRIVE-6-2
[  36.0770]CLOSE-4-4
[  36.2740]ARRIVE-3-1
[  36.3770]ARRIVE-3-4
[  36.3770]OPEN-3-4
[  36.4750]ARRIVE-5-2
[  36.4750]OPEN-5-2
[  36.5770]IN-10-3-4
[  36.6730]RESET_END-6
[  36.6740]ARRIVE-2-1
[  36.6740]OPEN-2-1
[  36.6750]OUT-65-5-2
[  36.7770]CLOSE-3-4
[  36.8750]IN-8-2-1
[  36.8750]CLOSE-5-2
[  36.8760]RECEIVE-66-5
[  37.0750]CLOSE-2-1
[  37.0770]ARRIVE-10-5
[  37.0770]OPEN-10-5
[  37.0780]ARRIVE-4-4
[  37.2770]IN-66-10-5
[  37.3780]ARRIVE-5-4
[  37.4750]ARRIVE-3-1
[  37.4750]OPEN-3-1
[  37.4770]CLOSE-10-5
[  37.6750]OUT-8-3-1
[  37.6770]ARRIVE-9-5
[  37.6780]ARRIVE-6-4
[  37.8760]CLOSE-3-1
[  37.8770]ARRIVE-8-5
[  37.9780]ARRIVE-7-4
[  38.0780]ARRIVE-7-5
[  38.2780]ARRIVE-6-5
[  38.2780]OPEN-6-5
[  38.2780]ARRIVE-8-4
[  38.3730]RESET_ACCEPT-2-3-0.6
[  38.3730]RESET_BEGIN-2
[  38.4780]OUT-66-6-5
[  38.5790]ARRIVE-9-4
[  38.6780]CLOSE-6-5
[  38.8730]RESET_ACCEPT-3-7-0.2
[  38.8730]RESET_BEGIN-3
[  38.8790]ARRIVE-10-4
[  39.1730]RECEIVE-33-5
[  39.1730]OPEN-6-5
[  39.1790]ARRIVE-11-4
[  39.1790]OPEN-11-4
[  39.3740]IN-33-6-5
[  39.3790]OUT-10-11-4
[  39.5730]RESET_END-2
[  39.5740]CLOSE-6-5
[  39.5790]CLOSE-11-4
[  39.7740]RECEIVE-13-4
[  39.7740]ARRIVE-7-5
[  39.7750]RECEIVE-47-4
[  39.9740]RECEIVE-69-5
[  39.9740]ARRIVE-8-5
[  39.9750]RECEIVE-16-2
[  39.9750]OPEN-5-2
[  40.0730]RESET_END-3
[  40.0740]ARRIVE-10-4
[  40.1740]ARRIVE-9-5
[  40.1760]IN-16-5-2
[  40.3740]ARRIVE-9-4
[  40.3750]ARRIVE-10-5
[  40.3760]CLOSE-5-2
[  40.5750]ARRIVE-11-5
[  40.5750]OPEN-11-5
[  40.6750]ARRIVE-8-4
[  40.6750]OPEN-8-4
[  40.7750]OUT-33-11-5
[  40.8750]IN-13-8-4
[  40.8750]IN-47-8-4
[  40.9750]CLOSE-11-5
[  40.9760]ARRIVE-6-2
[  40.9760]OPEN-6-2
[  41.0750]CLOSE-8-4
[  41.1760]ARRIVE-10-5
[  41.1760]OUT-16-6-2
[  41.3750]ARRIVE-9-4
[  41.3760]OPEN-9-4
[  41.3760]ARRIVE-9-5
[  41.3760]CLOSE-6-2
[  41.5760]OUT-13-9-4
[  41.5760]OUT-47-9-4
[  41.5760]ARRIVE-8-5
[  41.5760]OPEN-8-5
[  41.7760]CLOSE-9-4
[  41.7760]IN-69-8-5
[  41.9760]CLOSE-8-5
[  42.0740]RECEIVE-55-4
[  42.0740]OPEN-9-4
[  42.1770]ARRIVE-7-5
[  42.2740]IN-55-9-4
[  42.3770]ARRIVE-6-5
[  42.4750]CLOSE-9-4
[  42.5770]ARRIVE-5-5
[  42.7750]ARRIVE-8-4
[  42.7770]ARRIVE-4-5
[  42.9740]RECEIVE-46-3
[  42.9770]ARRIVE-3-5
[  43.0750]ARRIVE-7-4
[  43.1740]ARRIVE-3-3
[  43.1780]ARRIVE-2-5
[  43.3740]ARRIVE-2-3
[  43.3750]OPEN-2-3
[  43.3750]ARRIVE-6-4
[  43.3780]ARRIVE-1-5
[  43.3780]OPEN-1-5
[  43.5750]IN-46-2-3
[  43.5780]OUT-69-1-5
[  43.6740]RECEIVE-35-4
[  43.6750]ARRIVE-5-4
[  43.7750]CLOSE-2-3
[  43.7780]CLOSE-1-5
[  43.9750]ARRIVE-3-3
[  43.9750]OPEN-3-3
[  43.9760]ARRIVE-4-4
[  44.1760]OUT-46-3-3
[  44.2760]ARRIVE-3-4
[  44.3760]CLOSE-3-3
[  44.5730]RESET_ACCEPT-6-6-0.6
[  44.5740]RESET_BEGIN-6
[  44.5760]ARRIVE-2-4
[  44.5760]OPEN-2-4
[  44.7760]OUT-55-2-4
[  44.9760]CLOSE-2-4
[  45.2770]ARRIVE-3-4
[  45.5750]RECEIVE-57-3
[  45.5770]ARRIVE-4-4
[  45.5840]RECEIVE-24-5
[  45.5850]RECEIVE-14-5
[  45.7740]RESET_END-6
[  45.7750]ARRIVE-4-3
[  45.7840]ARRIVE-2-5
[  45.8770]ARRIVE-5-4
[  45.9750]ARRIVE-5-3
[  45.9850]ARRIVE-3-5
[  46.1750]ARRIVE-6-3
[  46.1770]ARRIVE-6-4
[  46.1780]OPEN-6-4
[  46.1850]ARRIVE-4-5
[  46.1850]OPEN-4-5
[  46.3760]ARRIVE-7-3
[  46.3780]IN-35-6-4
[  46.3850]IN-24-4-5
[  46.5760]ARRIVE-8-3
[  46.5780]CLOSE-6-4
[  46.5850]CLOSE-4-5
[  46.7760]ARRIVE-9-3
[  46.7860]ARRIVE-5-5
[  46.8780]ARRIVE-5-4
[  46.9760]ARRIVE-10-3
[  46.9770]OPEN-10-3
[  46.9860]ARRIVE-6-5
[  47.1770]IN-57-10-3
[  47.1780]ARRIVE-4-4
[  47.1860]ARRIVE-7-5
[  47.1860]OPEN-7-5
[  47.3770]CLOSE-10-3
[  47.3860]OUT-24-7-5
[  47.4780]ARRIVE-3-4
[  47.4780]OPEN-3-4
[  47.5770]ARRIVE-9-3
[  47.5860]CLOSE-7-5
[  47.6750]RECEIVE-34-6
[  47.6750]OPEN-10-6
[  47.6790]OUT-35-3-4
[  47.7770]ARRIVE-8-3
[  47.7870]ARRIVE-8-5
[  47.8760]IN-34-10-6
[  47.8790]CLOSE-3-4
[  47.9780]ARRIVE-7-3
[  47.9870]ARRIVE-9-5
[  47.9870]OPEN-9-5
[  48.0760]CLOSE-10-6
[  48.1780]ARRIVE-6-3
[  48.1870]IN-14-9-5
[  48.3780]ARRIVE-5-3
[  48.3870]CLOSE-9-5
[  48.5790]ARRIVE-4-3
[  48.5880]ARRIVE-8-5
[  48.6760]ARRIVE-9-6
[  48.7790]ARRIVE-3-3
[  48.7790]OPEN-3-3
[  48.7880]ARRIVE-7-5
[  48.7880]OPEN-7-5
[  48.9790]OUT-57-3-3
[  48.9880]OUT-14-7-5
[  49.1790]CLOSE-3-3
[  49.1880]CLOSE-7-5
[  49.2760]ARRIVE-8-6
[  49.2760]OPEN-8-6
[  49.4770]OUT-34-8-6
[  49.6740]RESET_ACCEPT-6-8-0.3
[  49.6770]CLOSE-8-6
[  49.6770]RESET_BEGIN-6
[  50.8770]RESET_END-6
