[   1.3900]RECEIVE-48-1
[   1.7920]ARRIVE-2-1
[   2.1920]ARRIVE-3-1
[   2.3830]RESET_ACCEPT-3-6-0.6
[   2.3830]RESET_BEGIN-3
[   2.5930]ARRIVE-4-1
[   2.9930]ARRIVE-5-1
[   3.0830]RECEIVE-31-2
[   3.3840]RECEIVE-40-4
[   3.3930]ARRIVE-6-1
[   3.4840]ARRIVE-2-2
[   3.5830]RESET_END-3
[   3.7840]ARRIVE-2-4
[   3.7940]ARRIVE-7-1
[   3.8840]ARRIVE-3-2
[   3.9840]RECEIVE-41-5
[   4.1850]ARRIVE-3-4
[   4.1850]OPEN-3-4
[   4.1940]ARRIVE-8-1
[   4.2850]ARRIVE-4-2
[   4.3840]RECEIVE-11-1
[   4.3840]ARRIVE-2-5
[   4.3850]IN-40-3-4
[   4.4830]RECEIVE-46-6
[   4.5850]CLOSE-3-4
[   4.5960]ARRIVE-9-1
[   4.6850]ARRIVE-5-2
[   4.7830]RECEIVE-65-5
[   4.7850]ARRIVE-3-5
[   4.8860]ARRIVE-2-6
[   4.9860]ARRIVE-4-4
[   4.9970]ARRIVE-10-1
[   5.0850]ARRIVE-6-2
[   5.0860]OPEN-6-2
[   5.1850]ARRIVE-4-5
[   5.1850]OPEN-4-5
[   5.2860]IN-31-6-2
[   5.2860]ARRIVE-3-6
[   5.3850]IN-41-4-5
[   5.3860]ARRIVE-5-4
[   5.3970]ARRIVE-11-1
[   5.3970]OPEN-11-1
[   5.4860]CLOSE-6-2
[   5.5860]CLOSE-4-5
[   5.5970]IN-48-11-1
[   5.6860]ARRIVE-4-6
[   5.7860]ARRIVE-6-4
[   5.7980]CLOSE-11-1
[   5.8870]ARRIVE-7-2
[   5.9860]ARRIVE-5-5
[   6.0870]ARRIVE-5-6
[   6.0870]OPEN-5-6
[   6.1880]ARRIVE-7-4
[   6.1880]OPEN-7-4
[   6.1980]ARRIVE-10-1
[   6.2870]ARRIVE-8-2
[   6.2870]IN-46-5-6
[   6.3860]ARRIVE-6-5
[   6.3870]OPEN-6-5
[   6.3880]OUT-40-7-4
[   6.4880]CLOSE-5-6
[   6.5870]OUT-41-6-5
[   6.5880]CLOSE-7-4
[   6.5980]ARRIVE-9-1
[   6.6870]ARRIVE-9-2
[   6.7870]CLOSE-6-5
[   6.8880]ARRIVE-4-6
[   6.9990]ARRIVE-8-1
[   6.9990]OPEN-8-1
[   7.0880]ARRIVE-10-2
[   7.1880]ARRIVE-5-5
[   7.1990]OUT-48-8-1
[   7.2000]IN-11-8-1
[   7.2860]RECEIVE-5-4
[   7.2880]ARRIVE-3-6
[   7.4000]CLOSE-8-1
[   7.4880]ARRIVE-11-2
[   7.4880]OPEN-11-2
[   7.5830]RECEIVE-53-2
[   7.5880]ARRIVE-4-5
[   7.6870]ARRIVE-8-4
[   7.6890]OUT-31-11-2
[   7.6890]ARRIVE-2-6
[   7.6890]OPEN-2-6
[   7.8000]ARRIVE-7-1
[   7.8890]CLOSE-11-2
[   7.8890]OUT-46-2-6
[   7.9880]ARRIVE-3-5
[   8.0870]ARRIVE-9-4
[   8.0870]OPEN-9-4
[   8.0890]CLOSE-2-6
[   8.2000]ARRIVE-6-1
[   8.2870]IN-5-9-4
[   8.2890]ARRIVE-10-2
[   8.3890]ARRIVE-2-5
[   8.3890]OPEN-2-5
[   8.4830]RESET_ACCEPT-6-7-0.3
[   8.4830]RESET_BEGIN-6
[   8.4880]CLOSE-9-4
[   8.5890]IN-65-2-5
[   8.6010]ARRIVE-5-1
[   8.6890]ARRIVE-9-2
[   8.6900]OPEN-9-2
[   8.7900]CLOSE-2-5
[   8.8880]ARRIVE-8-4
[   8.8880]OPEN-8-4
[   8.8900]IN-53-9-2
[   9.0010]ARRIVE-4-1
[   9.0880]OUT-5-8-4
[   9.0900]CLOSE-9-2
[   9.1900]ARRIVE-3-5
[   9.2890]CLOSE-8-4
[   9.4010]ARRIVE-3-1
[   9.4900]ARRIVE-8-2
[   9.5900]ARRIVE-4-5
[   9.6830]RESET_END-6
[   9.8020]ARRIVE-2-1
[   9.8910]ARRIVE-7-2
[   9.9910]ARRIVE-5-5
[  10.2020]ARRIVE-1-1
[  10.2020]OPEN-1-1
[  10.2910]ARRIVE-6-2
[  10.3910]ARRIVE-6-5
[  10.4030]OUT-11-1-1
[  10.6030]CLOSE-1-1
[  10.6910]ARRIVE-5-2
[  10.6920]OPEN-5-2
[  10.7910]ARRIVE-7-5
[  10.8920]OUT-53-5-2
[  11.0920]CLOSE-5-2
[  11.1920]ARRIVE-8-5
[  11.5920]ARRIVE-9-5
[  11.5920]OPEN-9-5
[  11.7920]OUT-65-9-5
[  11.9930]CLOSE-9-5
[  12.1570]RECEIVE-49-5
[  12.1570]OPEN-9-5
[  12.3570]IN-49-9-5
[  12.3850]RECEIVE-15-4
[  12.3850]OPEN-8-4
[  12.5570]CLOSE-9-5
[  12.5850]IN-15-8-4
[  12.7860]CLOSE-8-4
[  12.8880]RECEIVE-8-6
[  12.9580]ARRIVE-8-5
[  13.1860]ARRIVE-9-4
[  13.1890]ARRIVE-3-6
[  13.2690]RECEIVE-57-2
[  13.3580]ARRIVE-7-5
[  13.3920]RECEIVE-39-4
[  13.4890]ARRIVE-4-6
[  13.5860]ARRIVE-10-4
[  13.6690]ARRIVE-6-2
[  13.7580]ARRIVE-6-5
[  13.7890]ARRIVE-5-6
[  13.9870]ARRIVE-11-4
[  13.9870]OPEN-11-4
[  14.0700]ARRIVE-7-2
[  14.0890]ARRIVE-6-6
[  14.1590]ARRIVE-5-5
[  14.1590]OPEN-5-5
[  14.1870]OUT-15-11-4
[  14.3590]OUT-49-5-5
[  14.3870]CLOSE-11-4
[  14.3900]ARRIVE-7-6
[  14.4700]ARRIVE-8-2
[  14.5590]CLOSE-5-5
[  14.6900]ARRIVE-8-6
[  14.7880]ARRIVE-10-4
[  14.8700]ARRIVE-9-2
[  14.8700]OPEN-9-2
[  14.9900]ARRIVE-9-6
[  15.0710]IN-57-9-2
[  15.0840]RECEIVE-64-5
[  15.1880]ARRIVE-9-4
[  15.1880]OPEN-9-4
[  15.2710]CLOSE-9-2
[  15.2910]ARRIVE-10-6
[  15.2910]OPEN-10-6
[  15.3880]IN-39-9-4
[  15.4840]ARRIVE-4-5
[  15.4840]OPEN-4-5
[  15.4910]IN-8-10-6
[  15.5890]CLOSE-9-4
[  15.6710]ARRIVE-8-2
[  15.6850]IN-64-4-5
[  15.6910]CLOSE-10-6
[  15.8850]CLOSE-4-5
[  15.8860]RECEIVE-55-1
[  15.9890]ARRIVE-10-4
[  15.9890]OPEN-10-4
[  15.9910]ARRIVE-9-6
[  16.0720]ARRIVE-7-2
[  16.1890]OUT-39-10-4
[  16.2850]ARRIVE-5-5
[  16.2860]ARRIVE-2-1
[  16.2920]ARRIVE-8-6
[  16.3900]CLOSE-10-4
[  16.4720]ARRIVE-6-2
[  16.4720]OPEN-6-2
[  16.5920]ARRIVE-7-6
[  16.6720]OUT-57-6-2
[  16.6850]ARRIVE-6-5
[  16.6870]ARRIVE-3-1
[  16.6870]OPEN-3-1
[  16.8730]CLOSE-6-2
[  16.8870]IN-55-3-1
[  16.8930]ARRIVE-6-6
[  17.0860]ARRIVE-7-5
[  17.0860]OPEN-7-5
[  17.0870]CLOSE-3-1
[  17.1850]RECEIVE-12-1
[  17.1940]ARRIVE-5-6
[  17.2860]OUT-64-7-5
[  17.4860]CLOSE-7-5
[  17.4880]ARRIVE-2-1
[  17.4940]ARRIVE-4-6
[  17.7940]ARRIVE-3-6
[  17.8880]ARRIVE-1-1
[  17.8880]OPEN-1-1
[  18.0880]OUT-55-1-1
[  18.0950]ARRIVE-2-6
[  18.2880]CLOSE-1-1
[  18.2890]OPEN-1-1
[  18.3950]ARRIVE-1-6
[  18.3950]OPEN-1-6
[  18.4910]IN-12-1-1
[  18.5950]OUT-8-1-6
[  18.6910]CLOSE-1-1
[  18.7960]CLOSE-1-6
[  18.9360]RECEIVE-16-5
[  19.0910]ARRIVE-2-1
[  19.2570]RECEIVE-43-6
[  19.3370]ARRIVE-8-5
[  19.3370]OPEN-8-5
[  19.4910]ARRIVE-3-1
[  19.5370]IN-16-8-5
[  19.5580]ARRIVE-2-6
[  19.7380]CLOSE-8-5
[  19.8590]ARRIVE-3-6
[  19.8920]ARRIVE-4-1
[  20.1380]ARRIVE-7-5
[  20.1590]ARRIVE-4-6
[  20.1590]OPEN-4-6
[  20.2920]ARRIVE-5-1
[  20.3590]IN-43-4-6
[  20.4840]RECEIVE-59-6
[  20.5380]ARRIVE-6-5
[  20.5600]CLOSE-4-6
[  20.6920]ARRIVE-6-1
[  20.8600]ARRIVE-3-6
[  20.8600]OPEN-3-6
[  20.9390]ARRIVE-5-5
[  21.0600]IN-59-3-6
[  21.0930]ARRIVE-7-1
[  21.0930]OPEN-7-1
[  21.2610]CLOSE-3-6
[  21.2930]OUT-12-7-1
[  21.3390]ARRIVE-4-5
[  21.3390]OPEN-4-5
[  21.3850]RECEIVE-36-1
[  21.4930]CLOSE-7-1
[  21.4940]OPEN-7-1
[  21.5400]OUT-16-4-5
[  21.5610]ARRIVE-2-6
[  21.6940]IN-36-7-1
[  21.7400]CLOSE-4-5
[  21.8610]ARRIVE-1-6
[  21.8620]OPEN-1-6
[  21.8940]CLOSE-7-1
[  22.0620]OUT-43-1-6
[  22.0620]OUT-59-1-6
[  22.2620]CLOSE-1-6
[  22.2940]ARRIVE-8-1
[  22.3850]RESET_ACCEPT-3-7-0.4
[  22.3850]RESET_BEGIN-3
[  22.4950]RECEIVE-28-2
[  22.4950]OPEN-6-2
[  22.6950]ARRIVE-9-1
[  22.6960]IN-28-6-2
[  22.8100]RECEIVE-9-6
[  22.8960]CLOSE-6-2
[  23.0950]ARRIVE-10-1
[  23.0950]OPEN-10-1
[  23.1100]ARRIVE-2-6
[  23.2960]OUT-36-10-1
[  23.2960]ARRIVE-7-2
[  23.2960]OPEN-7-2
[  23.3820]RESET_ACCEPT-5-6-0.3
[  23.3820]RESET_BEGIN-5
[  23.4110]ARRIVE-3-6
[  23.4110]OPEN-3-6
[  23.4960]CLOSE-10-1
[  23.4960]OUT-28-7-2
[  23.5850]RESET_END-3
[  23.6110]IN-9-3-6
[  23.6970]CLOSE-7-2
[  23.8110]CLOSE-3-6
[  23.9860]RECEIVE-20-3
[  24.1120]ARRIVE-4-6
[  24.3860]ARRIVE-2-3
[  24.4120]ARRIVE-5-6
[  24.5820]RESET_END-5
[  24.7120]ARRIVE-6-6
[  24.7860]ARRIVE-3-3
[  24.7860]OPEN-3-3
[  24.9860]IN-20-3-3
[  25.0120]ARRIVE-7-6
[  25.1870]CLOSE-3-3
[  25.3130]ARRIVE-8-6
[  25.5870]ARRIVE-2-3
[  25.6130]ARRIVE-9-6
[  25.9130]ARRIVE-10-6
[  25.9130]OPEN-10-6
[  25.9870]ARRIVE-1-3
[  25.9880]OPEN-1-3
[  26.1140]OUT-9-10-6
[  26.1880]OUT-20-1-3
[  26.3140]CLOSE-10-6
[  26.3880]CLOSE-1-3
[  26.4850]RECEIVE-19-5
[  26.5820]RESET_ACCEPT-4-4-0.5
[  26.5820]RESET_BEGIN-4
[  26.6830]RECEIVE-23-6
[  26.6830]OPEN-10-6
[  26.7850]ARRIVE-3-5
[  26.7860]OPEN-3-5
[  26.8830]IN-23-10-6
[  26.9860]IN-19-3-5
[  27.0840]CLOSE-10-6
[  27.1860]CLOSE-3-5
[  27.3840]ARRIVE-9-6
[  27.4860]ARRIVE-4-5
[  27.5150]RECEIVE-35-5
[  27.5830]RECEIVE-37-1
[  27.5830]OPEN-10-1
[  27.6840]ARRIVE-8-6
[  27.7820]RESET_END-4
[  27.7830]IN-37-10-1
[  27.7860]ARRIVE-5-5
[  27.8830]RECEIVE-44-2
[  27.9840]CLOSE-10-1
[  27.9840]ARRIVE-7-6
[  28.0840]RECEIVE-60-4
[  28.0870]ARRIVE-6-5
[  28.2840]ARRIVE-6-2
[  28.2850]ARRIVE-6-6
[  28.2850]OPEN-6-6
[  28.3870]ARRIVE-7-5
[  28.3880]ARRIVE-9-1
[  28.4850]OUT-23-6-6
[  28.5840]ARRIVE-11-4
[  28.5840]OPEN-11-4
[  28.6840]ARRIVE-5-2
[  28.6850]CLOSE-6-6
[  28.6870]ARRIVE-8-5
[  28.7840]IN-60-11-4
[  28.7880]ARRIVE-8-1
[  28.9840]CLOSE-11-4
[  28.9870]ARRIVE-9-5
[  29.0840]ARRIVE-4-2
[  29.0840]OPEN-4-2
[  29.1890]ARRIVE-7-1
[  29.1890]OPEN-7-1
[  29.2840]RECEIVE-25-6
[  29.2840]IN-44-4-2
[  29.2840]OPEN-6-6
[  29.2870]ARRIVE-10-5
[  29.2870]OPEN-10-5
[  29.3890]OUT-37-7-1
[  29.4850]CLOSE-4-2
[  29.4850]IN-25-6-6
[  29.4850]ARRIVE-10-4
[  29.4850]OPEN-10-4
[  29.4880]OUT-19-10-5
[  29.5890]CLOSE-7-1
[  29.6850]CLOSE-6-6
[  29.6860]OUT-60-10-4
[  29.6880]CLOSE-10-5
[  29.8850]ARRIVE-3-2
[  29.8860]CLOSE-10-4
[  29.9860]ARRIVE-5-6
[  29.9880]ARRIVE-9-5
[  30.2850]ARRIVE-2-2
[  30.2860]ARRIVE-4-6
[  30.2880]ARRIVE-8-5
[  30.5860]ARRIVE-3-6
[  30.5880]ARRIVE-7-5
[  30.6840]RECEIVE-42-4
[  30.6850]OPEN-10-4
[  30.6850]ARRIVE-1-2
[  30.6850]OPEN-1-2
[  30.8830]RECEIVE-32-1
[  30.8840]OPEN-7-1
[  30.8850]IN-42-10-4
[  30.8860]OUT-44-1-2
[  30.8860]ARRIVE-2-6
[  30.8870]OPEN-2-6
[  30.8890]ARRIVE-6-5
[  31.0840]IN-32-7-1
[  31.0850]CLOSE-10-4
[  31.0860]CLOSE-1-2
[  31.0870]OUT-25-2-6
[  31.1890]ARRIVE-5-5
[  31.2840]CLOSE-7-1
[  31.2870]CLOSE-2-6
[  31.4890]ARRIVE-4-5
[  31.4890]OPEN-4-5
[  31.5850]ARRIVE-9-4
[  31.6820]RESET_ACCEPT-4-5-0.5
[  31.6840]ARRIVE-6-1
[  31.6890]IN-35-4-5
[  31.8890]CLOSE-4-5
[  32.0840]ARRIVE-5-1
[  32.0850]OPEN-5-1
[  32.0850]ARRIVE-8-4
[  32.0850]OPEN-8-4
[  32.1900]ARRIVE-5-5
[  32.2850]OUT-32-5-1
[  32.2860]OUT-42-8-4
[  32.2870]RECEIVE-42-4
[  32.4850]CLOSE-5-1
[  32.4860]CLOSE-8-4
[  32.4860]RESET_BEGIN-4
[  32.4870]RECEIVE-42-1
[  32.4900]ARRIVE-6-5
[  32.7900]ARRIVE-7-5
[  32.8870]ARRIVE-6-1
[  32.9840]RECEIVE-63-2
[  32.9840]OPEN-1-2
[  33.0900]ARRIVE-8-5
[  33.1840]IN-63-1-2
[  33.2880]ARRIVE-7-1
[  33.3850]CLOSE-1-2
[  33.3910]ARRIVE-9-5
[  33.3910]OPEN-9-5
[  33.5910]OUT-35-9-5
[  33.6860]RESET_END-4
[  33.6880]ARRIVE-8-1
[  33.6880]OPEN-8-1
[  33.7850]ARRIVE-2-2
[  33.7850]OPEN-2-2
[  33.7910]CLOSE-9-5
[  33.8880]IN-42-8-1
[  33.9850]OUT-63-2-2
[  34.0840]RECEIVE-13-5
[  34.0880]CLOSE-8-1
[  34.1850]CLOSE-2-2
[  34.3840]ARRIVE-8-5
[  34.4880]ARRIVE-7-1
[  34.6850]ARRIVE-7-5
[  34.6850]OPEN-7-5
[  34.8850]IN-13-7-5
[  34.8890]ARRIVE-6-1
[  35.0850]CLOSE-7-5
[  35.1840]RECEIVE-33-6
[  35.1840]OPEN-2-6
[  35.2830]RECEIVE-66-6
[  35.2890]ARRIVE-5-1
[  35.3840]IN-33-2-6
[  35.3840]IN-66-2-6
[  35.3850]ARRIVE-6-5
[  35.5840]CLOSE-2-6
[  35.6850]ARRIVE-5-5
[  35.6890]ARRIVE-4-1
[  35.8850]ARRIVE-3-6
[  35.9860]ARRIVE-4-5
[  36.0890]ARRIVE-3-1
[  36.1850]ARRIVE-4-6
[  36.2840]RECEIVE-70-6
[  36.2860]ARRIVE-3-5
[  36.2860]OPEN-3-5
[  36.4850]ARRIVE-5-6
[  36.4860]OUT-13-3-5
[  36.4890]ARRIVE-2-1
[  36.4890]OPEN-2-1
[  36.6830]RECEIVE-38-5
[  36.6860]CLOSE-3-5
[  36.6900]OUT-42-2-1
[  36.7850]ARRIVE-6-6
[  36.8900]CLOSE-2-1
[  36.9860]ARRIVE-4-5
[  37.0860]ARRIVE-7-6
[  37.2870]ARRIVE-5-5
[  37.3860]ARRIVE-8-6
[  37.5870]ARRIVE-6-5
[  37.5870]OPEN-6-5
[  37.6860]ARRIVE-9-6
[  37.6860]OPEN-9-6
[  37.7870]IN-38-6-5
[  37.8860]OUT-33-9-6
[  37.8860]OUT-66-9-6
[  37.9870]CLOSE-6-5
[  38.0870]CLOSE-9-6
[  38.2880]ARRIVE-5-5
[  38.3870]ARRIVE-8-6
[  38.5880]ARRIVE-4-5
[  38.6870]ARRIVE-7-6
[  38.8850]RECEIVE-27-1
[  38.8880]ARRIVE-3-5
[  38.9870]ARRIVE-6-6
[  39.1880]ARRIVE-2-5
[  39.1880]OPEN-2-5
[  39.2850]ARRIVE-3-1
[  39.2870]ARRIVE-5-6
[  39.3890]OUT-38-2-5
[  39.5880]ARRIVE-4-6
[  39.5880]OPEN-4-6
[  39.5890]CLOSE-2-5
[  39.6860]ARRIVE-4-1
[  39.7880]IN-70-4-6
[  39.8830]RECEIVE-3-5
[  39.8830]OPEN-2-5
[  39.9880]CLOSE-4-6
[  40.0840]IN-3-2-5
[  40.0860]ARRIVE-5-1
[  40.0860]OPEN-5-1
[  40.2840]CLOSE-2-5
[  40.2860]IN-27-5-1
[  40.2880]ARRIVE-5-6
[  40.4860]CLOSE-5-1
[  40.5870]ARRIVE-1-5
[  40.5870]OPEN-1-5
[  40.5890]ARRIVE-6-6
[  40.6820]RESET_ACCEPT-3-6-0.3
[  40.6820]RESET_BEGIN-3
[  40.7870]OUT-3-1-5
[  40.8870]ARRIVE-6-1
[  40.8890]ARRIVE-7-6
[  40.9870]CLOSE-1-5
[  41.1890]ARRIVE-8-6
[  41.2870]ARRIVE-7-1
[  41.4890]ARRIVE-9-6
[  41.6870]ARRIVE-8-1
[  41.6870]OPEN-8-1
[  41.7830]RECEIVE-17-2
[  41.7890]ARRIVE-10-6
[  41.7890]OPEN-10-6
[  41.8820]RESET_END-3
[  41.8870]OUT-27-8-1
[  41.9890]OUT-70-10-6
[  42.0860]RECEIVE-6-3
[  42.0870]CLOSE-8-1
[  42.1820]RESET_ACCEPT-2-3-0.2
[  42.1830]ARRIVE-3-2
[  42.1830]RESET_BEGIN-2
[  42.1900]CLOSE-10-6
[  42.1910]RECEIVE-17-5
[  42.3870]ARRIVE-2-3
[  42.3910]RECEIVE-4-6
[  42.4830]RECEIVE-56-1
[  42.4830]OPEN-8-1
[  42.4910]ARRIVE-2-5
[  42.6830]RECEIVE-10-4
[  42.6830]IN-56-8-1
[  42.6870]ARRIVE-3-3
[  42.6870]OPEN-3-3
[  42.6910]ARRIVE-9-6
[  42.6910]OPEN-9-6
[  42.7910]ARRIVE-3-5
[  42.7910]OPEN-3-5
[  42.8830]CLOSE-8-1
[  42.8870]IN-6-3-3
[  42.8910]IN-4-9-6
[  42.9910]IN-17-3-5
[  43.0830]RECEIVE-26-5
[  43.0870]CLOSE-3-3
[  43.0920]CLOSE-9-6
[  43.1830]ARRIVE-7-4
[  43.1830]OPEN-7-4
[  43.1910]CLOSE-3-5
[  43.2830]ARRIVE-9-1
[  43.3830]IN-10-7-4
[  43.3830]RESET_END-2
[  43.3870]ARRIVE-4-3
[  43.3920]ARRIVE-10-6
[  43.4910]ARRIVE-4-5
[  43.5830]CLOSE-7-4
[  43.6830]RECEIVE-52-2
[  43.6830]ARRIVE-10-1
[  43.6830]OPEN-10-1
[  43.6870]ARRIVE-5-3
[  43.6920]ARRIVE-11-6
[  43.6920]OPEN-11-6
[  43.7920]ARRIVE-5-5
[  43.7920]OPEN-5-5
[  43.8830]ARRIVE-4-2
[  43.8840]OUT-56-10-1
[  43.8920]OUT-4-11-6
[  43.9870]ARRIVE-6-3
[  43.9920]OUT-17-5-5
[  44.0830]ARRIVE-5-2
[  44.0840]ARRIVE-8-4
[  44.0840]CLOSE-10-1
[  44.0920]CLOSE-11-6
[  44.1920]CLOSE-5-5
[  44.2830]ARRIVE-6-2
[  44.2830]OPEN-6-2
[  44.2880]ARRIVE-7-3
[  44.4840]IN-52-6-2
[  44.4920]ARRIVE-4-5
[  44.4920]OPEN-4-5
[  44.5840]ARRIVE-9-4
[  44.5850]OPEN-9-4
[  44.5880]ARRIVE-8-3
[  44.6840]CLOSE-6-2
[  44.6920]IN-26-4-5
[  44.7850]OUT-10-9-4
[  44.8840]ARRIVE-5-2
[  44.8880]ARRIVE-9-3
[  44.8930]CLOSE-4-5
[  44.9850]CLOSE-9-4
[  45.0830]RESET_ACCEPT-5-5-0.4
[  45.0840]ARRIVE-4-2
[  45.1880]ARRIVE-10-3
[  45.1880]OPEN-10-3
[  45.1930]ARRIVE-3-5
[  45.1930]OPEN-3-5
[  45.2840]RECEIVE-54-2
[  45.2840]ARRIVE-3-2
[  45.2840]OPEN-3-2
[  45.3880]OUT-6-10-3
[  45.3950]OUT-26-3-5
[  45.3970]RECEIVE-26-5
[  45.4850]OUT-52-3-2
[  45.4900]RECEIVE-2-2
[  45.5890]CLOSE-10-3
[  45.5960]CLOSE-3-5
[  45.5960]RESET_BEGIN-5
[  45.5970]RECEIVE-26-3
[  45.6850]CLOSE-3-2
[  45.7820]RESET_ACCEPT-3-5-0.4
[  45.8850]ARRIVE-2-2
[  45.8850]OPEN-2-2
[  45.8970]ARRIVE-9-3
[  45.8970]RESET_BEGIN-3
[  45.8980]RECEIVE-26-6
[  45.9920]RECEIVE-69-6
[  46.0850]IN-2-2-2
[  46.1980]ARRIVE-10-6
[  46.2850]CLOSE-2-2
[  46.3920]RECEIVE-68-1
[  46.4860]ARRIVE-3-2
[  46.4980]ARRIVE-9-6
[  46.6860]ARRIVE-4-2
[  46.6860]OPEN-4-2
[  46.7930]ARRIVE-9-1
[  46.7960]RESET_END-5
[  46.7990]ARRIVE-8-6
[  46.8860]IN-54-4-2
[  47.0860]CLOSE-4-2
[  47.0970]RESET_END-3
[  47.0990]ARRIVE-7-6
[  47.1150]RECEIVE-24-3
[  47.1860]RECEIVE-61-5
[  47.2000]ARRIVE-8-1
[  47.2820]RESET_ACCEPT-2-5-0.2
[  47.2860]ARRIVE-5-2
[  47.2870]OPEN-5-2
[  47.3990]ARRIVE-6-6
[  47.4870]OUT-54-5-2
[  47.4870]OUT-2-5-2
[  47.4880]RECEIVE-54-2
[  47.4900]RECEIVE-2-2
[  47.5150]ARRIVE-8-3
[  47.5860]ARRIVE-2-5
[  47.5860]OPEN-2-5
[  47.6000]ARRIVE-7-1
[  47.6820]RESET_ACCEPT-6-8-0.2
[  47.6830]RECEIVE-34-2
[  47.6870]CLOSE-5-2
[  47.6870]RESET_BEGIN-2
[  47.6910]RECEIVE-54-5
[  47.6920]RECEIVE-2-5
[  47.6930]RECEIVE-34-4
[  47.6990]ARRIVE-5-6
[  47.6990]RESET_BEGIN-6
[  47.7000]RECEIVE-26-3
[  47.7010]RECEIVE-69-5
[  47.7860]IN-61-2-5
[  47.9150]ARRIVE-7-3
[  47.9150]OPEN-7-3
[  47.9870]CLOSE-2-5
[  48.0000]ARRIVE-6-1
[  48.1150]IN-24-7-3
[  48.1930]ARRIVE-8-4
[  48.2830]RECEIVE-51-1
[  48.3150]CLOSE-7-3
[  48.3870]ARRIVE-3-5
[  48.4000]ARRIVE-5-1
[  48.4820]RECEIVE-29-5
[  48.6930]ARRIVE-7-4
[  48.7160]ARRIVE-6-3
[  48.7870]ARRIVE-4-5
[  48.8000]ARRIVE-4-1
[  48.8870]RESET_END-2
[  48.8990]RESET_END-6
[  49.1160]ARRIVE-5-3
[  49.1870]ARRIVE-5-5
[  49.1870]OPEN-5-5
[  49.1940]ARRIVE-6-4
[  49.2010]ARRIVE-3-1
[  49.3880]IN-54-5-5
[  49.3880]IN-2-5-5
[  49.5160]ARRIVE-4-3
[  49.5160]OPEN-4-3
[  49.5880]CLOSE-5-5
[  49.6010]ARRIVE-2-1
[  49.6940]ARRIVE-5-4
[  49.6940]OPEN-5-4
[  49.7160]OUT-24-4-3
[  49.8940]IN-34-5-4
[  49.9160]CLOSE-4-3
[  49.9880]ARRIVE-6-5
[  49.9880]OPEN-6-5
[  50.0010]ARRIVE-1-1
[  50.0010]OPEN-1-1
[  50.0940]CLOSE-5-4
[  50.1880]OUT-61-6-5
[  50.1890]OUT-54-6-5
[  50.2010]IN-68-1-1
[  50.3170]ARRIVE-3-3
[  50.3170]OPEN-3-3
[  50.3890]CLOSE-6-5
[  50.4010]CLOSE-1-1
[  50.5170]IN-26-3-3
[  50.5940]ARRIVE-6-4
[  50.7170]CLOSE-3-3
[  50.7890]ARRIVE-7-5
[  50.8020]ARRIVE-2-1
[  50.8020]OPEN-2-1
[  51.0020]IN-51-2-1
[  51.0940]ARRIVE-7-4
[  51.1170]ARRIVE-2-3
[  51.1890]ARRIVE-8-5
[  51.2020]CLOSE-2-1
[  51.5180]ARRIVE-1-3
[  51.5180]OPEN-1-3
[  51.5890]ARRIVE-9-5
[  51.5950]ARRIVE-8-4
[  51.6020]ARRIVE-3-1
[  51.7180]OUT-26-1-3
[  51.9180]CLOSE-1-3
[  51.9890]ARRIVE-10-5
[  52.0020]ARRIVE-4-1
[  52.0030]OPEN-4-1
[  52.0950]ARRIVE-9-4
[  52.2030]OUT-68-4-1
[  52.3900]ARRIVE-11-5
[  52.3900]OPEN-11-5
[  52.4030]CLOSE-4-1
[  52.5900]OUT-2-11-5
[  52.5950]ARRIVE-10-4
[  52.5950]OPEN-10-4
[  52.7900]CLOSE-11-5
[  52.7900]OPEN-11-5
[  52.7950]OUT-34-10-4
[  52.8030]ARRIVE-5-1
[  52.8030]OPEN-5-1
[  52.9900]IN-69-11-5
[  52.9900]IN-29-11-5
[  52.9950]CLOSE-10-4
[  53.0030]OUT-51-5-1
[  53.1900]CLOSE-11-5
[  53.2040]CLOSE-5-1
[  53.5910]ARRIVE-10-5
[  53.9910]ARRIVE-9-5
[  54.3910]ARRIVE-8-5
[  54.7910]ARRIVE-7-5
[  55.1920]ARRIVE-6-5
[  55.5920]ARRIVE-5-5
[  55.9920]ARRIVE-4-5
[  56.3920]ARRIVE-3-5
[  56.7920]ARRIVE-2-5
[  56.7920]OPEN-2-5
[  56.9930]OUT-69-2-5
[  56.9930]OUT-29-2-5
[  57.1930]CLOSE-2-5
