[   3.3930]RECEIVE-54-1
[   3.7930]ARRIVE-2-1
[   4.1850]RECEIVE-39-1
[   4.1930]ARRIVE-3-1
[   4.5940]ARRIVE-4-1
[   4.8870]RECEIVE-8-2
[   4.8890]RECEIVE-70-2
[   4.9940]ARRIVE-5-1
[   5.2880]ARRIVE-2-2
[   5.3950]ARRIVE-6-1
[   5.6880]ARRIVE-3-2
[   5.7950]ARRIVE-7-1
[   6.0890]ARRIVE-4-2
[   6.1950]ARRIVE-8-1
[   6.1960]OPEN-8-1
[   6.3960]IN-54-8-1
[   6.4890]ARRIVE-5-2
[   6.5970]CLOSE-8-1
[   6.7860]RECEIVE-43-3
[   6.7860]OPEN-1-3
[   6.8890]ARRIVE-6-2
[   6.8900]OPEN-6-2
[   6.9850]RECEIVE-6-1
[   6.9860]IN-43-1-3
[   6.9970]ARRIVE-9-1
[   6.9980]OPEN-9-1
[   7.0900]IN-8-6-2
[   7.0910]IN-70-6-2
[   7.1840]RECEIVE-3-1
[   7.1870]CLOSE-1-3
[   7.1980]IN-6-9-1
[   7.2910]CLOSE-6-2
[   7.3980]CLOSE-9-1
[   7.4840]RESET_ACCEPT-5-3-0.4
[   7.5870]ARRIVE-2-3
[   7.5870]OPEN-2-3
[   7.6910]ARRIVE-5-2
[   7.7880]OUT-43-2-3
[   7.7990]ARRIVE-10-1
[   7.7990]OPEN-10-1
[   7.9870]RECEIVE-10-1
[   7.9880]CLOSE-2-3
[   8.0000]OUT-54-10-1
[   8.0000]IN-39-10-1
[   8.0920]ARRIVE-4-2
[   8.0920]OPEN-4-2
[   8.2000]CLOSE-10-1
[   8.2870]RECEIVE-20-2
[   8.2920]OUT-8-4-2
[   8.2920]OUT-70-4-2
[   8.4930]CLOSE-4-2
[   8.6000]ARRIVE-11-1
[   8.6010]OPEN-11-1
[   8.8010]OUT-6-11-1
[   8.8010]OUT-39-11-1
[   8.8930]ARRIVE-5-2
[   9.0010]CLOSE-11-1
[   9.0020]OPEN-11-1
[   9.2020]IN-3-11-1
[   9.2930]ARRIVE-6-2
[   9.4020]CLOSE-11-1
[   9.4860]RECEIVE-34-3
[   9.6940]ARRIVE-7-2
[   9.8030]ARRIVE-10-1
[   9.8860]ARRIVE-3-3
[  10.0940]ARRIVE-8-2
[  10.2030]ARRIVE-9-1
[  10.2040]OPEN-9-1
[  10.2850]RECEIVE-61-2
[  10.2860]ARRIVE-4-3
[  10.4040]IN-10-9-1
[  10.4950]ARRIVE-9-2
[  10.4950]OPEN-9-2
[  10.6040]CLOSE-9-1
[  10.6870]ARRIVE-5-3
[  10.6950]IN-20-9-2
[  10.8960]CLOSE-9-2
[  11.0040]ARRIVE-8-1
[  11.0870]ARRIVE-6-3
[  11.1860]RECEIVE-55-4
[  11.2960]ARRIVE-10-2
[  11.4050]ARRIVE-7-1
[  11.4050]OPEN-7-1
[  11.4870]ARRIVE-7-3
[  11.5860]ARRIVE-2-4
[  11.5860]OPEN-2-4
[  11.6050]OUT-3-7-1
[  11.6960]ARRIVE-11-2
[  11.6970]OPEN-11-2
[  11.7870]IN-55-2-4
[  11.8060]CLOSE-7-1
[  11.8880]ARRIVE-8-3
[  11.8880]OPEN-8-3
[  11.8970]OUT-20-11-2
[  11.9870]CLOSE-2-4
[  12.0880]IN-34-8-3
[  12.0970]CLOSE-11-2
[  12.0980]OPEN-11-2
[  12.2060]ARRIVE-6-1
[  12.2890]CLOSE-8-3
[  12.2980]IN-61-11-2
[  12.3870]ARRIVE-3-4
[  12.4980]CLOSE-11-2
[  12.6060]ARRIVE-5-1
[  12.6890]ARRIVE-7-3
[  12.7850]RECEIVE-24-4
[  12.7880]ARRIVE-4-4
[  12.8990]ARRIVE-10-2
[  12.9840]RECEIVE-57-4
[  13.0070]ARRIVE-4-1
[  13.0890]ARRIVE-6-3
[  13.1850]RECEIVE-44-5
[  13.1850]RESET_BEGIN-5
[  13.1870]RECEIVE-44-6
[  13.1880]ARRIVE-5-4
[  13.1880]OPEN-5-4
[  13.2990]ARRIVE-9-2
[  13.3880]IN-57-5-4
[  13.4120]ARRIVE-3-1
[  13.4840]RECEIVE-25-1
[  13.4900]ARRIVE-5-3
[  13.5830]RESET_ACCEPT-1-6-0.4
[  13.5870]ARRIVE-2-6
[  13.5890]CLOSE-5-4
[  13.6990]ARRIVE-8-2
[  13.8130]ARRIVE-2-1
[  13.8130]OPEN-2-1
[  13.8840]RECEIVE-64-3
[  13.8900]ARRIVE-4-3
[  13.9880]ARRIVE-3-6
[  13.9890]ARRIVE-6-4
[  13.9890]OPEN-6-4
[  14.0130]OUT-10-2-1
[  14.1000]ARRIVE-7-2
[  14.1890]IN-24-6-4
[  14.2130]CLOSE-2-1
[  14.2140]RESET_BEGIN-1
[  14.2160]RECEIVE-25-3
[  14.2900]ARRIVE-3-3
[  14.2910]OPEN-3-3
[  14.3850]RESET_END-5
[  14.3880]ARRIVE-4-6
[  14.3900]CLOSE-6-4
[  14.4910]OUT-34-3-3
[  14.5010]ARRIVE-6-2
[  14.6920]CLOSE-3-3
[  14.6920]OPEN-3-3
[  14.7880]ARRIVE-5-6
[  14.7900]ARRIVE-7-4
[  14.8920]IN-25-3-3
[  14.9010]ARRIVE-5-2
[  15.0930]CLOSE-3-3
[  15.1890]ARRIVE-6-6
[  15.1900]ARRIVE-8-4
[  15.1900]OPEN-8-4
[  15.3010]ARRIVE-4-2
[  15.3850]RECEIVE-45-2
[  15.3910]OUT-55-8-4
[  15.3910]OUT-57-8-4
[  15.4140]RESET_END-1
[  15.4930]ARRIVE-4-3
[  15.4940]OPEN-4-3
[  15.5890]ARRIVE-7-6
[  15.5910]CLOSE-8-4
[  15.6940]IN-64-4-3
[  15.7010]ARRIVE-3-2
[  15.7020]OPEN-3-2
[  15.7850]RECEIVE-40-4
[  15.8850]RECEIVE-13-3
[  15.8940]CLOSE-4-3
[  15.9020]OUT-61-3-2
[  15.9900]ARRIVE-8-6
[  15.9910]ARRIVE-9-4
[  15.9920]OPEN-9-4
[  16.1020]CLOSE-3-2
[  16.1020]OPEN-3-2
[  16.1920]OUT-24-9-4
[  16.2850]RECEIVE-63-1
[  16.2940]ARRIVE-5-3
[  16.3030]IN-45-3-2
[  16.3900]ARRIVE-9-6
[  16.3920]CLOSE-9-4
[  16.4860]RECEIVE-69-5
[  16.5030]CLOSE-3-2
[  16.6850]ARRIVE-3-1
[  16.6950]ARRIVE-6-3
[  16.6950]OPEN-6-3
[  16.7900]ARRIVE-10-6
[  16.7930]ARRIVE-8-4
[  16.8860]ARRIVE-2-5
[  16.8950]OUT-25-6-3
[  16.8950]OUT-64-6-3
[  16.9030]ARRIVE-4-2
[  17.0860]ARRIVE-4-1
[  17.0950]CLOSE-6-3
[  17.1910]ARRIVE-11-6
[  17.1910]OPEN-11-6
[  17.1930]ARRIVE-7-4
[  17.1940]OPEN-7-4
[  17.2860]ARRIVE-3-5
[  17.2860]OPEN-3-5
[  17.3040]ARRIVE-5-2
[  17.3910]IN-44-11-6
[  17.3940]IN-40-7-4
[  17.4860]ARRIVE-5-1
[  17.4870]IN-69-3-5
[  17.4960]ARRIVE-7-3
[  17.5920]CLOSE-11-6
[  17.5940]CLOSE-7-4
[  17.6870]CLOSE-3-5
[  17.7040]ARRIVE-6-2
[  17.8860]ARRIVE-6-1
[  17.8960]ARRIVE-8-3
[  17.9920]ARRIVE-10-6
[  17.9940]ARRIVE-6-4
[  18.0870]ARRIVE-2-5
[  18.1040]ARRIVE-7-2
[  18.2870]ARRIVE-7-1
[  18.2870]OPEN-7-1
[  18.2960]ARRIVE-9-3
[  18.3920]ARRIVE-9-6
[  18.3950]ARRIVE-5-4
[  18.4870]IN-63-7-1
[  18.4880]ARRIVE-1-5
[  18.4880]OPEN-1-5
[  18.5050]ARRIVE-8-2
[  18.5050]OPEN-8-2
[  18.6870]CLOSE-7-1
[  18.6880]OUT-69-1-5
[  18.6970]ARRIVE-10-3
[  18.6970]OPEN-10-3
[  18.7050]OUT-45-8-2
[  18.7930]ARRIVE-8-6
[  18.7950]ARRIVE-4-4
[  18.8880]CLOSE-1-5
[  18.8970]IN-13-10-3
[  18.9050]CLOSE-8-2
[  19.0880]ARRIVE-6-1
[  19.0880]OPEN-6-1
[  19.0970]CLOSE-10-3
[  19.1930]ARRIVE-7-6
[  19.1950]ARRIVE-3-4
[  19.2880]OUT-63-6-1
[  19.4890]CLOSE-6-1
[  19.4980]ARRIVE-9-3
[  19.5930]ARRIVE-6-6
[  19.5950]ARRIVE-2-4
[  19.5960]OPEN-2-4
[  19.7960]OUT-40-2-4
[  19.8880]RECEIVE-19-1
[  19.8980]ARRIVE-8-3
[  19.9940]ARRIVE-5-6
[  19.9960]CLOSE-2-4
[  20.2890]ARRIVE-7-1
[  20.2890]OPEN-7-1
[  20.2980]ARRIVE-7-3
[  20.3940]ARRIVE-4-6
[  20.4130]RECEIVE-28-2
[  20.4840]RECEIVE-37-3
[  20.4890]IN-19-7-1
[  20.6890]CLOSE-7-1
[  20.6990]ARRIVE-6-3
[  20.6990]OPEN-6-3
[  20.7940]ARRIVE-3-6
[  20.7950]OPEN-3-6
[  20.8130]ARRIVE-9-2
[  20.8990]IN-37-6-3
[  20.9950]OUT-44-3-6
[  21.0900]ARRIVE-8-1
[  21.0990]CLOSE-6-3
[  21.1950]CLOSE-3-6
[  21.2130]ARRIVE-10-2
[  21.4900]ARRIVE-9-1
[  21.5000]ARRIVE-5-3
[  21.5000]OPEN-5-3
[  21.6140]ARRIVE-11-2
[  21.6140]OPEN-11-2
[  21.7000]OUT-13-5-3
[  21.8140]IN-28-11-2
[  21.8900]ARRIVE-10-1
[  21.9000]CLOSE-5-3
[  22.0140]CLOSE-11-2
[  22.2910]ARRIVE-11-1
[  22.2910]OPEN-11-1
[  22.3010]ARRIVE-4-3
[  22.3010]OPEN-4-3
[  22.4150]ARRIVE-10-2
[  22.4910]OUT-19-11-1
[  22.5010]OUT-37-4-3
[  22.6910]CLOSE-11-1
[  22.7010]CLOSE-4-3
[  22.8150]ARRIVE-9-2
[  22.8870]RECEIVE-33-4
[  22.8870]OPEN-2-4
[  23.0870]IN-33-2-4
[  23.2150]ARRIVE-8-2
[  23.2870]CLOSE-2-4
[  23.6160]ARRIVE-7-2
[  23.6880]ARRIVE-3-4
[  23.7840]RECEIVE-51-1
[  24.0160]ARRIVE-6-2
[  24.0880]ARRIVE-4-4
[  24.1850]ARRIVE-10-1
[  24.3850]RECEIVE-66-3
[  24.4160]ARRIVE-5-2
[  24.4850]RECEIVE-59-5
[  24.4850]OPEN-1-5
[  24.4880]ARRIVE-5-4
[  24.5850]ARRIVE-9-1
[  24.5850]OPEN-9-1
[  24.5880]RECEIVE-7-4
[  24.6850]IN-59-1-5
[  24.7850]ARRIVE-5-3
[  24.7850]RECEIVE-16-1
[  24.7860]IN-51-9-1
[  24.7870]RECEIVE-67-3
[  24.8170]ARRIVE-4-2
[  24.8850]CLOSE-1-5
[  24.8880]ARRIVE-6-4
[  24.9860]CLOSE-9-1
[  25.1850]ARRIVE-6-3
[  25.2170]ARRIVE-3-2
[  25.2170]OPEN-3-2
[  25.2860]ARRIVE-2-5
[  25.2890]ARRIVE-7-4
[  25.2890]OPEN-7-4
[  25.3860]ARRIVE-10-1
[  25.4170]OUT-28-3-2
[  25.4890]OUT-33-7-4
[  25.4890]IN-7-7-4
[  25.5850]ARRIVE-7-3
[  25.5870]RECEIVE-56-6
[  25.5920]RECEIVE-30-2
[  25.6180]CLOSE-3-2
[  25.6860]ARRIVE-3-5
[  25.6860]OPEN-3-5
[  25.6870]RECEIVE-17-5
[  25.6900]CLOSE-7-4
[  25.7860]ARRIVE-11-1
[  25.7860]OPEN-11-1
[  25.8860]OUT-59-3-5
[  25.9860]ARRIVE-8-3
[  25.9860]OPEN-8-3
[  25.9870]OUT-51-11-1
[  25.9870]ARRIVE-4-6
[  26.0180]ARRIVE-4-2
[  26.0860]CLOSE-3-5
[  26.0900]ARRIVE-8-4
[  26.1860]IN-66-8-3
[  26.1870]CLOSE-11-1
[  26.1870]OPEN-11-1
[  26.3870]ARRIVE-5-6
[  26.3870]IN-16-11-1
[  26.3930]CLOSE-8-3
[  26.4180]ARRIVE-5-2
[  26.4870]ARRIVE-2-5
[  26.4870]OPEN-2-5
[  26.4900]ARRIVE-9-4
[  26.5880]CLOSE-11-1
[  26.6870]IN-17-2-5
[  26.7870]ARRIVE-6-6
[  26.7940]ARRIVE-9-3
[  26.7940]OPEN-9-3
[  26.8180]ARRIVE-6-2
[  26.8870]CLOSE-2-5
[  26.8900]ARRIVE-10-4
[  26.8900]OPEN-10-4
[  26.9880]ARRIVE-10-1
[  26.9880]OPEN-10-1
[  26.9940]OUT-66-9-3
[  27.0900]OUT-7-10-4
[  27.1880]ARRIVE-7-6
[  27.1880]RECEIVE-15-4
[  27.1880]OUT-16-10-1
[  27.1940]CLOSE-9-3
[  27.1940]OPEN-9-3
[  27.2190]ARRIVE-7-2
[  27.2190]OPEN-7-2
[  27.2880]ARRIVE-3-5
[  27.2910]CLOSE-10-4
[  27.3890]CLOSE-10-1
[  27.3950]IN-67-9-3
[  27.4190]IN-30-7-2
[  27.5840]RECEIVE-32-1
[  27.5880]ARRIVE-8-6
[  27.5880]OPEN-8-6
[  27.5950]CLOSE-9-3
[  27.6190]CLOSE-7-2
[  27.6880]ARRIVE-4-5
[  27.6910]ARRIVE-9-4
[  27.7880]IN-56-8-6
[  27.9850]ARRIVE-9-1
[  27.9910]CLOSE-8-6
[  27.9950]ARRIVE-8-3
[  28.0200]ARRIVE-6-2
[  28.0880]ARRIVE-5-5
[  28.0910]ARRIVE-8-4
[  28.3850]ARRIVE-8-1
[  28.3960]ARRIVE-7-3
[  28.3960]ARRIVE-7-6
[  28.4200]ARRIVE-5-2
[  28.4890]ARRIVE-6-5
[  28.4920]ARRIVE-7-4
[  28.7850]ARRIVE-7-1
[  28.7960]ARRIVE-6-3
[  28.7960]ARRIVE-6-6
[  28.8200]ARRIVE-4-2
[  28.8200]OPEN-4-2
[  28.8890]ARRIVE-7-5
[  28.8920]ARRIVE-6-4
[  28.9850]RECEIVE-31-2
[  29.0200]OUT-30-4-2
[  29.1860]ARRIVE-6-1
[  29.1860]OPEN-6-1
[  29.1960]ARRIVE-5-3
[  29.1960]ARRIVE-5-6
[  29.2210]CLOSE-4-2
[  29.2890]ARRIVE-8-5
[  29.2920]ARRIVE-5-4
[  29.2920]OPEN-5-4
[  29.3860]IN-32-6-1
[  29.4930]IN-15-5-4
[  29.5860]CLOSE-6-1
[  29.5960]ARRIVE-4-6
[  29.5970]OPEN-4-6
[  29.5970]ARRIVE-4-3
[  29.6210]ARRIVE-5-2
[  29.6210]OPEN-5-2
[  29.6890]ARRIVE-9-5
[  29.6930]CLOSE-5-4
[  29.7970]OUT-56-4-6
[  29.8210]IN-31-5-2
[  29.9860]ARRIVE-7-1
[  29.9970]CLOSE-4-6
[  29.9970]ARRIVE-3-3
[  29.9970]OPEN-3-3
[  30.0220]CLOSE-5-2
[  30.0900]ARRIVE-10-5
[  30.0930]ARRIVE-6-4
[  30.0930]OPEN-6-4
[  30.1980]OUT-67-3-3
[  30.2930]OUT-15-6-4
[  30.3870]RECEIVE-58-5
[  30.3870]ARRIVE-8-1
[  30.3980]CLOSE-3-3
[  30.4220]ARRIVE-6-2
[  30.4900]ARRIVE-11-5
[  30.4900]OPEN-11-5
[  30.4940]CLOSE-6-4
[  30.6900]OUT-17-11-5
[  30.7870]ARRIVE-9-1
[  30.7870]OPEN-9-1
[  30.8220]ARRIVE-7-2
[  30.8910]CLOSE-11-5
[  30.8910]OPEN-11-5
[  30.9870]OUT-32-9-1
[  31.0910]IN-58-11-5
[  31.1880]CLOSE-9-1
[  31.2220]ARRIVE-8-2
[  31.2910]CLOSE-11-5
[  31.6230]ARRIVE-9-2
[  31.6850]RECEIVE-49-3
[  31.6850]OPEN-3-3
[  31.6910]ARRIVE-10-5
[  31.6920]OPEN-10-5
[  31.8850]IN-49-3-3
[  31.8920]OUT-58-10-5
[  32.0230]ARRIVE-10-2
[  32.0230]OPEN-10-2
[  32.0860]CLOSE-3-3
[  32.0920]CLOSE-10-5
[  32.2230]OUT-31-10-2
[  32.4240]CLOSE-10-2
[  32.4860]ARRIVE-4-3
[  32.8860]ARRIVE-5-3
[  33.2860]ARRIVE-6-3
[  33.6870]ARRIVE-7-3
[  33.7870]RECEIVE-41-6
[  33.7870]OPEN-4-6
[  33.9870]IN-41-4-6
[  34.0870]ARRIVE-8-3
[  34.0870]OPEN-8-3
[  34.1870]CLOSE-4-6
[  34.2850]RECEIVE-21-2
[  34.2850]OPEN-10-2
[  34.2870]OUT-49-8-3
[  34.4850]IN-21-10-2
[  34.4860]RECEIVE-62-3
[  34.4870]CLOSE-8-3
[  34.4880]OPEN-8-3
[  34.5880]ARRIVE-3-6
[  34.6840]RECEIVE-36-4
[  34.6860]CLOSE-10-2
[  34.6880]IN-62-8-3
[  34.8880]CLOSE-8-3
[  34.9880]ARRIVE-2-6
[  34.9880]OPEN-2-6
[  35.0840]ARRIVE-5-4
[  35.0840]OPEN-5-4
[  35.0860]ARRIVE-11-2
[  35.0860]OPEN-11-2
[  35.1850]RECEIVE-42-6
[  35.1880]OUT-41-2-6
[  35.2840]IN-36-5-4
[  35.2860]OUT-21-11-2
[  35.2880]ARRIVE-7-3
[  35.3890]CLOSE-2-6
[  35.4840]CLOSE-5-4
[  35.4860]CLOSE-11-2
[  35.6880]ARRIVE-6-3
[  35.6880]OPEN-6-3
[  35.7890]ARRIVE-1-6
[  35.7890]OPEN-1-6
[  35.8840]RECEIVE-22-6
[  35.8850]ARRIVE-6-4
[  35.8890]OUT-62-6-3
[  35.9890]IN-42-1-6
[  36.0890]CLOSE-6-3
[  36.1900]CLOSE-1-6
[  36.2850]ARRIVE-7-4
[  36.5900]ARRIVE-2-6
[  36.5900]OPEN-2-6
[  36.6850]ARRIVE-8-4
[  36.7900]IN-22-2-6
[  36.9840]RECEIVE-68-3
[  36.9900]CLOSE-2-6
[  37.0840]RECEIVE-38-1
[  37.0850]ARRIVE-9-4
[  37.3850]ARRIVE-5-3
[  37.3910]ARRIVE-3-6
[  37.4840]ARRIVE-8-1
[  37.4850]ARRIVE-10-4
[  37.4860]OPEN-10-4
[  37.6860]OUT-36-10-4
[  37.7850]ARRIVE-4-3
[  37.7850]OPEN-4-3
[  37.7910]ARRIVE-4-6
[  37.8840]ARRIVE-7-1
[  37.8860]CLOSE-10-4
[  37.9850]IN-68-4-3
[  37.9880]RECEIVE-46-2
[  37.9880]OPEN-11-2
[  38.1850]CLOSE-4-3
[  38.1880]IN-46-11-2
[  38.1910]ARRIVE-5-6
[  38.2850]ARRIVE-6-1
[  38.2850]OPEN-6-1
[  38.3890]CLOSE-11-2
[  38.4850]IN-38-6-1
[  38.5860]ARRIVE-5-3
[  38.5910]ARRIVE-6-6
[  38.6850]CLOSE-6-1
[  38.7890]ARRIVE-10-2
[  38.7890]OPEN-10-2
[  38.9860]ARRIVE-6-3
[  38.9860]OPEN-6-3
[  38.9890]OUT-46-10-2
[  38.9910]ARRIVE-7-6
[  38.9910]OPEN-7-6
[  39.0850]ARRIVE-5-1
[  39.1860]OUT-68-6-3
[  39.1890]CLOSE-10-2
[  39.1920]OUT-42-7-6
[  39.3860]CLOSE-6-3
[  39.3920]CLOSE-7-6
[  39.4860]ARRIVE-4-1
[  39.7920]ARRIVE-8-6
[  39.8860]ARRIVE-3-1
[  39.8860]OPEN-3-1
[  40.0860]OUT-38-3-1
[  40.1840]RECEIVE-60-1
[  40.1920]ARRIVE-9-6
[  40.1920]OPEN-9-6
[  40.2860]CLOSE-3-1
[  40.3930]OUT-22-9-6
[  40.5930]CLOSE-9-6
[  40.6870]ARRIVE-2-1
[  40.6870]OPEN-2-1
[  40.8870]IN-60-2-1
[  40.9840]RECEIVE-4-6
[  41.0870]CLOSE-2-1
[  41.3840]RECEIVE-1-3
[  41.3840]ARRIVE-8-6
[  41.3840]OPEN-8-6
[  41.4880]ARRIVE-1-1
[  41.4880]OPEN-1-1
[  41.5850]IN-4-8-6
[  41.6880]OUT-60-1-1
[  41.7840]ARRIVE-5-3
[  41.7850]CLOSE-8-6
[  41.8880]CLOSE-1-1
[  42.1840]ARRIVE-4-3
[  42.1850]ARRIVE-7-6
[  42.5840]ARRIVE-3-3
[  42.5850]OPEN-3-3
[  42.5850]ARRIVE-6-6
[  42.5850]OPEN-6-6
[  42.6830]RESET_ACCEPT-3-4-0.6
[  42.7850]IN-1-3-3
[  42.7850]OUT-4-6-6
[  42.9840]RECEIVE-2-6
[  42.9850]CLOSE-3-3
[  42.9850]OPEN-3-3
[  42.9860]CLOSE-6-6
[  43.0840]RECEIVE-14-1
[  43.1850]OUT-1-3-3
[  43.1870]RECEIVE-1-6
[  43.3860]CLOSE-3-3
[  43.3860]ARRIVE-5-6
[  43.3860]RESET_BEGIN-3
[  43.4840]ARRIVE-2-1
[  43.4840]OPEN-2-1
[  43.4840]RECEIVE-47-6
[  43.6830]RECEIVE-9-2
[  43.6840]IN-14-2-1
[  43.6850]RECEIVE-23-4
[  43.7860]ARRIVE-4-6
[  43.8840]RECEIVE-50-1
[  43.8840]CLOSE-2-1
[  43.9840]RECEIVE-65-5
[  43.9850]RECEIVE-27-2
[  44.0840]ARRIVE-9-2
[  44.0850]ARRIVE-9-4
[  44.1860]ARRIVE-3-6
[  44.1860]OPEN-3-6
[  44.2840]ARRIVE-1-1
[  44.2840]OPEN-1-1
[  44.3840]ARRIVE-9-5
[  44.3840]OPEN-9-5
[  44.3860]IN-1-3-6
[  44.3870]IN-47-3-6
[  44.4840]ARRIVE-8-2
[  44.4850]OUT-14-1-1
[  44.4850]ARRIVE-8-4
[  44.5840]IN-65-9-5
[  44.5860]RESET_END-3
[  44.5870]CLOSE-3-6
[  44.6850]CLOSE-1-1
[  44.6850]OPEN-1-1
[  44.7840]CLOSE-9-5
[  44.8840]ARRIVE-7-2
[  44.8850]IN-50-1-1
[  44.8850]ARRIVE-7-4
[  44.9870]ARRIVE-4-6
[  45.0850]CLOSE-1-1
[  45.1850]ARRIVE-8-5
[  45.2840]ARRIVE-6-2
[  45.2860]ARRIVE-6-4
[  45.3870]ARRIVE-5-6
[  45.3870]OPEN-5-6
[  45.4850]RECEIVE-35-1
[  45.4850]ARRIVE-2-1
[  45.5850]ARRIVE-7-5
[  45.5870]IN-2-5-6
[  45.6850]ARRIVE-5-2
[  45.6850]OPEN-5-2
[  45.6860]ARRIVE-5-4
[  45.6860]OPEN-5-4
[  45.7880]CLOSE-5-6
[  45.8850]IN-9-5-2
[  45.8860]ARRIVE-3-1
[  45.8860]IN-23-5-4
[  45.9850]ARRIVE-6-5
[  46.0850]CLOSE-5-2
[  46.0860]CLOSE-5-4
[  46.1880]ARRIVE-6-6
[  46.1880]OPEN-6-6
[  46.2860]ARRIVE-4-1
[  46.3850]ARRIVE-5-5
[  46.3880]OUT-2-6-6
[  46.4850]ARRIVE-4-2
[  46.4860]ARRIVE-4-4
[  46.4860]OPEN-4-4
[  46.5880]CLOSE-6-6
[  46.6840]RESET_ACCEPT-4-8-0.2
[  46.6860]ARRIVE-5-1
[  46.6860]OUT-23-4-4
[  46.7860]ARRIVE-4-5
[  46.7860]OPEN-4-5
[  46.8840]RECEIVE-18-4
[  46.8860]ARRIVE-3-2
[  46.8860]OPEN-3-2
[  46.8870]CLOSE-4-4
[  46.8870]RESET_BEGIN-4
[  46.8880]RECEIVE-18-5
[  46.9860]OUT-65-4-5
[  46.9890]ARRIVE-7-6
[  47.0860]OUT-9-3-2
[  47.0860]ARRIVE-6-1
[  47.1860]CLOSE-4-5
[  47.1860]OPEN-4-5
[  47.2830]RESET_ACCEPT-6-5-0.5
[  47.2860]CLOSE-3-2
[  47.3870]IN-18-4-5
[  47.3890]ARRIVE-8-6
[  47.3890]OPEN-8-6
[  47.4870]ARRIVE-7-1
[  47.5870]CLOSE-4-5
[  47.5890]OUT-1-8-6
[  47.5890]OUT-47-8-6
[  47.5910]RECEIVE-47-5
[  47.6860]ARRIVE-2-2
[  47.6860]OPEN-2-2
[  47.7830]RESET_ACCEPT-3-6-0.6
[  47.7890]CLOSE-8-6
[  47.7890]RESET_BEGIN-6
[  47.8870]IN-27-2-2
[  47.8870]ARRIVE-8-1
[  47.9840]RECEIVE-52-2
[  47.9870]ARRIVE-5-5
[  48.0870]RESET_END-4
[  48.0870]CLOSE-2-2
[  48.2870]ARRIVE-9-1
[  48.3840]RECEIVE-26-4
[  48.3870]ARRIVE-6-5
[  48.3930]RESET_BEGIN-3
[  48.4870]ARRIVE-3-2
[  48.5840]ARRIVE-5-4
[  48.5840]OPEN-5-4
[  48.6870]ARRIVE-10-1
[  48.7850]IN-26-5-4
[  48.7870]ARRIVE-7-5
[  48.7880]OPEN-7-5
[  48.8870]ARRIVE-4-2
[  48.9850]CLOSE-5-4
[  48.9880]OUT-18-7-5
[  48.9900]RESET_END-6
[  49.0880]ARRIVE-11-1
[  49.0880]OPEN-11-1
[  49.1850]ARRIVE-4-4
[  49.1880]CLOSE-7-5
[  49.2880]ARRIVE-5-2
[  49.2880]OPEN-5-2
[  49.2880]OUT-50-11-1
[  49.3850]ARRIVE-3-4
[  49.4880]OUT-27-5-2
[  49.4880]CLOSE-11-1
[  49.4880]IN-52-5-2
[  49.5850]ARRIVE-2-4
[  49.5880]ARRIVE-8-5
[  49.5880]OPEN-8-5
[  49.5930]RESET_END-3
[  49.6880]CLOSE-5-2
[  49.7860]ARRIVE-1-4
[  49.7860]OPEN-1-4
[  49.7880]IN-47-8-5
[  49.8880]ARRIVE-10-1
[  49.9860]OUT-26-1-4
[  49.9890]CLOSE-8-5
[  50.0880]ARRIVE-6-2
[  50.1860]CLOSE-1-4
[  50.2890]ARRIVE-9-1
[  50.3890]ARRIVE-9-5
[  50.4890]ARRIVE-7-2
[  50.4890]OPEN-7-2
[  50.6890]ARRIVE-8-1
[  50.6890]OUT-52-7-2
[  50.7890]ARRIVE-10-5
[  50.8890]CLOSE-7-2
[  51.0890]ARRIVE-7-1
[  51.1890]ARRIVE-11-5
[  51.1890]OPEN-11-5
[  51.3900]OUT-47-11-5
[  51.4890]ARRIVE-6-1
[  51.5900]CLOSE-11-5
[  51.8900]ARRIVE-5-1
[  52.2900]ARRIVE-4-1
[  52.6900]ARRIVE-3-1
[  53.0900]ARRIVE-2-1
[  53.4910]ARRIVE-1-1
[  53.4910]OPEN-1-1
[  53.6910]IN-35-1-1
[  53.8910]CLOSE-1-1
[  54.2910]ARRIVE-2-1
[  54.6920]ARRIVE-3-1
[  55.0920]ARRIVE-4-1
[  55.4920]ARRIVE-5-1
[  55.8920]ARRIVE-6-1
[  56.2930]ARRIVE-7-1
[  56.6930]ARRIVE-8-1
[  57.0930]ARRIVE-9-1
[  57.0930]OPEN-9-1
[  57.2930]OUT-35-9-1
[  57.4940]CLOSE-9-1
