[   2.7400]RECEIVE-22-1
[   3.1340]RECEIVE-40-2
[   3.1400]ARRIVE-2-1
[   3.5340]ARRIVE-2-2
[   3.5410]ARRIVE-3-1
[   3.9340]ARRIVE-3-2
[   3.9410]ARRIVE-4-1
[   4.3350]ARRIVE-4-2
[   4.3420]ARRIVE-5-1
[   4.4340]RECEIVE-6-3
[   4.4360]OPEN-1-3
[   4.6370]IN-6-1-3
[   4.7350]ARRIVE-5-2
[   4.7420]ARRIVE-6-1
[   4.8340]RECEIVE-1-4
[   4.8370]CLOSE-1-3
[   5.1360]ARRIVE-6-2
[   5.1420]ARRIVE-7-1
[   5.2340]ARRIVE-2-4
[   5.2380]ARRIVE-2-3
[   5.5340]RECEIVE-42-5
[   5.5360]ARRIVE-7-2
[   5.5430]ARRIVE-8-1
[   5.6340]ARRIVE-3-4
[   5.6360]RECEIVE-26-1
[   5.6380]ARRIVE-3-3
[   5.9340]ARRIVE-2-5
[   5.9360]ARRIVE-8-2
[   5.9430]ARRIVE-9-1
[   6.0350]ARRIVE-4-4
[   6.0380]ARRIVE-4-3
[   6.3340]ARRIVE-3-5
[   6.3370]ARRIVE-9-2
[   6.3440]ARRIVE-10-1
[   6.4350]ARRIVE-5-4
[   6.4390]ARRIVE-5-3
[   6.7350]ARRIVE-4-5
[   6.7360]RECEIVE-37-3
[   6.7370]ARRIVE-10-2
[   6.7440]ARRIVE-11-1
[   6.7440]OPEN-11-1
[   6.8350]ARRIVE-6-4
[   6.8360]OPEN-6-4
[   6.8390]ARRIVE-6-3
[   6.8400]RECEIVE-70-6
[   6.9330]RECEIVE-16-6
[   6.9350]RECEIVE-29-5
[   6.9440]IN-22-11-1
[   6.9450]IN-26-11-1
[   7.0360]IN-1-6-4
[   7.1350]ARRIVE-5-5
[   7.1360]OPEN-5-5
[   7.1370]ARRIVE-11-2
[   7.1380]OPEN-11-2
[   7.1450]CLOSE-11-1
[   7.2370]CLOSE-6-4
[   7.2390]ARRIVE-7-3
[   7.2400]ARRIVE-2-6
[   7.2400]OPEN-2-6
[   7.3360]IN-29-5-5
[   7.3380]IN-40-11-2
[   7.4400]IN-16-2-6
[   7.5360]CLOSE-5-5
[   7.5380]CLOSE-11-2
[   7.5450]ARRIVE-10-1
[   7.6330]RESET_ACCEPT-3-6-0.4
[   7.6370]ARRIVE-7-4
[   7.6400]ARRIVE-8-3
[   7.6400]OPEN-8-3
[   7.6410]CLOSE-2-6
[   7.8330]RECEIVE-56-2
[   7.8400]OUT-6-8-3
[   7.8420]RECEIVE-6-4
[   7.9370]ARRIVE-6-5
[   7.9390]ARRIVE-10-2
[   7.9450]ARRIVE-9-1
[   8.0330]RECEIVE-28-1
[   8.0370]ARRIVE-8-4
[   8.0380]OPEN-8-4
[   8.0410]CLOSE-8-3
[   8.0410]RESET_BEGIN-3
[   8.0410]ARRIVE-3-6
[   8.0430]RECEIVE-37-4
[   8.2330]RECEIVE-49-4
[   8.2380]IN-6-8-4
[   8.3330]RECEIVE-15-1
[   8.3370]ARRIVE-7-5
[   8.3390]ARRIVE-9-2
[   8.3460]ARRIVE-8-1
[   8.4380]CLOSE-8-4
[   8.4420]ARRIVE-4-6
[   8.7370]ARRIVE-8-5
[   8.7390]ARRIVE-8-2
[   8.7460]ARRIVE-7-1
[   8.8380]ARRIVE-9-4
[   8.8390]OPEN-9-4
[   8.8420]ARRIVE-5-6
[   9.0330]RECEIVE-44-4
[   9.0390]OUT-6-9-4
[   9.0390]IN-49-9-4
[   9.1380]ARRIVE-9-5
[   9.1390]ARRIVE-7-2
[   9.1460]ARRIVE-6-1
[   9.2390]CLOSE-9-4
[   9.2410]RESET_END-3
[   9.2420]ARRIVE-6-6
[   9.5380]ARRIVE-10-5
[   9.5400]ARRIVE-6-2
[   9.5470]ARRIVE-5-1
[   9.5470]OPEN-5-1
[   9.6330]RECEIVE-30-3
[   9.6400]ARRIVE-10-4
[   9.6470]ARRIVE-7-6
[   9.7470]OUT-26-5-1
[   9.9390]ARRIVE-11-5
[   9.9390]OPEN-11-5
[   9.9400]ARRIVE-5-2
[   9.9470]CLOSE-5-1
[  10.0330]ARRIVE-7-3
[  10.0400]ARRIVE-11-4
[  10.0400]OPEN-11-4
[  10.0480]ARRIVE-8-6
[  10.1390]OUT-29-11-5
[  10.2340]RECEIVE-3-2
[  10.2410]OUT-1-11-4
[  10.2410]OUT-49-11-4
[  10.3390]CLOSE-11-5
[  10.3400]ARRIVE-4-2
[  10.3480]ARRIVE-4-1
[  10.3480]OPEN-4-1
[  10.4330]ARRIVE-6-3
[  10.4420]CLOSE-11-4
[  10.4480]ARRIVE-9-6
[  10.5480]IN-15-4-1
[  10.7400]ARRIVE-10-5
[  10.7410]ARRIVE-3-2
[  10.7410]OPEN-3-2
[  10.7480]CLOSE-4-1
[  10.8340]ARRIVE-5-3
[  10.8420]ARRIVE-10-4
[  10.8420]OPEN-10-4
[  10.8490]ARRIVE-10-6
[  10.9410]OUT-40-3-2
[  11.0420]IN-37-10-4
[  11.1400]ARRIVE-9-5
[  11.1410]CLOSE-3-2
[  11.1420]OPEN-3-2
[  11.1490]ARRIVE-3-1
[  11.1490]OPEN-3-1
[  11.2340]ARRIVE-4-3
[  11.2430]CLOSE-10-4
[  11.2490]ARRIVE-11-6
[  11.2490]OPEN-11-6
[  11.3420]IN-3-3-2
[  11.3490]OUT-15-3-1
[  11.4490]OUT-16-11-6
[  11.5410]ARRIVE-8-5
[  11.5410]OPEN-8-5
[  11.5420]CLOSE-3-2
[  11.5490]CLOSE-3-1
[  11.6340]ARRIVE-3-3
[  11.6430]ARRIVE-9-4
[  11.6500]CLOSE-11-6
[  11.7410]IN-42-8-5
[  11.9340]RECEIVE-55-4
[  11.9420]CLOSE-8-5
[  11.9420]ARRIVE-4-2
[  11.9420]OPEN-4-2
[  11.9500]ARRIVE-2-1
[  11.9500]OPEN-2-1
[  12.0350]ARRIVE-2-3
[  12.0430]ARRIVE-8-4
[  12.0500]ARRIVE-10-6
[  12.1430]IN-56-4-2
[  12.1500]OUT-22-2-1
[  12.3420]ARRIVE-7-5
[  12.3430]CLOSE-4-2
[  12.3500]CLOSE-2-1
[  12.4350]ARRIVE-1-3
[  12.4350]OPEN-1-3
[  12.4440]ARRIVE-7-4
[  12.4440]OPEN-7-4
[  12.4500]ARRIVE-9-6
[  12.6360]IN-30-1-3
[  12.6440]OUT-37-7-4
[  12.7320]RESET_ACCEPT-3-8-0.4
[  12.7420]ARRIVE-6-5
[  12.7430]ARRIVE-5-2
[  12.7510]ARRIVE-3-1
[  12.8360]CLOSE-1-3
[  12.8360]OPEN-1-3
[  12.8450]CLOSE-7-4
[  12.8510]ARRIVE-8-6
[  13.0370]OUT-30-1-3
[  13.0390]RECEIVE-30-5
[  13.1330]RECEIVE-39-2
[  13.1430]ARRIVE-5-5
[  13.1440]ARRIVE-6-2
[  13.1510]ARRIVE-4-1
[  13.2370]CLOSE-1-3
[  13.2370]RESET_BEGIN-3
[  13.2450]ARRIVE-6-4
[  13.2450]OPEN-6-4
[  13.2510]ARRIVE-7-6
[  13.3330]RECEIVE-25-1
[  13.4450]IN-44-6-4
[  13.5430]ARRIVE-4-5
[  13.5440]ARRIVE-7-2
[  13.5510]ARRIVE-5-1
[  13.6460]CLOSE-6-4
[  13.6510]ARRIVE-6-6
[  13.9430]ARRIVE-3-5
[  13.9430]OPEN-3-5
[  13.9440]ARRIVE-8-2
[  13.9450]OPEN-8-2
[  13.9510]ARRIVE-6-1
[  14.0460]ARRIVE-5-4
[  14.0520]ARRIVE-5-6
[  14.0520]OPEN-5-6
[  14.1440]OUT-42-3-5
[  14.1450]OUT-3-8-2
[  14.1450]IN-39-8-2
[  14.2520]IN-70-5-6
[  14.3440]CLOSE-3-5
[  14.3450]CLOSE-8-2
[  14.3520]ARRIVE-7-1
[  14.4370]RESET_END-3
[  14.4470]ARRIVE-4-4
[  14.4520]CLOSE-5-6
[  14.7440]ARRIVE-2-5
[  14.7450]ARRIVE-9-2
[  14.7450]OPEN-9-2
[  14.7520]ARRIVE-8-1
[  14.8470]ARRIVE-3-4
[  14.8530]ARRIVE-4-6
[  14.8530]OPEN-4-6
[  14.9460]OUT-56-9-2
[  15.0530]OUT-70-4-6
[  15.1450]ARRIVE-1-5
[  15.1450]OPEN-1-5
[  15.1460]CLOSE-9-2
[  15.1520]ARRIVE-9-1
[  15.1530]OPEN-9-1
[  15.2470]ARRIVE-2-4
[  15.2470]OPEN-2-4
[  15.2530]CLOSE-4-6
[  15.3450]IN-30-1-5
[  15.3530]IN-28-9-1
[  15.4480]OUT-44-2-4
[  15.5460]CLOSE-1-5
[  15.5460]ARRIVE-10-2
[  15.5530]CLOSE-9-1
[  15.6480]CLOSE-2-4
[  15.8350]RECEIVE-14-2
[  15.9460]ARRIVE-2-5
[  15.9470]ARRIVE-11-2
[  15.9470]OPEN-11-2
[  15.9530]ARRIVE-8-1
[  15.9540]OPEN-8-1
[  16.0490]ARRIVE-3-4
[  16.1470]OUT-39-11-2
[  16.1540]IN-25-8-1
[  16.3330]RECEIVE-27-6
[  16.3330]OPEN-4-6
[  16.3470]ARRIVE-3-5
[  16.3470]CLOSE-11-2
[  16.3470]OPEN-11-2
[  16.3540]CLOSE-8-1
[  16.4490]ARRIVE-4-4
[  16.5330]IN-27-4-6
[  16.5480]IN-14-11-2
[  16.7340]CLOSE-4-6
[  16.7470]ARRIVE-4-5
[  16.7480]CLOSE-11-2
[  16.7540]ARRIVE-7-1
[  16.8490]ARRIVE-5-4
[  17.1340]ARRIVE-3-6
[  17.1470]ARRIVE-5-5
[  17.1480]ARRIVE-10-2
[  17.1550]ARRIVE-6-1
[  17.2500]ARRIVE-6-4
[  17.3330]RECEIVE-2-3
[  17.5340]ARRIVE-2-6
[  17.5350]OPEN-2-6
[  17.5480]ARRIVE-6-5
[  17.5480]OPEN-6-5
[  17.5480]ARRIVE-9-2
[  17.5550]ARRIVE-5-1
[  17.6500]ARRIVE-7-4
[  17.6880]RECEIVE-5-4
[  17.7330]ARRIVE-2-3
[  17.7330]OPEN-2-3
[  17.7350]OUT-27-2-6
[  17.7480]OUT-30-6-5
[  17.9330]IN-2-2-3
[  17.9350]CLOSE-2-6
[  17.9480]CLOSE-6-5
[  17.9480]ARRIVE-8-2
[  17.9550]ARRIVE-4-1
[  17.9550]OPEN-4-1
[  18.0500]ARRIVE-8-4
[  18.1340]CLOSE-2-3
[  18.1550]OUT-28-4-1
[  18.3340]RECEIVE-53-1
[  18.3490]ARRIVE-7-2
[  18.3560]CLOSE-4-1
[  18.3560]OPEN-4-1
[  18.4500]ARRIVE-9-4
[  18.5340]ARRIVE-3-3
[  18.5560]IN-53-4-1
[  18.7490]ARRIVE-6-2
[  18.7490]OPEN-6-2
[  18.7560]CLOSE-4-1
[  18.8510]ARRIVE-10-4
[  18.9330]RECEIVE-48-5
[  18.9340]ARRIVE-4-3
[  18.9340]OPEN-4-3
[  18.9490]OUT-14-6-2
[  19.1350]OUT-2-4-3
[  19.1500]CLOSE-6-2
[  19.1570]ARRIVE-3-1
[  19.1570]OPEN-3-1
[  19.2510]ARRIVE-11-4
[  19.2510]OPEN-11-4
[  19.3330]ARRIVE-7-5
[  19.3350]CLOSE-4-3
[  19.3570]OUT-25-3-1
[  19.4510]IN-5-11-4
[  19.5330]RECEIVE-35-6
[  19.5330]OPEN-2-6
[  19.5570]CLOSE-3-1
[  19.6520]CLOSE-11-4
[  19.7330]RECEIVE-68-4
[  19.7340]ARRIVE-8-5
[  19.7340]IN-35-2-6
[  19.9340]CLOSE-2-6
[  19.9570]ARRIVE-2-1
[  20.0520]ARRIVE-10-4
[  20.1340]ARRIVE-9-5
[  20.1340]OPEN-9-5
[  20.3340]IN-48-9-5
[  20.3350]ARRIVE-3-6
[  20.3580]ARRIVE-1-1
[  20.3580]OPEN-1-1
[  20.4560]ARRIVE-9-4
[  20.4560]OPEN-9-4
[  20.5340]CLOSE-9-5
[  20.5580]OUT-53-1-1
[  20.6340]RECEIVE-18-5
[  20.6570]IN-55-9-4
[  20.7350]ARRIVE-4-6
[  20.7580]CLOSE-1-1
[  20.8570]CLOSE-9-4
[  20.9350]ARRIVE-8-5
[  21.1350]ARRIVE-5-6
[  21.2570]ARRIVE-8-4
[  21.3350]ARRIVE-7-5
[  21.3350]OPEN-7-5
[  21.5350]ARRIVE-6-6
[  21.5360]OUT-48-7-5
[  21.6580]ARRIVE-7-4
[  21.7360]CLOSE-7-5
[  21.9360]ARRIVE-7-6
[  21.9360]OPEN-7-6
[  22.0580]ARRIVE-6-4
[  22.0580]OPEN-6-4
[  22.1360]ARRIVE-8-5
[  22.1360]OUT-35-7-6
[  22.2580]OUT-55-6-4
[  22.3370]CLOSE-7-6
[  22.4590]CLOSE-6-4
[  22.5360]ARRIVE-9-5
[  22.5370]OPEN-9-5
[  22.7370]IN-18-9-5
[  22.8590]ARRIVE-5-4
[  22.9370]CLOSE-9-5
[  23.0350]RECEIVE-58-5
[  23.2590]ARRIVE-4-4
[  23.3370]ARRIVE-8-5
[  23.6590]ARRIVE-3-4
[  23.6600]OPEN-3-4
[  23.7380]ARRIVE-7-5
[  23.8600]OUT-5-3-4
[  23.9330]RECEIVE-59-6
[  23.9340]OPEN-7-6
[  24.0600]CLOSE-3-4
[  24.1340]IN-59-7-6
[  24.1380]ARRIVE-6-5
[  24.2330]RECEIVE-9-2
[  24.3350]CLOSE-7-6
[  24.4610]ARRIVE-4-4
[  24.5380]ARRIVE-5-5
[  24.5390]OPEN-5-5
[  24.6330]ARRIVE-7-2
[  24.7350]ARRIVE-6-6
[  24.7390]OUT-18-5-5
[  24.8330]RECEIVE-4-3
[  24.8610]ARRIVE-5-4
[  24.9390]CLOSE-5-5
[  25.0330]ARRIVE-8-2
[  25.1350]ARRIVE-5-6
[  25.2330]ARRIVE-3-3
[  25.2330]OPEN-3-3
[  25.2610]ARRIVE-6-4
[  25.3330]RECEIVE-60-6
[  25.3390]ARRIVE-6-5
[  25.4330]IN-4-3-3
[  25.4340]ARRIVE-9-2
[  25.5350]ARRIVE-4-6
[  25.5360]OPEN-4-6
[  25.6340]CLOSE-3-3
[  25.6620]ARRIVE-7-4
[  25.7360]OUT-59-4-6
[  25.7390]ARRIVE-7-5
[  25.8340]ARRIVE-10-2
[  25.8340]OPEN-10-2
[  25.9330]RECEIVE-11-3
[  25.9360]CLOSE-4-6
[  26.0340]ARRIVE-4-3
[  26.0340]OPEN-4-3
[  26.0340]IN-9-10-2
[  26.0620]ARRIVE-8-4
[  26.1400]ARRIVE-8-5
[  26.2340]OUT-4-4-3
[  26.2340]CLOSE-10-2
[  26.3360]ARRIVE-5-6
[  26.4350]CLOSE-4-3
[  26.4620]ARRIVE-9-4
[  26.5400]ARRIVE-9-5
[  26.5400]OPEN-9-5
[  26.6350]ARRIVE-9-2
[  26.7370]ARRIVE-6-6
[  26.7400]IN-58-9-5
[  26.8350]ARRIVE-3-3
[  26.8350]OPEN-3-3
[  26.8630]ARRIVE-10-4
[  26.9400]CLOSE-9-5
[  27.0340]RECEIVE-62-3
[  27.0350]ARRIVE-8-2
[  27.0350]IN-11-3-3
[  27.1370]ARRIVE-7-6
[  27.2350]CLOSE-3-3
[  27.2630]ARRIVE-11-4
[  27.2630]OPEN-11-4
[  27.3410]ARRIVE-8-5
[  27.4350]ARRIVE-7-2
[  27.4630]IN-68-11-4
[  27.5370]ARRIVE-8-6
[  27.6360]ARRIVE-4-3
[  27.6630]CLOSE-11-4
[  27.7410]ARRIVE-7-5
[  27.8350]ARRIVE-6-2
[  27.9380]ARRIVE-9-6
[  28.0340]RECEIVE-63-6
[  28.0360]ARRIVE-5-3
[  28.0370]RECEIVE-31-5
[  28.0640]ARRIVE-10-4
[  28.1330]RECEIVE-13-1
[  28.1410]ARRIVE-6-5
[  28.2360]ARRIVE-5-2
[  28.3380]ARRIVE-10-6
[  28.4360]ARRIVE-6-3
[  28.4640]ARRIVE-9-4
[  28.5330]ARRIVE-2-1
[  28.5420]ARRIVE-5-5
[  28.5420]OPEN-5-5
[  28.6360]ARRIVE-4-2
[  28.7380]ARRIVE-11-6
[  28.7390]OPEN-11-6
[  28.7420]OUT-58-5-5
[  28.8360]ARRIVE-7-3
[  28.8640]ARRIVE-8-4
[  28.9330]ARRIVE-3-1
[  28.9340]OPEN-3-1
[  28.9390]IN-60-11-6
[  28.9430]CLOSE-5-5
[  28.9430]OPEN-5-5
[  29.0360]ARRIVE-3-2
[  29.1330]RECEIVE-45-5
[  29.1340]IN-13-3-1
[  29.1390]CLOSE-11-6
[  29.1430]IN-31-5-5
[  29.2370]ARRIVE-8-3
[  29.2370]OPEN-8-3
[  29.2650]ARRIVE-7-4
[  29.3340]CLOSE-3-1
[  29.3430]CLOSE-5-5
[  29.4370]ARRIVE-2-2
[  29.4370]OPEN-2-2
[  29.4370]IN-62-8-3
[  29.5390]ARRIVE-10-6
[  29.6370]OUT-9-2-2
[  29.6370]CLOSE-8-3
[  29.6650]ARRIVE-6-4
[  29.7340]ARRIVE-4-1
[  29.7350]OPEN-4-1
[  29.7440]ARRIVE-6-5
[  29.7440]OPEN-6-5
[  29.8370]CLOSE-2-2
[  29.9350]OUT-13-4-1
[  29.9390]ARRIVE-9-6
[  29.9400]OPEN-9-6
[  29.9440]IN-45-6-5
[  30.0370]ARRIVE-9-3
[  30.0650]ARRIVE-5-4
[  30.1350]CLOSE-4-1
[  30.1400]OUT-60-9-6
[  30.1400]IN-63-9-6
[  30.1440]CLOSE-6-5
[  30.3400]CLOSE-9-6
[  30.4380]ARRIVE-10-3
[  30.4650]ARRIVE-4-4
[  30.5440]ARRIVE-7-5
[  30.5450]OPEN-7-5
[  30.7400]ARRIVE-8-6
[  30.7410]OPEN-8-6
[  30.7450]OUT-31-7-5
[  30.8380]ARRIVE-11-3
[  30.8380]OPEN-11-3
[  30.8610]RECEIVE-23-6
[  30.8620]RECEIVE-10-5
[  30.8650]ARRIVE-3-4
[  30.9410]OUT-63-8-6
[  30.9450]CLOSE-7-5
[  30.9450]OPEN-7-5
[  31.0380]OUT-11-11-3
[  31.0380]OUT-62-11-3
[  31.1410]CLOSE-8-6
[  31.1450]IN-10-7-5
[  31.2330]RECEIVE-47-5
[  31.2390]CLOSE-11-3
[  31.2660]ARRIVE-2-4
[  31.3450]CLOSE-7-5
[  31.3450]OPEN-7-5
[  31.5330]RECEIVE-36-1
[  31.5410]ARRIVE-9-6
[  31.5410]OPEN-9-6
[  31.5460]IN-47-7-5
[  31.6680]ARRIVE-1-4
[  31.6680]OPEN-1-4
[  31.7420]IN-23-9-6
[  31.7460]CLOSE-7-5
[  31.8680]OUT-68-1-4
[  31.9330]ARRIVE-5-1
[  31.9330]OPEN-5-1
[  31.9420]CLOSE-9-6
[  32.0680]CLOSE-1-4
[  32.1330]IN-36-5-1
[  32.1460]ARRIVE-8-5
[  32.3330]RECEIVE-12-3
[  32.3330]OPEN-11-3
[  32.3340]CLOSE-5-1
[  32.3420]ARRIVE-8-6
[  32.5330]IN-12-11-3
[  32.5460]ARRIVE-9-5
[  32.5460]OPEN-9-5
[  32.7330]RECEIVE-43-6
[  32.7340]CLOSE-11-3
[  32.7340]ARRIVE-4-1
[  32.7420]ARRIVE-7-6
[  32.7460]OUT-10-9-5
[  32.7460]OUT-47-9-5
[  32.8340]RECEIVE-65-3
[  32.9460]CLOSE-9-5
[  33.1340]ARRIVE-10-3
[  33.1340]OPEN-10-3
[  33.1340]ARRIVE-3-1
[  33.1420]ARRIVE-6-6
[  33.3330]RECEIVE-41-2
[  33.3340]IN-65-10-3
[  33.3470]ARRIVE-10-5
[  33.3470]OPEN-10-5
[  33.5330]RECEIVE-64-4
[  33.5340]ARRIVE-2-1
[  33.5350]CLOSE-10-3
[  33.5430]ARRIVE-5-6
[  33.5470]OUT-45-10-5
[  33.7330]ARRIVE-3-2
[  33.7470]CLOSE-10-5
[  33.9350]ARRIVE-1-1
[  33.9350]OPEN-1-1
[  33.9360]ARRIVE-9-3
[  33.9360]ARRIVE-2-4
[  33.9370]RECEIVE-19-2
[  33.9430]ARRIVE-4-6
[  34.1330]ARRIVE-4-2
[  34.1330]OPEN-4-2
[  34.1350]OUT-36-1-1
[  34.3330]IN-19-4-2
[  34.3350]CLOSE-1-1
[  34.3360]ARRIVE-8-3
[  34.3360]ARRIVE-3-4
[  34.3430]ARRIVE-3-6
[  34.3430]OPEN-3-6
[  34.5340]CLOSE-4-2
[  34.5430]OUT-23-3-6
[  34.7360]ARRIVE-7-3
[  34.7360]ARRIVE-4-4
[  34.7430]CLOSE-3-6
[  34.9340]ARRIVE-5-2
[  35.1360]ARRIVE-6-3
[  35.1370]ARRIVE-5-4
[  35.1370]OPEN-5-4
[  35.1430]ARRIVE-4-6
[  35.2480]RECEIVE-20-1
[  35.3340]ARRIVE-6-2
[  35.3340]OPEN-6-2
[  35.3370]IN-64-5-4
[  35.5320]RECEIVE-50-4
[  35.5350]IN-41-6-2
[  35.5370]ARRIVE-5-3
[  35.5370]CLOSE-5-4
[  35.5440]ARRIVE-5-6
[  35.6490]ARRIVE-2-1
[  35.7350]CLOSE-6-2
[  35.9370]ARRIVE-4-3
[  35.9370]ARRIVE-4-4
[  35.9370]OPEN-4-3
[  35.9440]ARRIVE-6-6
[  36.0490]ARRIVE-3-1
[  36.1350]ARRIVE-7-2
[  36.1350]OPEN-7-2
[  36.1370]OUT-12-4-3
[  36.3360]OUT-41-7-2
[  36.3370]ARRIVE-3-4
[  36.3370]OPEN-3-4
[  36.3380]CLOSE-4-3
[  36.3440]ARRIVE-7-6
[  36.4490]ARRIVE-4-1
[  36.4490]OPEN-4-1
[  36.5360]CLOSE-7-2
[  36.5370]IN-50-3-4
[  36.6490]IN-20-4-1
[  36.7370]RECEIVE-57-5
[  36.7370]OPEN-10-5
[  36.7380]CLOSE-3-4
[  36.7380]ARRIVE-3-3
[  36.7440]ARRIVE-8-6
[  36.7440]OPEN-8-6
[  36.8500]CLOSE-4-1
[  36.9360]ARRIVE-8-2
[  36.9380]IN-57-10-5
[  36.9440]IN-43-8-6
[  37.1380]CLOSE-10-5
[  37.1380]ARRIVE-2-4
[  37.1380]ARRIVE-2-3
[  37.1380]OPEN-2-3
[  37.1440]CLOSE-8-6
[  37.2500]ARRIVE-5-1
[  37.3360]ARRIVE-9-2
[  37.3390]OUT-65-2-3
[  37.4320]RECEIVE-51-2
[  37.5320]RECEIVE-32-1
[  37.5380]ARRIVE-11-5
[  37.5380]ARRIVE-1-4
[  37.5380]OPEN-1-4
[  37.5390]CLOSE-2-3
[  37.5390]OPEN-11-5
[  37.5450]ARRIVE-7-6
[  37.6500]ARRIVE-6-1
[  37.7370]ARRIVE-10-2
[  37.7370]OPEN-10-2
[  37.7380]OUT-64-1-4
[  37.7380]OUT-50-1-4
[  37.7390]OUT-57-11-5
[  37.9370]OUT-19-10-2
[  37.9390]CLOSE-1-4
[  37.9390]CLOSE-11-5
[  37.9450]ARRIVE-6-6
[  38.0500]ARRIVE-7-1
[  38.1370]CLOSE-10-2
[  38.3450]ARRIVE-5-6
[  38.4500]ARRIVE-8-1
[  38.4510]OPEN-8-1
[  38.5380]ARRIVE-9-2
[  38.5380]OPEN-9-2
[  38.6510]OUT-20-8-1
[  38.7380]IN-51-9-2
[  38.7450]ARRIVE-4-6
[  38.8510]CLOSE-8-1
[  38.8510]OPEN-8-1
[  38.9380]CLOSE-9-2
[  39.0510]IN-32-8-1
[  39.1450]ARRIVE-3-6
[  39.2440]RECEIVE-46-1
[  39.2520]CLOSE-8-1
[  39.3380]ARRIVE-8-2
[  39.5320]RECEIVE-69-5
[  39.5460]ARRIVE-2-6
[  39.6520]ARRIVE-7-1
[  39.6520]OPEN-7-1
[  39.7380]ARRIVE-7-2
[  39.8520]OUT-32-7-1
[  39.8520]IN-46-7-1
[  39.9320]ARRIVE-10-5
[  39.9330]OPEN-10-5
[  39.9460]ARRIVE-1-6
[  39.9460]OPEN-1-6
[  40.0520]CLOSE-7-1
[  40.1330]IN-69-10-5
[  40.1390]ARRIVE-6-2
[  40.1390]OPEN-6-2
[  40.1460]OUT-43-1-6
[  40.3330]CLOSE-10-5
[  40.3340]RECEIVE-67-2
[  40.3390]OUT-51-6-2
[  40.3390]IN-67-6-2
[  40.3460]CLOSE-1-6
[  40.4530]ARRIVE-6-1
[  40.4530]OPEN-6-1
[  40.5390]CLOSE-6-2
[  40.6530]OUT-46-6-1
[  40.7330]ARRIVE-9-5
[  40.8530]CLOSE-6-1
[  40.9330]RECEIVE-66-1
[  40.9390]ARRIVE-5-2
[  40.9390]OPEN-5-2
[  41.1330]ARRIVE-8-5
[  41.1400]OUT-67-5-2
[  41.3330]ARRIVE-5-1
[  41.3400]CLOSE-5-2
[  41.5340]ARRIVE-7-5
[  41.7330]ARRIVE-4-1
[  41.7340]OPEN-4-1
[  41.9340]IN-66-4-1
[  41.9340]ARRIVE-6-5
[  42.1340]CLOSE-4-1
[  42.3340]ARRIVE-5-5
[  42.3340]OPEN-5-5
[  42.5340]RECEIVE-52-2
[  42.5340]OUT-69-5-5
[  42.5350]ARRIVE-5-1
[  42.7340]CLOSE-5-5
[  42.9340]ARRIVE-6-2
[  42.9350]ARRIVE-6-1
[  43.3340]ARRIVE-7-2
[  43.3350]ARRIVE-7-1
[  43.7340]ARRIVE-8-2
[  43.7350]ARRIVE-8-1
[  44.1350]ARRIVE-9-2
[  44.1350]OPEN-9-2
[  44.1360]ARRIVE-9-1
[  44.1360]OPEN-9-1
[  44.3350]IN-52-9-2
[  44.3360]OUT-66-9-1
[  44.5350]CLOSE-9-2
[  44.5360]CLOSE-9-1
[  44.6340]RECEIVE-54-5
[  44.9350]ARRIVE-8-2
[  45.0340]ARRIVE-4-5
[  45.0340]OPEN-4-5
[  45.2330]RECEIVE-34-5
[  45.2340]IN-54-4-5
[  45.3360]ARRIVE-7-2
[  45.4340]RECEIVE-17-3
[  45.4340]OPEN-2-3
[  45.4350]CLOSE-4-5
[  45.4360]RECEIVE-7-1
[  45.4360]OPEN-9-1
[  45.6340]IN-17-2-3
[  45.6360]IN-7-9-1
[  45.7350]RECEIVE-8-2
[  45.7360]ARRIVE-6-2
[  45.8350]CLOSE-2-3
[  45.8350]ARRIVE-5-5
[  45.8350]OPEN-5-5
[  45.8360]CLOSE-9-1
[  46.0350]IN-34-5-5
[  46.1360]ARRIVE-5-2
[  46.2350]ARRIVE-3-3
[  46.2360]CLOSE-5-5
[  46.2360]ARRIVE-8-1
[  46.2360]OPEN-8-1
[  46.4370]OUT-7-8-1
[  46.5360]ARRIVE-4-2
[  46.6350]ARRIVE-4-3
[  46.6360]ARRIVE-6-5
[  46.6360]OPEN-6-5
[  46.6370]CLOSE-8-1
[  46.8360]OUT-54-6-5
[  46.8360]OUT-34-6-5
[  46.9370]ARRIVE-3-2
[  46.9370]OPEN-3-2
[  47.0360]ARRIVE-5-3
[  47.0360]CLOSE-6-5
[  47.1370]OUT-52-3-2
[  47.1430]RECEIVE-33-1
[  47.3370]CLOSE-3-2
[  47.4360]ARRIVE-6-3
[  47.5440]ARRIVE-9-1
[  47.5440]OPEN-9-1
[  47.7370]ARRIVE-4-2
[  47.7440]IN-33-9-1
[  47.8360]ARRIVE-7-3
[  47.9440]CLOSE-9-1
[  48.1370]ARRIVE-5-2
[  48.2360]ARRIVE-8-3
[  48.3440]ARRIVE-8-1
[  48.5380]ARRIVE-6-2
[  48.6370]ARRIVE-9-3
[  48.7440]ARRIVE-7-1
[  48.9380]ARRIVE-7-2
[  48.9380]OPEN-7-2
[  49.0370]ARRIVE-10-3
[  49.1380]IN-8-7-2
[  49.1450]ARRIVE-6-1
[  49.3380]CLOSE-7-2
[  49.4370]ARRIVE-11-3
[  49.4370]OPEN-11-3
[  49.5390]RESET_ACCEPT-2-6-0.2
[  49.5450]ARRIVE-5-1
[  49.6370]OUT-17-11-3
[  49.7390]ARRIVE-6-2
[  49.7390]OPEN-6-2
[  49.8380]CLOSE-11-3
[  49.9390]OUT-8-6-2
[  49.9450]ARRIVE-4-1
[  50.1390]CLOSE-6-2
[  50.1390]RESET_BEGIN-2
[  50.3450]ARRIVE-3-1
[  50.3450]OPEN-3-1
[  50.5460]OUT-33-3-1
[  50.7460]CLOSE-3-1
[  51.3390]RESET_END-2
