[   1.2770]RECEIVE-9-5
[   1.2770]RECEIVE-49-2
[   1.4730]RECEIVE-59-2
[   1.5770]RECEIVE-3-6
[   1.6780]ARRIVE-2-5
[   1.6780]ARRIVE-2-2
[   1.9780]ARRIVE-2-6
[   2.0780]ARRIVE-3-5
[   2.0780]ARRIVE-3-2
[   2.0790]OPEN-3-5
[   2.2790]IN-9-3-5
[   2.3780]ARRIVE-3-6
[   2.4790]ARRIVE-4-2
[   2.4790]CLOSE-3-5
[   2.7790]ARRIVE-4-6
[   2.8790]ARRIVE-5-2
[   2.8800]ARRIVE-4-5
[   2.8800]OPEN-4-5
[   3.0800]OUT-9-4-5
[   3.1790]ARRIVE-5-6
[   3.2800]ARRIVE-6-2
[   3.2800]OPEN-6-2
[   3.2810]CLOSE-4-5
[   3.4800]IN-59-6-2
[   3.5790]ARRIVE-6-6
[   3.5800]OPEN-6-6
[   3.6810]CLOSE-6-2
[   3.7800]IN-3-6-6
[   3.9800]CLOSE-6-6
[   4.0810]ARRIVE-5-2
[   4.1750]RECEIVE-66-5
[   4.3810]ARRIVE-5-6
[   4.4730]RECEIVE-4-1
[   4.4810]ARRIVE-4-2
[   4.5750]ARRIVE-5-5
[   4.7730]RECEIVE-28-1
[   4.7810]ARRIVE-4-6
[   4.8730]ARRIVE-2-1
[   4.8820]ARRIVE-3-2
[   4.8820]OPEN-3-2
[   4.9750]ARRIVE-6-5
[   5.0820]IN-49-3-2
[   5.1730]RECEIVE-39-4
[   5.1820]ARRIVE-3-6
[   5.1820]OPEN-3-6
[   5.2740]ARRIVE-3-1
[   5.2740]OPEN-3-1
[   5.2830]CLOSE-3-2
[   5.3730]RECEIVE-6-5
[   5.3760]ARRIVE-7-5
[   5.3820]OUT-3-3-6
[   5.4740]IN-4-3-1
[   5.5730]ARRIVE-2-4
[   5.5830]CLOSE-3-6
[   5.6730]RECEIVE-67-3
[   5.6740]CLOSE-3-1
[   5.6830]ARRIVE-2-2
[   5.7760]ARRIVE-8-5
[   5.9730]RECEIVE-33-5
[   5.9730]ARRIVE-3-4
[   5.9730]OPEN-3-4
[   6.0730]ARRIVE-2-3
[   6.0750]ARRIVE-4-1
[   6.0830]ARRIVE-1-2
[   6.0840]OPEN-1-2
[   6.1740]IN-39-3-4
[   6.1760]ARRIVE-9-5
[   6.2840]OUT-59-1-2
[   6.2840]OUT-49-1-2
[   6.3740]CLOSE-3-4
[   6.4740]ARRIVE-3-3
[   6.4750]ARRIVE-5-1
[   6.4750]OPEN-5-1
[   6.4840]CLOSE-1-2
[   6.5770]ARRIVE-10-5
[   6.6750]OUT-4-5-1
[   6.7730]RECEIVE-29-1
[   6.7740]ARRIVE-4-4
[   6.8740]ARRIVE-4-3
[   6.8760]CLOSE-5-1
[   6.9770]ARRIVE-11-5
[   6.9770]OPEN-11-5
[   7.1750]ARRIVE-5-4
[   7.1770]IN-6-11-5
[   7.2740]ARRIVE-5-3
[   7.2760]ARRIVE-6-1
[   7.3780]CLOSE-11-5
[   7.4730]RECEIVE-7-6
[   7.5750]ARRIVE-6-4
[   7.6750]ARRIVE-6-3
[   7.6760]ARRIVE-7-1
[   7.6760]OPEN-7-1
[   7.7780]ARRIVE-10-5
[   7.8730]ARRIVE-4-6
[   7.8770]IN-29-7-1
[   7.9760]ARRIVE-7-4
[   8.0750]ARRIVE-7-3
[   8.0750]OPEN-7-3
[   8.0770]CLOSE-7-1
[   8.1720]RECEIVE-60-6
[   8.1790]ARRIVE-9-5
[   8.2740]ARRIVE-5-6
[   8.2760]IN-67-7-3
[   8.3760]ARRIVE-8-4
[   8.3760]OPEN-8-4
[   8.4760]CLOSE-7-3
[   8.4770]ARRIVE-8-1
[   8.4770]OPEN-8-1
[   8.5720]RECEIVE-47-6
[   8.5760]OUT-39-8-4
[   8.5790]ARRIVE-8-5
[   8.5790]OPEN-8-5
[   8.6740]ARRIVE-6-6
[   8.6780]OUT-29-8-1
[   8.7770]CLOSE-8-4
[   8.7790]IN-66-8-5
[   8.8760]ARRIVE-6-3
[   8.8780]CLOSE-8-1
[   8.9800]CLOSE-8-5
[   9.0750]ARRIVE-7-6
[   9.0750]OPEN-7-6
[   9.2750]IN-47-7-6
[   9.2770]ARRIVE-5-3
[   9.2780]ARRIVE-7-1
[   9.3800]ARRIVE-7-5
[   9.4750]CLOSE-7-6
[   9.6770]ARRIVE-4-3
[   9.6780]ARRIVE-6-1
[   9.7810]ARRIVE-6-5
[   9.8760]ARRIVE-6-6
[   9.8760]OPEN-6-6
[  10.0760]IN-7-6-6
[  10.0760]IN-60-6-6
[  10.0770]ARRIVE-3-3
[  10.0770]OPEN-3-3
[  10.0790]ARRIVE-5-1
[  10.1730]RECEIVE-25-2
[  10.1810]ARRIVE-5-5
[  10.2770]CLOSE-6-6
[  10.2780]OUT-67-3-3
[  10.3730]RESET_ACCEPT-3-6-0.5
[  10.4780]CLOSE-3-3
[  10.4790]RESET_BEGIN-3
[  10.4790]ARRIVE-4-1
[  10.5730]RECEIVE-45-1
[  10.5730]ARRIVE-2-2
[  10.5810]ARRIVE-4-5
[  10.5810]OPEN-4-5
[  10.6770]ARRIVE-5-6
[  10.7810]OUT-66-4-5
[  10.8790]ARRIVE-3-1
[  10.9740]ARRIVE-3-2
[  10.9820]CLOSE-4-5
[  11.0770]ARRIVE-4-6
[  11.0780]OPEN-4-6
[  11.2780]OUT-7-4-6
[  11.2780]OUT-60-4-6
[  11.2790]ARRIVE-2-1
[  11.3740]ARRIVE-4-2
[  11.3820]ARRIVE-3-5
[  11.3820]OPEN-3-5
[  11.4780]CLOSE-4-6
[  11.5830]IN-33-3-5
[  11.6790]RESET_END-3
[  11.6790]RECEIVE-57-3
[  11.6790]RECEIVE-63-3
[  11.6800]ARRIVE-1-1
[  11.6800]OPEN-1-1
[  11.7740]ARRIVE-5-2
[  11.7830]CLOSE-3-5
[  11.8780]ARRIVE-3-6
[  11.8800]IN-28-1-1
[  12.0800]CLOSE-1-1
[  12.1750]ARRIVE-6-2
[  12.1800]ARRIVE-2-3
[  12.1830]ARRIVE-2-5
[  12.2790]ARRIVE-2-6
[  12.2790]OPEN-2-6
[  12.4790]OUT-47-2-6
[  12.4810]ARRIVE-2-1
[  12.5750]ARRIVE-7-2
[  12.5830]ARRIVE-1-5
[  12.5840]OPEN-1-5
[  12.6800]CLOSE-2-6
[  12.6800]ARRIVE-1-3
[  12.6800]OPEN-1-3
[  12.7840]OUT-6-1-5
[  12.7840]OUT-33-1-5
[  12.8800]IN-57-1-3
[  12.8810]IN-63-1-3
[  12.8810]ARRIVE-3-1
[  12.8810]OPEN-3-1
[  12.9740]RECEIVE-40-6
[  12.9750]ARRIVE-8-2
[  12.9840]CLOSE-1-5
[  13.0810]CLOSE-1-3
[  13.0810]IN-45-3-1
[  13.2810]CLOSE-3-1
[  13.3750]ARRIVE-3-6
[  13.3760]ARRIVE-9-2
[  13.5810]ARRIVE-2-3
[  13.6820]ARRIVE-4-1
[  13.7730]RECEIVE-1-5
[  13.7750]ARRIVE-4-6
[  13.7760]ARRIVE-10-2
[  14.0810]ARRIVE-3-3
[  14.0820]ARRIVE-5-1
[  14.1730]ARRIVE-2-5
[  14.1750]ARRIVE-5-6
[  14.1760]ARRIVE-11-2
[  14.1760]OPEN-11-2
[  14.3760]IN-25-11-2
[  14.4820]ARRIVE-6-1
[  14.5790]ARRIVE-3-5
[  14.5790]CLOSE-11-2
[  14.5790]ARRIVE-6-6
[  14.5820]ARRIVE-4-3
[  14.8830]ARRIVE-7-1
[  14.9790]ARRIVE-4-5
[  14.9790]ARRIVE-10-2
[  14.9790]ARRIVE-7-6
[  15.0820]ARRIVE-5-3
[  15.2740]RESET_ACCEPT-5-5-0.6
[  15.2830]ARRIVE-8-1
[  15.2830]OPEN-8-1
[  15.3790]ARRIVE-5-5
[  15.3790]ARRIVE-8-6
[  15.3800]ARRIVE-9-2
[  15.3800]RECEIVE-1-3
[  15.3800]RESET_BEGIN-5
[  15.4830]OUT-28-8-1
[  15.5820]ARRIVE-6-3
[  15.6840]CLOSE-8-1
[  15.7800]ARRIVE-9-6
[  15.7800]ARRIVE-8-2
[  16.0830]ARRIVE-7-3
[  16.0840]ARRIVE-9-1
[  16.1800]ARRIVE-10-6
[  16.1800]ARRIVE-7-2
[  16.1810]OPEN-10-6
[  16.3810]IN-40-10-6
[  16.4840]ARRIVE-10-1
[  16.5800]RESET_END-5
[  16.5800]RECEIVE-24-5
[  16.5810]OPEN-5-5
[  16.5810]RECEIVE-42-6
[  16.5810]RECEIVE-68-6
[  16.5810]ARRIVE-6-2
[  16.5810]CLOSE-10-6
[  16.5830]ARRIVE-8-3
[  16.7810]IN-24-5-5
[  16.8850]ARRIVE-11-1
[  16.8850]OPEN-11-1
[  16.9810]ARRIVE-5-2
[  16.9810]ARRIVE-9-6
[  16.9820]CLOSE-5-5
[  16.9820]OPEN-9-6
[  17.0730]RECEIVE-38-5
[  17.0830]ARRIVE-9-3
[  17.0830]OPEN-9-3
[  17.0850]OUT-45-11-1
[  17.1820]IN-68-9-6
[  17.2840]OUT-57-9-3
[  17.2850]CLOSE-11-1
[  17.3820]ARRIVE-4-2
[  17.3820]CLOSE-9-6
[  17.4730]RECEIVE-13-5
[  17.4840]CLOSE-9-3
[  17.5820]ARRIVE-6-5
[  17.7820]ARRIVE-3-2
[  17.7820]OPEN-3-2
[  17.7830]ARRIVE-8-6
[  17.9820]OUT-25-3-2
[  17.9840]ARRIVE-10-3
[  17.9840]OPEN-10-3
[  18.1820]ARRIVE-7-5
[  18.1820]OPEN-7-5
[  18.1830]CLOSE-3-2
[  18.1830]ARRIVE-7-6
[  18.1850]OUT-63-10-3
[  18.3830]OUT-24-7-5
[  18.3850]CLOSE-10-3
[  18.5830]CLOSE-7-5
[  18.5830]ARRIVE-6-6
[  18.5830]OPEN-6-6
[  18.7840]OUT-40-6-6
[  18.8850]ARRIVE-9-3
[  18.9840]CLOSE-6-6
[  19.1830]ARRIVE-8-5
[  19.2740]RECEIVE-61-3
[  19.3840]ARRIVE-5-6
[  19.3850]ARRIVE-8-3
[  19.7840]ARRIVE-9-5
[  19.7840]ARRIVE-4-6
[  19.8850]ARRIVE-7-3
[  20.1730]RECEIVE-22-6
[  20.1850]ARRIVE-3-6
[  20.3840]ARRIVE-10-5
[  20.3860]ARRIVE-6-3
[  20.3860]OPEN-6-3
[  20.5730]RECEIVE-51-3
[  20.5850]ARRIVE-2-6
[  20.5860]IN-1-6-3
[  20.7730]RECEIVE-62-6
[  20.7860]CLOSE-6-3
[  20.9840]ARRIVE-11-5
[  20.9840]OPEN-11-5
[  20.9850]ARRIVE-1-6
[  20.9850]OPEN-1-6
[  21.1850]IN-38-11-5
[  21.1850]IN-13-11-5
[  21.1850]OUT-68-1-6
[  21.2870]ARRIVE-5-3
[  21.3850]CLOSE-11-5
[  21.3860]CLOSE-1-6
[  21.6730]RECEIVE-58-5
[  21.7720]RECEIVE-11-3
[  21.7860]ARRIVE-2-6
[  21.7870]ARRIVE-4-3
[  21.7880]OPEN-4-3
[  21.9850]ARRIVE-10-5
[  21.9880]OUT-1-4-3
[  22.1860]ARRIVE-3-6
[  22.1860]OPEN-3-6
[  22.1880]CLOSE-4-3
[  22.3860]IN-22-3-6
[  22.4730]RECEIVE-43-2
[  22.5860]ARRIVE-9-5
[  22.5860]OPEN-9-5
[  22.5870]CLOSE-3-6
[  22.6880]ARRIVE-3-3
[  22.7860]OUT-13-9-5
[  22.8730]ARRIVE-4-2
[  22.9860]CLOSE-9-5
[  22.9870]ARRIVE-4-6
[  22.9870]OPEN-4-6
[  23.1870]OUT-22-4-6
[  23.1890]ARRIVE-2-3
[  23.1890]OPEN-2-3
[  23.2730]RESET_ACCEPT-1-3-0.2
[  23.2730]RESET_BEGIN-1
[  23.2740]ARRIVE-5-2
[  23.3720]RECEIVE-17-3
[  23.3870]CLOSE-4-6
[  23.3890]IN-51-2-3
[  23.3890]IN-11-2-3
[  23.5870]ARRIVE-8-5
[  23.5890]CLOSE-2-3
[  23.6740]ARRIVE-6-2
[  23.7920]ARRIVE-5-6
[  24.0740]ARRIVE-7-2
[  24.0890]ARRIVE-3-3
[  24.1870]ARRIVE-7-5
[  24.1930]ARRIVE-6-6
[  24.4730]RESET_END-1
[  24.4730]RECEIVE-10-3
[  24.4740]ARRIVE-8-2
[  24.5720]RECEIVE-46-5
[  24.5900]ARRIVE-4-3
[  24.5930]ARRIVE-7-6
[  24.7870]ARRIVE-6-5
[  24.8750]ARRIVE-9-2
[  24.9930]ARRIVE-8-6
[  24.9930]OPEN-8-6
[  25.0900]ARRIVE-5-3
[  25.2010]IN-62-8-6
[  25.2750]ARRIVE-10-2
[  25.3880]ARRIVE-5-5
[  25.4010]CLOSE-8-6
[  25.5900]ARRIVE-6-3
[  25.6750]ARRIVE-11-2
[  25.6750]OPEN-11-2
[  25.8020]ARRIVE-9-6
[  25.8760]IN-43-11-2
[  25.9730]RECEIVE-69-6
[  25.9880]ARRIVE-4-5
[  26.0760]CLOSE-11-2
[  26.0910]ARRIVE-7-3
[  26.2020]ARRIVE-10-6
[  26.2020]OPEN-10-6
[  26.4020]OUT-62-10-6
[  26.4760]ARRIVE-10-2
[  26.4760]OPEN-10-2
[  26.5880]ARRIVE-3-5
[  26.5880]OPEN-3-5
[  26.5910]ARRIVE-8-3
[  26.6030]CLOSE-10-6
[  26.6770]OUT-43-10-2
[  26.7880]OUT-38-3-5
[  26.8770]CLOSE-10-2
[  26.9890]CLOSE-3-5
[  27.0030]ARRIVE-11-6
[  27.0030]OPEN-11-6
[  27.0910]ARRIVE-9-3
[  27.0910]OPEN-9-3
[  27.2030]IN-42-11-6
[  27.2910]OUT-51-9-3
[  27.4030]CLOSE-11-6
[  27.4920]CLOSE-9-3
[  27.5740]RECEIVE-26-3
[  27.5890]ARRIVE-2-5
[  27.5890]OPEN-2-5
[  27.7890]IN-58-2-5
[  27.8040]ARRIVE-10-6
[  27.9730]RECEIVE-56-5
[  27.9900]CLOSE-2-5
[  27.9920]ARRIVE-10-3
[  28.2040]ARRIVE-9-6
[  28.4920]ARRIVE-11-3
[  28.4920]OPEN-11-3
[  28.5900]ARRIVE-3-5
[  28.6040]ARRIVE-8-6
[  28.6040]OPEN-8-6
[  28.6920]OUT-11-11-3
[  28.8050]OUT-42-8-6
[  28.8930]CLOSE-11-3
[  28.8930]OPEN-11-3
[  29.0050]CLOSE-8-6
[  29.0730]RECEIVE-53-6
[  29.0930]IN-61-11-3
[  29.1900]ARRIVE-4-5
[  29.1900]OPEN-4-5
[  29.2720]RECEIVE-54-6
[  29.2730]RECEIVE-23-6
[  29.2930]CLOSE-11-3
[  29.3900]OUT-58-4-5
[  29.4050]ARRIVE-7-6
[  29.4050]OPEN-7-6
[  29.5910]CLOSE-4-5
[  29.6050]IN-54-7-6
[  29.7730]RECEIVE-65-5
[  29.7930]ARRIVE-10-3
[  29.8060]CLOSE-7-6
[  30.1920]ARRIVE-5-5
[  30.2060]ARRIVE-6-6
[  30.2730]RECEIVE-30-2
[  30.2940]ARRIVE-9-3
[  30.4730]RECEIVE-15-4
[  30.5720]RECEIVE-2-1
[  30.6060]ARRIVE-5-6
[  30.6730]ARRIVE-9-2
[  30.7730]ARRIVE-10-1
[  30.7920]ARRIVE-6-5
[  30.7940]ARRIVE-8-3
[  30.8730]ARRIVE-9-4
[  30.9730]ARRIVE-9-1
[  31.0060]ARRIVE-4-6
[  31.0060]OPEN-4-6
[  31.0730]ARRIVE-8-2
[  31.1730]ARRIVE-8-1
[  31.2070]IN-53-4-6
[  31.2730]ARRIVE-10-4
[  31.2730]OPEN-10-4
[  31.2940]ARRIVE-7-3
[  31.2940]OPEN-7-3
[  31.3730]ARRIVE-7-1
[  31.3930]ARRIVE-7-5
[  31.4070]CLOSE-4-6
[  31.4730]IN-15-10-4
[  31.4740]ARRIVE-7-2
[  31.4740]OPEN-7-2
[  31.4940]IN-17-7-3
[  31.5740]ARRIVE-6-1
[  31.6740]CLOSE-10-4
[  31.6740]IN-30-7-2
[  31.6950]CLOSE-7-3
[  31.7740]ARRIVE-5-1
[  31.8070]ARRIVE-3-6
[  31.8070]OPEN-3-6
[  31.8740]CLOSE-7-2
[  31.9740]ARRIVE-4-1
[  31.9930]ARRIVE-8-5
[  31.9930]OPEN-8-5
[  32.0070]OUT-54-3-6
[  32.0080]OUT-53-3-6
[  32.0740]ARRIVE-9-4
[  32.1750]ARRIVE-3-1
[  32.1930]IN-46-8-5
[  32.1950]ARRIVE-6-3
[  32.2080]CLOSE-3-6
[  32.2740]ARRIVE-6-2
[  32.3750]ARRIVE-2-1
[  32.3930]CLOSE-8-5
[  32.4740]ARRIVE-8-4
[  32.5740]RECEIVE-14-1
[  32.5750]ARRIVE-1-1
[  32.5750]OPEN-1-1
[  32.6080]ARRIVE-2-6
[  32.6080]OPEN-2-6
[  32.6750]ARRIVE-5-2
[  32.6950]ARRIVE-5-3
[  32.6950]OPEN-5-3
[  32.7750]IN-2-1-1
[  32.8080]IN-23-2-6
[  32.8740]ARRIVE-7-4
[  32.8950]OUT-17-5-3
[  32.9760]CLOSE-1-1
[  32.9940]ARRIVE-9-5
[  33.0080]CLOSE-2-6
[  33.0750]ARRIVE-4-2
[  33.0960]CLOSE-5-3
[  33.1760]ARRIVE-2-1
[  33.2750]ARRIVE-6-4
[  33.3760]ARRIVE-3-1
[  33.4090]ARRIVE-3-6
[  33.4090]OPEN-3-6
[  33.4730]RECEIVE-44-1
[  33.4750]ARRIVE-3-2
[  33.5760]ARRIVE-4-1
[  33.5940]ARRIVE-10-5
[  33.5940]OPEN-10-5
[  33.5960]ARRIVE-4-3
[  33.5960]OPEN-4-3
[  33.6090]IN-69-3-6
[  33.6750]ARRIVE-5-4
[  33.7770]ARRIVE-5-1
[  33.7940]OUT-46-10-5
[  33.7960]IN-10-4-3
[  33.8090]CLOSE-3-6
[  33.8750]ARRIVE-2-2
[  33.9770]ARRIVE-6-1
[  33.9940]CLOSE-10-5
[  33.9940]OPEN-10-5
[  33.9960]CLOSE-4-3
[  34.0730]RECEIVE-35-1
[  34.0750]ARRIVE-4-4
[  34.0750]OPEN-4-4
[  34.1770]ARRIVE-7-1
[  34.1950]IN-65-10-5
[  34.2090]ARRIVE-4-6
[  34.2750]OUT-15-4-4
[  34.2760]ARRIVE-1-2
[  34.2760]OPEN-1-2
[  34.3770]ARRIVE-8-1
[  34.3770]OPEN-8-1
[  34.3950]CLOSE-10-5
[  34.4760]CLOSE-4-4
[  34.4760]OUT-30-1-2
[  34.4970]ARRIVE-3-3
[  34.4970]OPEN-3-3
[  34.5730]RESET_ACCEPT-2-3-0.3
[  34.5730]RECEIVE-37-6
[  34.5780]OUT-2-8-1
[  34.6100]ARRIVE-5-6
[  34.6100]OPEN-5-6
[  34.6760]CLOSE-1-2
[  34.6760]RESET_BEGIN-2
[  34.6970]OUT-10-3-3
[  34.7780]CLOSE-8-1
[  34.8100]IN-37-5-6
[  34.8970]CLOSE-3-3
[  34.9780]ARRIVE-9-1
[  34.9780]OPEN-9-1
[  34.9950]ARRIVE-9-5
[  35.0100]CLOSE-5-6
[  35.1780]IN-35-9-1
[  35.3790]CLOSE-9-1
[  35.3970]ARRIVE-2-3
[  35.3970]OPEN-2-3
[  35.4100]ARRIVE-6-6
[  35.5790]ARRIVE-8-1
[  35.5950]ARRIVE-8-5
[  35.5980]OUT-61-2-3
[  35.7790]ARRIVE-7-1
[  35.7790]OPEN-7-1
[  35.7980]CLOSE-2-3
[  35.8110]ARRIVE-7-6
[  35.8110]OPEN-7-6
[  35.8760]RESET_END-2
[  35.8760]RECEIVE-16-2
[  35.9790]IN-44-7-1
[  36.0110]OUT-23-7-6
[  36.1770]ARRIVE-2-2
[  36.1800]CLOSE-7-1
[  36.1950]ARRIVE-7-5
[  36.2110]CLOSE-7-6
[  36.2980]ARRIVE-1-3
[  36.2980]OPEN-1-3
[  36.3800]ARRIVE-6-1
[  36.4770]ARRIVE-3-2
[  36.4980]IN-26-1-3
[  36.5800]ARRIVE-5-1
[  36.5800]OPEN-5-1
[  36.6110]ARRIVE-8-6
[  36.6990]CLOSE-1-3
[  36.7770]ARRIVE-4-2
[  36.7800]IN-14-5-1
[  36.7960]ARRIVE-6-5
[  36.9750]RECEIVE-18-3
[  36.9750]RECEIVE-70-1
[  36.9800]CLOSE-5-1
[  37.0120]ARRIVE-9-6
[  37.0120]OPEN-9-6
[  37.0770]ARRIVE-5-2
[  37.0770]OPEN-5-2
[  37.1810]ARRIVE-4-1
[  37.1810]OPEN-4-1
[  37.1990]ARRIVE-2-3
[  37.2120]OUT-69-9-6
[  37.2120]OUT-37-9-6
[  37.2780]IN-16-5-2
[  37.3810]OUT-35-4-1
[  37.3960]ARRIVE-5-5
[  37.4120]CLOSE-9-6
[  37.4780]CLOSE-5-2
[  37.5810]CLOSE-4-1
[  37.6990]ARRIVE-3-3
[  37.7780]ARRIVE-4-2
[  37.7810]ARRIVE-3-1
[  37.7810]OPEN-3-1
[  37.9730]RECEIVE-5-5
[  37.9810]OUT-14-3-1
[  37.9960]ARRIVE-4-5
[  37.9960]OPEN-4-5
[  38.0780]ARRIVE-3-2
[  38.1820]CLOSE-3-1
[  38.1960]OUT-65-4-5
[  38.1960]IN-56-4-5
[  38.1990]ARRIVE-4-3
[  38.3790]ARRIVE-2-2
[  38.3820]ARRIVE-2-1
[  38.3960]CLOSE-4-5
[  38.5730]RECEIVE-34-6
[  38.5820]ARRIVE-1-1
[  38.5820]OPEN-1-1
[  38.6720]RECEIVE-64-2
[  38.6790]ARRIVE-1-2
[  38.6790]OPEN-1-2
[  38.6990]ARRIVE-5-3
[  38.7820]OUT-44-1-1
[  38.8790]OUT-16-1-2
[  38.9730]ARRIVE-8-6
[  38.9830]CLOSE-1-1
[  38.9970]ARRIVE-3-5
[  39.0790]CLOSE-1-2
[  39.1830]ARRIVE-2-1
[  39.2000]ARRIVE-6-3
[  39.2000]OPEN-6-3
[  39.3730]ARRIVE-7-6
[  39.3800]ARRIVE-2-2
[  39.3830]ARRIVE-3-1
[  39.4000]OUT-26-6-3
[  39.5720]RESET_ACCEPT-6-4-0.3
[  39.5830]ARRIVE-4-1
[  39.5970]ARRIVE-2-5
[  39.6000]CLOSE-6-3
[  39.6800]ARRIVE-3-2
[  39.7740]ARRIVE-6-6
[  39.7740]RESET_BEGIN-6
[  39.7740]RECEIVE-34-4
[  39.7830]ARRIVE-5-1
[  39.7840]OPEN-5-1
[  39.9800]ARRIVE-4-2
[  39.9840]IN-70-5-1
[  40.1000]ARRIVE-7-3
[  40.1740]ARRIVE-3-4
[  40.1840]CLOSE-5-1
[  40.1970]ARRIVE-1-5
[  40.1970]OPEN-1-5
[  40.2730]RECEIVE-31-3
[  40.2800]ARRIVE-5-2
[  40.3840]ARRIVE-6-1
[  40.3970]OUT-56-1-5
[  40.5740]ARRIVE-2-4
[  40.5740]OPEN-2-4
[  40.5810]ARRIVE-6-2
[  40.5810]OPEN-6-2
[  40.5840]ARRIVE-7-1
[  40.5970]CLOSE-1-5
[  40.6010]ARRIVE-8-3
[  40.6010]OPEN-8-3
[  40.7740]IN-34-2-4
[  40.7810]IN-64-6-2
[  40.7840]ARRIVE-8-1
[  40.7850]OPEN-8-1
[  40.8010]IN-18-8-3
[  40.9740]RESET_END-6
[  40.9750]CLOSE-2-4
[  40.9810]CLOSE-6-2
[  40.9850]OUT-70-8-1
[  41.0010]CLOSE-8-3
[  41.1730]RECEIVE-20-3
[  41.1850]CLOSE-8-1
[  41.1980]ARRIVE-2-5
[  41.2810]ARRIVE-5-2
[  41.3750]ARRIVE-3-4
[  41.5010]ARRIVE-9-3
[  41.5810]ARRIVE-4-2
[  41.7750]ARRIVE-4-4
[  41.7980]ARRIVE-3-5
[  41.8820]ARRIVE-3-2
[  42.0010]ARRIVE-10-3
[  42.0020]OPEN-10-3
[  42.1750]ARRIVE-5-4
[  42.1820]ARRIVE-2-2
[  42.2020]OUT-18-10-3
[  42.3980]ARRIVE-4-5
[  42.4020]CLOSE-10-3
[  42.4020]OPEN-10-3
[  42.4820]ARRIVE-1-2
[  42.4820]OPEN-1-2
[  42.5750]ARRIVE-6-4
[  42.6020]IN-20-10-3
[  42.6820]OUT-64-1-2
[  42.8020]CLOSE-10-3
[  42.8820]CLOSE-1-2
[  42.9760]ARRIVE-7-4
[  42.9980]ARRIVE-5-5
[  43.1740]RECEIVE-27-2
[  43.3030]ARRIVE-9-3
[  43.3760]ARRIVE-8-4
[  43.4740]ARRIVE-2-2
[  43.5990]ARRIVE-6-5
[  43.7750]ARRIVE-3-2
[  43.7760]ARRIVE-9-4
[  43.8030]ARRIVE-8-3
[  43.8030]OPEN-8-3
[  43.8730]RECEIVE-41-1
[  44.0030]IN-31-8-3
[  44.0730]ARRIVE-9-1
[  44.0750]ARRIVE-4-2
[  44.1760]ARRIVE-10-4
[  44.1990]ARRIVE-7-5
[  44.2030]CLOSE-8-3
[  44.2730]RECEIVE-21-3
[  44.2730]ARRIVE-10-1
[  44.3750]ARRIVE-5-2
[  44.4730]ARRIVE-11-1
[  44.4740]OPEN-11-1
[  44.5760]ARRIVE-11-4
[  44.5770]OPEN-11-4
[  44.6740]IN-41-11-1
[  44.6750]ARRIVE-6-2
[  44.7040]ARRIVE-7-3
[  44.7040]OPEN-7-3
[  44.7730]RESET_ACCEPT-4-3-0.4
[  44.7730]RECEIVE-48-4
[  44.7770]OUT-34-11-4
[  44.7990]ARRIVE-8-5
[  44.8740]CLOSE-11-1
[  44.9040]IN-21-7-3
[  44.9750]ARRIVE-7-2
[  44.9760]OPEN-7-2
[  44.9770]CLOSE-11-4
[  44.9770]RESET_BEGIN-4
[  44.9770]RECEIVE-48-5
[  45.0730]RECEIVE-8-5
[  45.0740]ARRIVE-10-1
[  45.1040]CLOSE-7-3
[  45.1760]IN-27-7-2
[  45.2740]ARRIVE-9-1
[  45.2740]OPEN-9-1
[  45.3760]CLOSE-7-2
[  45.3990]ARRIVE-9-5
[  45.3990]OPEN-9-5
[  45.4750]OUT-41-9-1
[  45.6000]IN-5-9-5
[  45.6040]ARRIVE-6-3
[  45.6040]OPEN-6-3
[  45.6750]CLOSE-9-1
[  45.6760]ARRIVE-6-2
[  45.8000]CLOSE-9-5
[  45.8040]OUT-20-6-3
[  45.9760]ARRIVE-5-2
[  46.0050]CLOSE-6-3
[  46.1770]RESET_END-4
[  46.2760]ARRIVE-4-2
[  46.4000]ARRIVE-8-5
[  46.4000]OPEN-8-5
[  46.5050]ARRIVE-5-3
[  46.5050]OPEN-5-3
[  46.5770]ARRIVE-3-2
[  46.6000]OUT-5-8-5
[  46.7050]OUT-31-5-3
[  46.7050]OUT-21-5-3
[  46.8010]CLOSE-8-5
[  46.8770]ARRIVE-2-2
[  46.8770]OPEN-2-2
[  46.9050]CLOSE-5-3
[  47.0770]OUT-27-2-2
[  47.2770]CLOSE-2-2
[  47.4010]ARRIVE-7-5
[  48.0010]ARRIVE-6-5
[  48.2730]RECEIVE-32-5
[  48.6010]ARRIVE-5-5
[  49.2010]ARRIVE-4-5
[  49.8020]ARRIVE-3-5
[  50.4020]ARRIVE-2-5
[  51.0020]ARRIVE-1-5
[  51.0020]OPEN-1-5
[  51.2020]IN-8-1-5
[  51.4030]CLOSE-1-5
[  52.0030]ARRIVE-2-5
[  52.6030]ARRIVE-3-5
[  52.6030]OPEN-3-5
[  52.8030]IN-48-3-5
[  53.0030]CLOSE-3-5
[  53.6040]ARRIVE-4-5
[  54.2040]ARRIVE-5-5
[  54.8040]ARRIVE-6-5
[  55.4040]ARRIVE-7-5
[  55.4040]OPEN-7-5
[  55.6050]OUT-8-7-5
[  55.8050]CLOSE-7-5
[  56.4050]ARRIVE-8-5
[  57.0050]ARRIVE-9-5
[  57.6050]ARRIVE-10-5
[  57.6060]OPEN-10-5
[  57.8060]OUT-48-10-5
[  58.0060]CLOSE-10-5
[  58.6060]ARRIVE-11-5
[  58.6060]OPEN-11-5
[  58.8070]IN-32-11-5
[  59.0070]CLOSE-11-5
[  59.6070]ARRIVE-10-5
[  60.2070]ARRIVE-9-5
[  60.2070]OPEN-9-5
[  60.4070]OUT-32-9-5
[  60.6080]CLOSE-9-5
