[   1.1930]RECEIVE-52-1
[   1.4860]RECEIVE-41-2
[   1.4880]RECEIVE-48-3
[   1.4880]OPEN-1-3
[   1.5930]ARRIVE-2-1
[   1.6880]IN-48-1-3
[   1.7860]RECEIVE-13-4
[   1.8860]ARRIVE-2-2
[   1.8890]CLOSE-1-3
[   1.9930]ARRIVE-3-1
[   2.1860]ARRIVE-2-4
[   2.1860]OPEN-2-4
[   2.2860]ARRIVE-3-2
[   2.2890]ARRIVE-2-3
[   2.2900]OPEN-2-3
[   2.3870]IN-13-2-4
[   2.3940]ARRIVE-4-1
[   2.4900]OUT-48-2-3
[   2.5880]CLOSE-2-4
[   2.6870]ARRIVE-4-2
[   2.6900]CLOSE-2-3
[   2.7940]ARRIVE-5-1
[   2.9890]ARRIVE-3-4
[   3.0870]ARRIVE-5-2
[   3.1950]ARRIVE-6-1
[   3.1950]OPEN-6-1
[   3.3870]RECEIVE-1-2
[   3.3890]ARRIVE-4-4
[   3.3950]IN-52-6-1
[   3.4880]ARRIVE-6-2
[   3.5950]CLOSE-6-1
[   3.7890]ARRIVE-5-4
[   3.8880]ARRIVE-7-2
[   3.9960]ARRIVE-5-1
[   4.1900]ARRIVE-6-4
[   4.2870]RECEIVE-49-3
[   4.2890]ARRIVE-8-2
[   4.2910]RECEIVE-22-1
[   4.3960]ARRIVE-4-1
[   4.3970]OPEN-4-1
[   4.4860]RECEIVE-40-5
[   4.5900]ARRIVE-7-4
[   4.5970]OUT-52-4-1
[   4.6870]ARRIVE-3-3
[   4.6870]OPEN-3-3
[   4.6910]ARRIVE-9-2
[   4.7970]CLOSE-4-1
[   4.7980]OPEN-4-1
[   4.8860]ARRIVE-2-5
[   4.8870]IN-49-3-3
[   4.9910]ARRIVE-8-4
[   4.9910]OPEN-8-4
[   4.9980]IN-22-4-1
[   5.0880]CLOSE-3-3
[   5.0910]ARRIVE-10-2
[   5.1870]RECEIVE-14-4
[   5.1910]OUT-13-8-4
[   5.1990]CLOSE-4-1
[   5.2860]ARRIVE-3-5
[   5.2860]OPEN-3-5
[   5.3920]CLOSE-8-4
[   5.3920]OPEN-8-4
[   5.4870]IN-40-3-5
[   5.4880]ARRIVE-2-3
[   5.4880]OPEN-2-3
[   5.4910]ARRIVE-11-2
[   5.4910]OPEN-11-2
[   5.5920]IN-14-8-4
[   5.5990]ARRIVE-5-1
[   5.6870]CLOSE-3-5
[   5.6880]OUT-49-2-3
[   5.6920]IN-1-11-2
[   5.7920]CLOSE-8-4
[   5.8890]CLOSE-2-3
[   5.8920]CLOSE-11-2
[   5.9990]ARRIVE-6-1
[   6.0870]ARRIVE-4-5
[   6.1930]ARRIVE-7-4
[   6.2920]ARRIVE-10-2
[   6.4000]ARRIVE-7-1
[   6.4880]ARRIVE-5-5
[   6.4880]OPEN-5-5
[   6.5930]ARRIVE-6-4
[   6.6880]OUT-40-5-5
[   6.6930]ARRIVE-9-2
[   6.6930]OPEN-9-2
[   6.8000]ARRIVE-8-1
[   6.8890]CLOSE-5-5
[   6.8930]IN-41-9-2
[   6.9940]ARRIVE-5-4
[   6.9940]OPEN-5-4
[   7.0940]CLOSE-9-2
[   7.1940]OUT-14-5-4
[   7.2010]ARRIVE-9-1
[   7.3950]CLOSE-5-4
[   7.4940]ARRIVE-8-2
[   7.4940]OPEN-8-2
[   7.6010]ARRIVE-10-1
[   7.6010]OPEN-10-1
[   7.6950]OUT-41-8-2
[   7.8010]OUT-22-10-1
[   7.8870]RECEIVE-56-3
[   7.8950]CLOSE-8-2
[   7.9890]RECEIVE-62-4
[   8.0020]CLOSE-10-1
[   8.2880]ARRIVE-3-3
[   8.2880]OPEN-3-3
[   8.2960]ARRIVE-7-2
[   8.3860]RECEIVE-35-5
[   8.3890]ARRIVE-4-4
[   8.3900]OPEN-4-4
[   8.4880]IN-56-3-3
[   8.5900]IN-62-4-4
[   8.6880]CLOSE-3-3
[   8.6970]ARRIVE-6-2
[   8.6970]OPEN-6-2
[   8.7870]ARRIVE-4-5
[   8.7900]CLOSE-4-4
[   8.8850]RESET_ACCEPT-1-7-0.5
[   8.8850]RESET_BEGIN-1
[   8.8970]OUT-1-6-2
[   9.0890]ARRIVE-2-3
[   9.0890]OPEN-2-3
[   9.0970]CLOSE-6-2
[   9.1870]ARRIVE-3-5
[   9.1880]OPEN-3-5
[   9.1900]ARRIVE-5-4
[   9.2890]OUT-56-2-3
[   9.3880]IN-35-3-5
[   9.4900]CLOSE-2-3
[   9.5860]RECEIVE-28-3
[   9.5880]CLOSE-3-5
[   9.5910]ARRIVE-6-4
[   9.7910]RECEIVE-68-6
[   9.9860]ARRIVE-3-3
[   9.9860]OPEN-3-3
[   9.9880]ARRIVE-4-5
[   9.9910]ARRIVE-7-4
[  10.0860]RESET_END-1
[  10.1860]RECEIVE-57-2
[  10.1870]OPEN-6-2
[  10.1880]IN-28-3-3
[  10.1880]RECEIVE-7-1
[  10.1910]ARRIVE-2-6
[  10.3870]IN-57-6-2
[  10.3880]CLOSE-3-3
[  10.3890]ARRIVE-5-5
[  10.3910]ARRIVE-8-4
[  10.5870]CLOSE-6-2
[  10.5910]ARRIVE-3-6
[  10.5910]OPEN-3-6
[  10.6880]ARRIVE-9-1
[  10.7890]ARRIVE-4-3
[  10.7890]ARRIVE-6-5
[  10.7920]ARRIVE-9-4
[  10.7920]OPEN-9-4
[  10.7920]IN-68-3-6
[  10.9880]ARRIVE-5-2
[  10.9920]OUT-62-9-4
[  10.9920]CLOSE-3-6
[  11.1890]ARRIVE-8-1
[  11.1890]OPEN-8-1
[  11.1900]ARRIVE-7-5
[  11.1900]ARRIVE-5-3
[  11.1920]CLOSE-9-4
[  11.3890]ARRIVE-4-2
[  11.3890]IN-7-8-1
[  11.3920]ARRIVE-4-6
[  11.5900]CLOSE-8-1
[  11.5900]ARRIVE-8-5
[  11.5910]ARRIVE-6-3
[  11.7900]ARRIVE-3-2
[  11.7900]OPEN-3-2
[  11.7930]ARRIVE-5-6
[  11.9900]OUT-57-3-2
[  11.9910]ARRIVE-9-5
[  11.9910]ARRIVE-7-3
[  11.9910]OPEN-7-3
[  12.0900]ARRIVE-7-1
[  12.1900]CLOSE-3-2
[  12.1910]OUT-28-7-3
[  12.1930]ARRIVE-6-6
[  12.1930]OPEN-6-6
[  12.3860]RECEIVE-26-2
[  12.3910]ARRIVE-10-5
[  12.3910]OPEN-10-5
[  12.3910]CLOSE-7-3
[  12.3930]OUT-68-6-6
[  12.5910]ARRIVE-6-1
[  12.5910]OUT-35-10-5
[  12.5930]CLOSE-6-6
[  12.6860]RECEIVE-3-6
[  12.6870]RECEIVE-5-2
[  12.7860]ARRIVE-2-2
[  12.7860]OPEN-2-2
[  12.7910]CLOSE-10-5
[  12.9860]IN-26-2-2
[  13.0860]ARRIVE-5-6
[  13.0910]ARRIVE-5-1
[  13.1870]CLOSE-2-2
[  13.4860]ARRIVE-4-6
[  13.5870]ARRIVE-1-2
[  13.5870]OPEN-1-2
[  13.5910]ARRIVE-4-1
[  13.6860]RECEIVE-34-4
[  13.6860]OPEN-9-4
[  13.7870]OUT-26-1-2
[  13.8860]IN-34-9-4
[  13.8870]ARRIVE-3-6
[  13.8870]OPEN-3-6
[  13.9840]RESET_ACCEPT-1-6-0.4
[  13.9860]RECEIVE-55-5
[  13.9870]OPEN-10-5
[  13.9880]CLOSE-1-2
[  14.0840]RESET_ACCEPT-2-7-0.3
[  14.0870]CLOSE-9-4
[  14.0870]IN-3-3-6
[  14.0920]ARRIVE-3-1
[  14.0920]OPEN-3-1
[  14.1870]IN-55-10-5
[  14.2850]RECEIVE-66-3
[  14.2870]CLOSE-3-6
[  14.2920]OUT-7-3-1
[  14.3870]CLOSE-10-5
[  14.3880]ARRIVE-2-2
[  14.3880]RESET_BEGIN-2
[  14.3890]RECEIVE-5-4
[  14.4870]ARRIVE-8-4
[  14.4920]CLOSE-3-1
[  14.4930]RESET_BEGIN-1
[  14.6850]ARRIVE-8-3
[  14.6860]OPEN-8-3
[  14.6870]ARRIVE-4-6
[  14.7880]ARRIVE-9-5
[  14.8850]RESET_ACCEPT-5-5-0.3
[  14.8860]IN-66-8-3
[  14.8870]ARRIVE-7-4
[  14.8870]OPEN-7-4
[  14.9850]RECEIVE-50-5
[  15.0860]CLOSE-8-3
[  15.0880]ARRIVE-5-6
[  15.0880]OUT-34-7-4
[  15.1880]ARRIVE-8-5
[  15.1890]OPEN-8-5
[  15.2850]RECEIVE-46-6
[  15.2880]CLOSE-7-4
[  15.3890]OUT-55-8-5
[  15.3900]RECEIVE-55-3
[  15.4860]ARRIVE-7-3
[  15.4880]ARRIVE-6-6
[  15.5880]RESET_END-2
[  15.5890]CLOSE-8-5
[  15.5890]RESET_BEGIN-5
[  15.5910]RECEIVE-50-2
[  15.6880]ARRIVE-6-4
[  15.6930]RESET_END-1
[  15.8870]ARRIVE-6-3
[  15.8880]ARRIVE-7-6
[  15.8880]OPEN-7-6
[  15.8910]ARRIVE-3-2
[  16.0880]IN-46-7-6
[  16.0890]ARRIVE-5-4
[  16.1910]ARRIVE-4-2
[  16.2870]ARRIVE-5-3
[  16.2870]OPEN-5-3
[  16.2890]CLOSE-7-6
[  16.4880]OUT-66-5-3
[  16.4890]ARRIVE-4-4
[  16.4910]ARRIVE-5-2
[  16.6880]CLOSE-5-3
[  16.6890]ARRIVE-8-6
[  16.7900]RESET_END-5
[  16.7920]ARRIVE-6-2
[  16.7920]OPEN-6-2
[  16.8890]ARRIVE-3-4
[  16.9920]IN-50-6-2
[  17.0870]RECEIVE-53-1
[  17.0880]ARRIVE-6-3
[  17.0890]ARRIVE-9-6
[  17.1920]CLOSE-6-2
[  17.2900]ARRIVE-2-4
[  17.2900]OPEN-2-4
[  17.4880]ARRIVE-4-1
[  17.4880]ARRIVE-7-3
[  17.4890]ARRIVE-10-6
[  17.4900]OPEN-10-6
[  17.4900]IN-5-2-4
[  17.4930]ARRIVE-7-2
[  17.6900]OUT-3-10-6
[  17.6900]CLOSE-2-4
[  17.7860]RECEIVE-32-5
[  17.7930]ARRIVE-8-2
[  17.8880]ARRIVE-5-1
[  17.8880]OPEN-5-1
[  17.8890]ARRIVE-8-3
[  17.8890]OPEN-8-3
[  17.8900]CLOSE-10-6
[  18.0860]ARRIVE-7-5
[  18.0880]IN-53-5-1
[  18.0890]IN-55-8-3
[  18.0900]ARRIVE-3-4
[  18.0930]ARRIVE-9-2
[  18.0930]OPEN-9-2
[  18.2890]CLOSE-5-1
[  18.2890]CLOSE-8-3
[  18.2900]ARRIVE-11-6
[  18.2900]OPEN-11-6
[  18.2930]OUT-50-9-2
[  18.3860]ARRIVE-6-5
[  18.3860]OPEN-6-5
[  18.4910]ARRIVE-4-4
[  18.4910]OUT-46-11-6
[  18.4940]CLOSE-9-2
[  18.5870]IN-32-6-5
[  18.6890]ARRIVE-6-1
[  18.6890]OPEN-6-1
[  18.6890]ARRIVE-7-3
[  18.6900]OPEN-7-3
[  18.6910]CLOSE-11-6
[  18.7870]CLOSE-6-5
[  18.8890]OUT-53-6-1
[  18.8900]OUT-55-7-3
[  18.8910]ARRIVE-5-4
[  19.0870]ARRIVE-5-5
[  19.0900]CLOSE-6-1
[  19.0900]CLOSE-7-3
[  19.2910]ARRIVE-6-4
[  19.2910]OPEN-6-4
[  19.3880]ARRIVE-4-5
[  19.4850]RESET_ACCEPT-6-4-0.2
[  19.4850]RESET_BEGIN-6
[  19.4910]OUT-5-6-4
[  19.5850]RECEIVE-36-5
[  19.6880]ARRIVE-3-5
[  19.6880]OPEN-3-5
[  19.6920]CLOSE-6-4
[  19.7860]RECEIVE-43-2
[  19.7860]OPEN-9-2
[  19.8850]RECEIVE-21-1
[  19.8880]OUT-32-3-5
[  19.9840]RESET_ACCEPT-5-4-0.2
[  19.9860]IN-43-9-2
[  20.0880]CLOSE-3-5
[  20.0890]RESET_BEGIN-5
[  20.0900]RECEIVE-36-4
[  20.1870]CLOSE-9-2
[  20.2850]ARRIVE-5-1
[  20.2850]OPEN-5-1
[  20.4860]IN-21-5-1
[  20.4870]ARRIVE-8-2
[  20.4900]ARRIVE-5-4
[  20.6860]RESET_END-6
[  20.6860]CLOSE-5-1
[  20.7870]ARRIVE-7-2
[  20.8900]ARRIVE-4-4
[  20.8910]OPEN-4-4
[  21.0860]RECEIVE-29-6
[  21.0870]ARRIVE-6-2
[  21.0910]ARRIVE-6-1
[  21.0910]IN-36-4-4
[  21.1850]RECEIVE-4-3
[  21.2860]ARRIVE-10-6
[  21.2890]RESET_END-5
[  21.2910]CLOSE-4-4
[  21.3880]ARRIVE-5-2
[  21.4870]ARRIVE-9-6
[  21.4910]ARRIVE-7-1
[  21.5850]ARRIVE-6-3
[  21.6860]RECEIVE-24-5
[  21.6870]ARRIVE-8-6
[  21.6880]ARRIVE-4-2
[  21.6910]ARRIVE-5-4
[  21.8850]RECEIVE-70-2
[  21.8860]ARRIVE-4-5
[  21.8870]ARRIVE-7-6
[  21.8910]ARRIVE-8-1
[  21.9860]ARRIVE-5-3
[  21.9860]OPEN-5-3
[  21.9880]ARRIVE-3-2
[  21.9880]OPEN-3-2
[  22.0840]RESET_ACCEPT-2-7-0.6
[  22.0860]ARRIVE-5-5
[  22.0880]ARRIVE-6-6
[  22.0880]OPEN-6-6
[  22.0910]ARRIVE-6-4
[  22.1860]IN-4-5-3
[  22.1880]OUT-43-3-2
[  22.2860]ARRIVE-6-5
[  22.2880]IN-29-6-6
[  22.2920]ARRIVE-9-1
[  22.3870]CLOSE-5-3
[  22.3890]CLOSE-3-2
[  22.3890]RESET_BEGIN-2
[  22.3920]RECEIVE-70-3
[  22.4870]ARRIVE-7-5
[  22.4880]CLOSE-6-6
[  22.4920]ARRIVE-7-4
[  22.4920]OPEN-7-4
[  22.6870]ARRIVE-8-5
[  22.6880]ARRIVE-7-6
[  22.6920]ARRIVE-10-1
[  22.6920]OUT-36-7-4
[  22.7860]RECEIVE-23-4
[  22.7870]ARRIVE-6-3
[  22.7870]OPEN-6-3
[  22.8870]ARRIVE-9-5
[  22.8890]ARRIVE-8-6
[  22.8920]CLOSE-7-4
[  22.9870]OUT-4-6-3
[  23.0870]ARRIVE-10-5
[  23.0890]ARRIVE-9-6
[  23.0920]ARRIVE-11-1
[  23.0920]OPEN-11-1
[  23.1840]RESET_ACCEPT-4-5-0.2
[  23.1880]CLOSE-6-3
[  23.2880]ARRIVE-11-5
[  23.2880]OPEN-11-5
[  23.2890]ARRIVE-10-6
[  23.2890]OPEN-10-6
[  23.2930]ARRIVE-8-4
[  23.2930]OUT-21-11-1
[  23.2930]RESET_BEGIN-4
[  23.2940]RECEIVE-23-6
[  23.4880]IN-24-11-5
[  23.4890]OUT-29-10-6
[  23.4930]CLOSE-11-1
[  23.5880]ARRIVE-5-3
[  23.5890]RESET_END-2
[  23.6880]CLOSE-11-5
[  23.6890]CLOSE-10-6
[  23.8890]ARRIVE-10-5
[  23.8900]ARRIVE-9-6
[  23.9880]ARRIVE-4-3
[  23.9880]OPEN-4-3
[  24.0890]ARRIVE-9-5
[  24.0900]ARRIVE-8-6
[  24.0900]OPEN-8-6
[  24.1880]IN-70-4-3
[  24.2890]ARRIVE-8-5
[  24.2900]IN-23-8-6
[  24.3890]CLOSE-4-3
[  24.4890]ARRIVE-7-5
[  24.4900]CLOSE-8-6
[  24.4930]RESET_END-4
[  24.6900]ARRIVE-6-5
[  24.6900]ARRIVE-7-6
[  24.7890]ARRIVE-5-3
[  24.8900]ARRIVE-5-5
[  24.8900]OPEN-5-5
[  24.8900]ARRIVE-6-6
[  24.9870]RECEIVE-15-4
[  25.0900]OUT-24-5-5
[  25.0910]ARRIVE-5-6
[  25.0910]OPEN-5-6
[  25.1880]ARRIVE-9-4
[  25.1890]ARRIVE-6-3
[  25.2910]CLOSE-5-5
[  25.2910]OUT-23-5-6
[  25.3880]ARRIVE-10-4
[  25.4910]CLOSE-5-6
[  25.5860]RECEIVE-11-5
[  25.5880]ARRIVE-11-4
[  25.5880]OPEN-11-4
[  25.5890]ARRIVE-7-3
[  25.7860]ARRIVE-6-5
[  25.7890]IN-15-11-4
[  25.9860]ARRIVE-7-5
[  25.9890]CLOSE-11-4
[  25.9900]ARRIVE-8-3
[  26.1860]ARRIVE-8-5
[  26.1890]ARRIVE-10-4
[  26.3870]ARRIVE-9-5
[  26.3870]OPEN-9-5
[  26.3880]RECEIVE-2-6
[  26.3890]ARRIVE-9-4
[  26.3900]ARRIVE-9-3
[  26.3900]OPEN-9-3
[  26.5870]IN-11-9-5
[  26.5880]ARRIVE-6-6
[  26.5880]OPEN-6-6
[  26.5890]ARRIVE-8-4
[  26.5900]OUT-70-9-3
[  26.6860]RECEIVE-51-4
[  26.7870]CLOSE-9-5
[  26.7880]IN-2-6-6
[  26.7900]ARRIVE-7-4
[  26.7900]CLOSE-9-3
[  26.9870]ARRIVE-8-5
[  26.9890]CLOSE-6-6
[  26.9900]ARRIVE-6-4
[  27.1880]ARRIVE-7-5
[  27.1890]ARRIVE-7-6
[  27.1900]ARRIVE-5-4
[  27.1900]OPEN-5-4
[  27.3880]ARRIVE-6-5
[  27.3890]ARRIVE-8-6
[  27.3900]OUT-15-5-4
[  27.5880]ARRIVE-5-5
[  27.5890]ARRIVE-9-6
[  27.5900]CLOSE-5-4
[  27.7880]ARRIVE-4-5
[  27.7890]ARRIVE-10-6
[  27.7900]ARRIVE-4-4
[  27.9890]ARRIVE-3-5
[  27.9900]ARRIVE-11-6
[  27.9900]OPEN-11-6
[  27.9910]ARRIVE-3-4
[  28.1890]RECEIVE-37-6
[  28.1890]ARRIVE-2-5
[  28.1900]OUT-2-11-6
[  28.1910]ARRIVE-2-4
[  28.3890]ARRIVE-1-5
[  28.3900]OPEN-1-5
[  28.3900]CLOSE-11-6
[  28.3910]ARRIVE-1-4
[  28.3910]OPEN-1-4
[  28.5900]OUT-11-1-5
[  28.5900]ARRIVE-10-6
[  28.5900]OPEN-10-6
[  28.5910]IN-51-1-4
[  28.7280]RECEIVE-64-6
[  28.7900]CLOSE-1-5
[  28.7910]IN-37-10-6
[  28.7910]CLOSE-1-4
[  28.9910]CLOSE-10-6
[  28.9920]ARRIVE-2-4
[  29.1910]ARRIVE-9-6
[  29.1920]ARRIVE-3-4
[  29.3920]ARRIVE-8-6
[  29.3920]ARRIVE-4-4
[  29.5920]ARRIVE-7-6
[  29.5920]OPEN-7-6
[  29.5920]ARRIVE-5-4
[  29.7870]RECEIVE-38-4
[  29.7920]IN-64-7-6
[  29.7920]ARRIVE-6-4
[  29.9920]CLOSE-7-6
[  29.9930]ARRIVE-7-4
[  30.0870]RECEIVE-31-5
[  30.1930]ARRIVE-6-6
[  30.1930]ARRIVE-8-4
[  30.2870]ARRIVE-2-5
[  30.2870]OPEN-2-5
[  30.3930]ARRIVE-9-4
[  30.3930]ARRIVE-5-6
[  30.4870]IN-31-2-5
[  30.5930]ARRIVE-10-4
[  30.5930]OPEN-10-4
[  30.5930]ARRIVE-4-6
[  30.5930]OPEN-4-6
[  30.6860]RECEIVE-19-6
[  30.6870]CLOSE-2-5
[  30.7930]OUT-51-10-4
[  30.7940]OUT-37-4-6
[  30.7940]OUT-64-4-6
[  30.8870]ARRIVE-3-5
[  30.9940]CLOSE-10-4
[  30.9940]OPEN-10-4
[  30.9940]CLOSE-4-6
[  31.0880]ARRIVE-4-5
[  31.1850]RECEIVE-39-5
[  31.1940]IN-38-10-4
[  31.1940]ARRIVE-5-6
[  31.2880]ARRIVE-5-5
[  31.2880]OPEN-5-5
[  31.3940]CLOSE-10-4
[  31.3940]ARRIVE-6-6
[  31.3940]OPEN-6-6
[  31.4880]OUT-31-5-5
[  31.5940]ARRIVE-9-4
[  31.5950]IN-19-6-6
[  31.6880]CLOSE-5-5
[  31.7950]ARRIVE-8-4
[  31.7950]CLOSE-6-6
[  31.8890]ARRIVE-4-5
[  31.8890]OPEN-4-5
[  31.9950]ARRIVE-7-4
[  31.9950]ARRIVE-5-6
[  32.0890]IN-39-4-5
[  32.1850]RECEIVE-9-5
[  32.1950]ARRIVE-6-4
[  32.1950]ARRIVE-4-6
[  32.2890]CLOSE-4-5
[  32.2890]OPEN-4-5
[  32.3950]ARRIVE-5-4
[  32.3960]ARRIVE-3-6
[  32.3960]OPEN-3-6
[  32.4890]IN-9-4-5
[  32.5960]ARRIVE-4-4
[  32.5960]OUT-19-3-6
[  32.6900]CLOSE-4-5
[  32.7850]RECEIVE-59-5
[  32.7960]ARRIVE-3-4
[  32.7960]OPEN-3-4
[  32.7960]CLOSE-3-6
[  32.8900]ARRIVE-5-5
[  32.8900]OPEN-5-5
[  32.9960]OUT-38-3-4
[  33.0900]IN-59-5-5
[  33.1960]CLOSE-3-4
[  33.2900]CLOSE-5-5
[  33.4910]ARRIVE-6-5
[  33.6910]ARRIVE-7-5
[  33.6910]OPEN-7-5
[  33.8910]OUT-39-7-5
[  33.8910]OUT-9-7-5
[  34.0910]CLOSE-7-5
[  34.2920]ARRIVE-8-5
[  34.4920]ARRIVE-9-5
[  34.6920]ARRIVE-10-5
[  34.8920]ARRIVE-11-5
[  34.8930]OPEN-11-5
[  35.0870]RECEIVE-8-4
[  35.0930]OUT-59-11-5
[  35.2870]ARRIVE-2-4
[  35.2930]CLOSE-11-5
[  35.4870]ARRIVE-1-4
[  35.4870]OPEN-1-4
[  35.6870]IN-8-1-4
[  35.8880]CLOSE-1-4
[  36.0850]RECEIVE-42-5
[  36.0880]ARRIVE-2-4
[  36.2850]RECEIVE-17-6
[  36.2860]ARRIVE-10-5
[  36.2880]ARRIVE-3-4
[  36.4850]ARRIVE-4-6
[  36.4860]ARRIVE-9-5
[  36.4880]ARRIVE-4-4
[  36.6850]RECEIVE-54-3
[  36.6850]ARRIVE-5-6
[  36.6860]OPEN-5-6
[  36.6860]ARRIVE-8-5
[  36.6880]ARRIVE-5-4
[  36.6880]OPEN-5-4
[  36.8860]IN-17-5-6
[  36.8860]ARRIVE-7-5
[  36.8860]OPEN-7-5
[  36.8890]OUT-8-5-4
[  37.0850]ARRIVE-8-3
[  37.0850]OPEN-8-3
[  37.0860]CLOSE-5-6
[  37.0860]IN-42-7-5
[  37.0890]CLOSE-5-4
[  37.2850]IN-54-8-3
[  37.2860]ARRIVE-4-6
[  37.2860]CLOSE-7-5
[  37.4850]CLOSE-8-3
[  37.4860]ARRIVE-3-6
[  37.4870]ARRIVE-6-5
[  37.6860]ARRIVE-2-6
[  37.6870]ARRIVE-5-5
[  37.6870]OPEN-5-5
[  37.8860]ARRIVE-7-3
[  37.8860]OPEN-7-3
[  37.8870]ARRIVE-1-6
[  37.8870]OPEN-1-6
[  37.8870]OUT-42-5-5
[  38.0870]OUT-54-7-3
[  38.0870]OUT-17-1-6
[  38.0870]CLOSE-5-5
[  38.2870]CLOSE-7-3
[  38.2870]CLOSE-1-6
[  39.3870]RECEIVE-60-3
[  39.4850]RECEIVE-65-1
[  39.4850]OPEN-11-1
[  39.6850]IN-65-11-1
[  39.7870]ARRIVE-8-3
[  39.7870]OPEN-8-3
[  39.8860]CLOSE-11-1
[  39.9870]IN-60-8-3
[  40.1870]CLOSE-8-3
[  40.2860]ARRIVE-10-1
[  40.5880]ARRIVE-9-3
[  40.5880]OPEN-9-3
[  40.6860]ARRIVE-9-1
[  40.7880]OUT-60-9-3
[  40.9880]CLOSE-9-3
[  41.0860]ARRIVE-8-1
[  41.0870]OPEN-8-1
[  41.2870]OUT-65-8-1
[  41.4870]RECEIVE-63-4
[  41.4870]CLOSE-8-1
[  41.6870]ARRIVE-4-4
[  41.6870]OPEN-4-4
[  41.8870]IN-63-4-4
[  41.9850]RECEIVE-12-4
[  42.0880]CLOSE-4-4
[  42.0880]OPEN-4-4
[  42.2880]IN-12-4-4
[  42.4880]CLOSE-4-4
[  42.6880]ARRIVE-3-4
[  42.6890]OPEN-3-4
[  42.8890]OUT-63-3-4
[  42.8890]OUT-12-3-4
[  43.0890]CLOSE-3-4
[  43.7860]RECEIVE-45-5
[  43.9850]RECEIVE-16-4
[  43.9870]ARRIVE-6-5
[  43.9870]OPEN-6-5
[  44.1850]ARRIVE-4-4
[  44.1870]IN-45-6-5
[  44.3860]ARRIVE-5-4
[  44.3870]CLOSE-6-5
[  44.5860]ARRIVE-6-4
[  44.5870]ARRIVE-5-5
[  44.7860]RECEIVE-25-6
[  44.7860]OPEN-1-6
[  44.7860]ARRIVE-7-4
[  44.7870]ARRIVE-4-5
[  44.9860]IN-25-1-6
[  44.9860]ARRIVE-8-4
[  44.9860]OPEN-8-4
[  44.9880]ARRIVE-3-5
[  44.9880]OPEN-3-5
[  45.1860]CLOSE-1-6
[  45.1870]IN-16-8-4
[  45.1880]OUT-45-3-5
[  45.3870]ARRIVE-2-6
[  45.3870]CLOSE-8-4
[  45.3880]CLOSE-3-5
[  45.5870]ARRIVE-3-6
[  45.5870]ARRIVE-7-4
[  45.7870]ARRIVE-4-6
[  45.7870]ARRIVE-6-4
[  45.9870]ARRIVE-5-6
[  45.9880]ARRIVE-5-4
[  46.1880]ARRIVE-6-6
[  46.1880]OPEN-6-6
[  46.1880]ARRIVE-4-4
[  46.3880]OUT-25-6-6
[  46.3880]ARRIVE-3-4
[  46.5880]CLOSE-6-6
[  46.5880]ARRIVE-2-4
[  46.7860]RECEIVE-69-5
[  46.7860]OPEN-3-5
[  46.7870]RECEIVE-44-6
[  46.7870]OPEN-6-6
[  46.7890]ARRIVE-1-4
[  46.7890]OPEN-1-4
[  46.8850]RECEIVE-10-4
[  46.9860]IN-69-3-5
[  46.9870]IN-44-6-6
[  46.9890]OUT-16-1-4
[  47.1860]CLOSE-3-5
[  47.1870]CLOSE-6-6
[  47.1890]CLOSE-1-4
[  47.1890]OPEN-1-4
[  47.3860]ARRIVE-4-5
[  47.3870]ARRIVE-7-6
[  47.3890]IN-10-1-4
[  47.5870]ARRIVE-5-5
[  47.5880]ARRIVE-8-6
[  47.5890]CLOSE-1-4
[  47.7870]ARRIVE-6-5
[  47.7880]ARRIVE-9-6
[  47.7900]ARRIVE-2-4
[  47.9870]ARRIVE-7-5
[  47.9870]OPEN-7-5
[  47.9880]ARRIVE-10-6
[  47.9900]ARRIVE-3-4
[  48.1870]OUT-69-7-5
[  48.1880]ARRIVE-11-6
[  48.1880]OPEN-11-6
[  48.1900]ARRIVE-4-4
[  48.3880]CLOSE-7-5
[  48.3880]OUT-44-11-6
[  48.3900]ARRIVE-5-4
[  48.5880]CLOSE-11-6
[  48.5900]ARRIVE-6-4
[  48.5900]OPEN-6-4
[  48.7910]OUT-10-6-4
[  48.9910]CLOSE-6-4
[  49.0870]RECEIVE-6-3
[  49.0870]OPEN-9-3
[  49.2840]RESET_ACCEPT-3-6-0.4
[  49.2880]IN-6-9-3
[  49.4880]CLOSE-9-3
[  49.4880]OPEN-9-3
[  49.6880]OUT-6-9-3
[  49.8880]CLOSE-9-3
[  49.8880]RESET_BEGIN-3
[  51.0890]RESET_END-3
