[   1.3830]RECEIVE-34-1
[   1.7830]ARRIVE-2-1
[   2.1830]ARRIVE-3-1
[   2.5840]ARRIVE-4-1
[   2.9840]ARRIVE-5-1
[   3.3850]ARRIVE-6-1
[   3.7860]ARRIVE-7-1
[   3.8790]RECEIVE-28-2
[   3.8790]OPEN-1-2
[   4.0800]IN-28-1-2
[   4.1860]ARRIVE-8-1
[   4.2750]RESET_ACCEPT-3-6-0.6
[   4.2760]RESET_BEGIN-3
[   4.2800]CLOSE-1-2
[   4.5870]ARRIVE-9-1
[   4.6800]ARRIVE-2-2
[   4.9870]ARRIVE-10-1
[   4.9880]OPEN-10-1
[   5.0810]ARRIVE-3-2
[   5.1770]RECEIVE-10-4
[   5.1770]OPEN-1-4
[   5.1880]IN-34-10-1
[   5.3780]IN-10-1-4
[   5.3880]CLOSE-10-1
[   5.4760]RESET_END-3
[   5.4810]ARRIVE-4-2
[   5.5780]CLOSE-1-4
[   5.7890]ARRIVE-9-1
[   5.8820]ARRIVE-5-2
[   5.9790]ARRIVE-2-4
[   6.0770]RECEIVE-66-1
[   6.1890]ARRIVE-8-1
[   6.1900]OPEN-8-1
[   6.2820]ARRIVE-6-2
[   6.3790]ARRIVE-3-4
[   6.3900]IN-66-8-1
[   6.5900]CLOSE-8-1
[   6.6830]ARRIVE-7-2
[   6.7790]ARRIVE-4-4
[   6.9910]ARRIVE-7-1
[   7.0830]ARRIVE-8-2
[   7.1800]ARRIVE-5-4
[   7.2770]RECEIVE-62-5
[   7.3910]ARRIVE-6-1
[   7.3920]OPEN-6-1
[   7.4830]ARRIVE-9-2
[   7.5800]ARRIVE-6-4
[   7.5920]OUT-66-6-1
[   7.6780]ARRIVE-2-5
[   7.7920]CLOSE-6-1
[   7.8840]ARRIVE-10-2
[   7.9810]ARRIVE-7-4
[   8.0780]ARRIVE-3-5
[   8.1770]RECEIVE-31-2
[   8.1810]RECEIVE-37-4
[   8.1930]ARRIVE-5-1
[   8.2840]ARRIVE-11-2
[   8.2850]OPEN-11-2
[   8.3810]ARRIVE-8-4
[   8.4780]ARRIVE-4-5
[   8.4790]OPEN-4-5
[   8.4850]OUT-28-11-2
[   8.5930]ARRIVE-4-1
[   8.6790]IN-62-4-5
[   8.6850]CLOSE-11-2
[   8.6850]OPEN-11-2
[   8.7820]ARRIVE-9-4
[   8.8790]CLOSE-4-5
[   8.8860]IN-31-11-2
[   8.9940]ARRIVE-3-1
[   9.0860]CLOSE-11-2
[   9.1820]ARRIVE-10-4
[   9.2800]ARRIVE-5-5
[   9.3940]ARRIVE-2-1
[   9.3940]OPEN-2-1
[   9.4780]RECEIVE-46-4
[   9.4860]ARRIVE-10-2
[   9.5770]RECEIVE-58-4
[   9.5790]RECEIVE-32-1
[   9.5830]ARRIVE-11-4
[   9.5830]OPEN-11-4
[   9.5950]OUT-34-2-1
[   9.6800]ARRIVE-6-5
[   9.7830]OUT-10-11-4
[   9.7950]CLOSE-2-1
[   9.8870]ARRIVE-9-2
[   9.9830]CLOSE-11-4
[   9.9840]OPEN-11-4
[  10.0810]ARRIVE-7-5
[  10.1840]IN-46-11-4
[  10.1840]IN-58-11-4
[  10.1950]ARRIVE-3-1
[  10.2770]RECEIVE-48-5
[  10.2870]ARRIVE-8-2
[  10.3850]CLOSE-11-4
[  10.4810]ARRIVE-8-5
[  10.4810]OPEN-8-5
[  10.5960]ARRIVE-4-1
[  10.5960]OPEN-4-1
[  10.6820]IN-48-8-5
[  10.6880]ARRIVE-7-2
[  10.7850]ARRIVE-10-4
[  10.7850]OPEN-10-4
[  10.7960]IN-32-4-1
[  10.8820]CLOSE-8-5
[  10.9860]OUT-46-10-4
[  10.9860]IN-37-10-4
[  10.9970]CLOSE-4-1
[  11.0880]ARRIVE-6-2
[  11.1860]CLOSE-10-4
[  11.2820]ARRIVE-9-5
[  11.3970]ARRIVE-5-1
[  11.4880]ARRIVE-5-2
[  11.5860]ARRIVE-9-4
[  11.6830]ARRIVE-10-5
[  11.6830]OPEN-10-5
[  11.7970]ARRIVE-6-1
[  11.8830]OUT-62-10-5
[  11.8890]ARRIVE-4-2
[  11.9870]ARRIVE-8-4
[  11.9870]OPEN-8-4
[  12.0840]CLOSE-10-5
[  12.1870]OUT-37-8-4
[  12.1980]ARRIVE-7-1
[  12.2890]ARRIVE-3-2
[  12.3880]CLOSE-8-4
[  12.4840]ARRIVE-11-5
[  12.4850]OPEN-11-5
[  12.5760]RECEIVE-35-4
[  12.5980]ARRIVE-8-1
[  12.6850]OUT-48-11-5
[  12.6890]ARRIVE-2-2
[  12.7880]ARRIVE-7-4
[  12.8850]CLOSE-11-5
[  12.9980]ARRIVE-9-1
[  13.0900]ARRIVE-1-2
[  13.0900]OPEN-1-2
[  13.1890]ARRIVE-6-4
[  13.1890]OPEN-6-4
[  13.2900]OUT-31-1-2
[  13.3890]OUT-58-6-4
[  13.3990]ARRIVE-10-1
[  13.4050]OPEN-10-1
[  13.4770]RECEIVE-16-1
[  13.4910]CLOSE-1-2
[  13.5890]CLOSE-6-4
[  13.6060]OUT-32-10-1
[  13.7760]RECEIVE-63-2
[  13.8060]CLOSE-10-1
[  13.9900]ARRIVE-5-4
[  13.9900]OPEN-5-4
[  14.1760]ARRIVE-2-2
[  14.1760]OPEN-2-2
[  14.1900]IN-35-5-4
[  14.2070]ARRIVE-9-1
[  14.3760]IN-63-2-2
[  14.3910]CLOSE-5-4
[  14.5760]RECEIVE-69-6
[  14.5770]OPEN-1-6
[  14.5770]CLOSE-2-2
[  14.6070]ARRIVE-8-1
[  14.7770]IN-69-1-6
[  14.7910]ARRIVE-4-4
[  14.9770]ARRIVE-3-2
[  14.9780]CLOSE-1-6
[  15.0070]ARRIVE-7-1
[  15.0080]OPEN-7-1
[  15.1770]RECEIVE-14-5
[  15.1910]ARRIVE-3-4
[  15.2080]IN-16-7-1
[  15.3770]ARRIVE-4-2
[  15.3780]ARRIVE-2-6
[  15.4080]CLOSE-7-1
[  15.4760]RECEIVE-54-2
[  15.5770]ARRIVE-10-5
[  15.5770]OPEN-10-5
[  15.5920]ARRIVE-2-4
[  15.5920]OPEN-2-4
[  15.7780]IN-14-10-5
[  15.7780]ARRIVE-5-2
[  15.7780]ARRIVE-3-6
[  15.7920]OUT-35-2-4
[  15.8090]ARRIVE-6-1
[  15.9780]CLOSE-10-5
[  15.9930]CLOSE-2-4
[  16.1780]ARRIVE-6-2
[  16.1790]ARRIVE-4-6
[  16.1790]OPEN-4-6
[  16.2090]ARRIVE-5-1
[  16.2090]OPEN-5-1
[  16.3780]ARRIVE-9-5
[  16.3790]OUT-69-4-6
[  16.4090]OUT-16-5-1
[  16.5780]ARRIVE-7-2
[  16.5790]OPEN-7-2
[  16.5790]CLOSE-4-6
[  16.6100]CLOSE-5-1
[  16.7790]ARRIVE-8-5
[  16.7790]IN-54-7-2
[  16.9770]RECEIVE-24-4
[  16.9790]CLOSE-7-2
[  17.1740]RESET_ACCEPT-2-7-0.5
[  17.1790]ARRIVE-7-5
[  17.1790]OPEN-7-5
[  17.3770]ARRIVE-3-4
[  17.3770]OPEN-3-4
[  17.3800]OUT-14-7-5
[  17.3800]ARRIVE-8-2
[  17.3800]OPEN-8-2
[  17.5780]IN-24-3-4
[  17.5800]CLOSE-7-5
[  17.5800]OUT-63-8-2
[  17.5800]OUT-54-8-2
[  17.7780]CLOSE-3-4
[  17.7800]CLOSE-8-2
[  17.7800]RESET_BEGIN-2
[  18.1780]ARRIVE-4-4
[  18.2760]RECEIVE-4-6
[  18.5790]ARRIVE-5-4
[  18.6770]ARRIVE-3-6
[  18.6770]OPEN-3-6
[  18.8770]IN-4-3-6
[  18.9790]ARRIVE-6-4
[  18.9810]RESET_END-2
[  19.0770]CLOSE-3-6
[  19.3790]ARRIVE-7-4
[  19.4780]ARRIVE-4-6
[  19.7800]ARRIVE-8-4
[  19.8780]ARRIVE-5-6
[  20.1800]ARRIVE-9-4
[  20.2770]RECEIVE-57-5
[  20.2780]ARRIVE-6-6
[  20.5800]ARRIVE-10-4
[  20.6770]ARRIVE-8-5
[  20.6790]ARRIVE-7-6
[  20.6790]OPEN-7-6
[  20.8790]OUT-4-7-6
[  20.8840]RECEIVE-15-3
[  20.9810]ARRIVE-11-4
[  20.9810]OPEN-11-4
[  20.9850]RECEIVE-44-1
[  21.0780]ARRIVE-9-5
[  21.0780]OPEN-9-5
[  21.0790]CLOSE-7-6
[  21.1810]OUT-24-11-4
[  21.2780]IN-57-9-5
[  21.3810]CLOSE-11-4
[  21.3850]ARRIVE-4-1
[  21.4780]CLOSE-9-5
[  21.4840]ARRIVE-2-3
[  21.4850]OPEN-2-3
[  21.6010]RECEIVE-9-2
[  21.6850]IN-15-2-3
[  21.7860]ARRIVE-3-1
[  21.7860]OPEN-3-1
[  21.8760]RECEIVE-5-6
[  21.8790]ARRIVE-8-5
[  21.8860]CLOSE-2-3
[  21.9860]IN-44-3-1
[  22.1010]ARRIVE-9-2
[  22.1020]OPEN-9-2
[  22.1870]CLOSE-3-1
[  22.2770]ARRIVE-6-6
[  22.2790]ARRIVE-7-5
[  22.3020]IN-9-9-2
[  22.4860]ARRIVE-1-3
[  22.4860]OPEN-1-3
[  22.5020]CLOSE-9-2
[  22.5870]ARRIVE-4-1
[  22.6770]ARRIVE-5-6
[  22.6790]ARRIVE-6-5
[  22.6860]OUT-15-1-3
[  22.7760]RECEIVE-25-5
[  22.8860]CLOSE-1-3
[  22.9870]ARRIVE-5-1
[  23.0020]ARRIVE-8-2
[  23.0770]ARRIVE-4-6
[  23.0800]ARRIVE-5-5
[  23.3760]RECEIVE-13-2
[  23.3880]ARRIVE-6-1
[  23.4770]ARRIVE-3-6
[  23.4800]ARRIVE-4-5
[  23.4800]OPEN-4-5
[  23.5030]ARRIVE-7-2
[  23.6800]IN-25-4-5
[  23.7880]ARRIVE-7-1
[  23.8780]ARRIVE-2-6
[  23.8780]OPEN-2-6
[  23.8810]CLOSE-4-5
[  24.0030]ARRIVE-6-2
[  24.0030]OPEN-6-2
[  24.0780]IN-5-2-6
[  24.1880]ARRIVE-8-1
[  24.1890]OPEN-8-1
[  24.2030]OUT-9-6-2
[  24.2790]CLOSE-2-6
[  24.2810]ARRIVE-3-5
[  24.2810]OPEN-3-5
[  24.3890]OUT-44-8-1
[  24.4040]CLOSE-6-2
[  24.4810]OUT-57-3-5
[  24.5890]CLOSE-8-1
[  24.6790]ARRIVE-3-6
[  24.6810]CLOSE-3-5
[  24.7770]RECEIVE-52-1
[  24.7780]OPEN-8-1
[  24.7790]RECEIVE-60-4
[  24.9040]ARRIVE-7-2
[  24.9760]RECEIVE-38-6
[  24.9780]IN-52-8-1
[  25.0790]ARRIVE-4-6
[  25.0820]ARRIVE-2-5
[  25.0820]OPEN-2-5
[  25.1780]CLOSE-8-1
[  25.1790]ARRIVE-10-4
[  25.2820]OUT-25-2-5
[  25.3760]RECEIVE-41-5
[  25.3780]RECEIVE-39-5
[  25.4040]ARRIVE-8-2
[  25.4050]OPEN-8-2
[  25.4790]ARRIVE-5-6
[  25.4820]CLOSE-2-5
[  25.4820]OPEN-2-5
[  25.5780]ARRIVE-9-1
[  25.5790]ARRIVE-9-4
[  25.6050]IN-13-8-2
[  25.6830]IN-39-2-5
[  25.8050]CLOSE-8-2
[  25.8800]ARRIVE-6-6
[  25.8800]OPEN-6-6
[  25.8830]CLOSE-2-5
[  25.9790]ARRIVE-10-1
[  25.9790]OPEN-10-1
[  25.9790]ARRIVE-8-4
[  26.0800]IN-38-6-6
[  26.1790]OUT-52-10-1
[  26.2800]CLOSE-6-6
[  26.2830]ARRIVE-3-5
[  26.2830]OPEN-3-5
[  26.3050]ARRIVE-7-2
[  26.3760]RECEIVE-7-3
[  26.3790]CLOSE-10-1
[  26.3800]ARRIVE-7-4
[  26.3800]OPEN-7-4
[  26.4760]RECEIVE-55-4
[  26.4830]IN-41-3-5
[  26.5760]RECEIVE-61-1
[  26.5800]IN-60-7-4
[  26.5800]IN-55-7-4
[  26.6810]ARRIVE-7-6
[  26.6840]CLOSE-3-5
[  26.7800]CLOSE-7-4
[  26.8060]ARRIVE-6-2
[  26.9760]ARRIVE-9-1
[  26.9760]RECEIVE-45-5
[  26.9800]ARRIVE-2-3
[  26.9800]OPEN-2-3
[  27.0810]ARRIVE-8-6
[  27.0810]OPEN-8-6
[  27.0840]ARRIVE-4-5
[  27.0840]OPEN-4-5
[  27.1760]RECEIVE-3-2
[  27.1800]IN-7-2-3
[  27.1800]ARRIVE-8-4
[  27.2810]OUT-38-8-6
[  27.2840]OUT-41-4-5
[  27.3060]ARRIVE-5-2
[  27.3760]ARRIVE-8-1
[  27.3800]CLOSE-2-3
[  27.4820]CLOSE-8-6
[  27.4840]CLOSE-4-5
[  27.5810]ARRIVE-9-4
[  27.7760]ARRIVE-7-1
[  27.8060]ARRIVE-4-2
[  27.8820]ARRIVE-9-6
[  27.8820]OPEN-9-6
[  27.8850]ARRIVE-5-5
[  27.8850]OPEN-5-5
[  27.9810]ARRIVE-3-3
[  27.9810]ARRIVE-10-4
[  27.9810]OPEN-10-4
[  28.0820]OUT-5-9-6
[  28.0850]IN-45-5-5
[  28.1770]ARRIVE-6-1
[  28.1810]OUT-60-10-4
[  28.2830]CLOSE-9-6
[  28.2850]CLOSE-5-5
[  28.3070]ARRIVE-3-2
[  28.3070]OPEN-3-2
[  28.3810]CLOSE-10-4
[  28.5070]OUT-13-3-2
[  28.5750]RESET_ACCEPT-6-3-0.6
[  28.5750]RESET_BEGIN-6
[  28.5770]ARRIVE-5-1
[  28.5810]ARRIVE-4-3
[  28.6850]ARRIVE-6-5
[  28.7070]CLOSE-3-2
[  28.7080]OPEN-3-2
[  28.7820]ARRIVE-11-4
[  28.7820]OPEN-11-4
[  28.9080]IN-3-3-2
[  28.9770]ARRIVE-4-1
[  28.9770]OPEN-4-1
[  28.9820]OUT-55-11-4
[  29.0860]ARRIVE-7-5
[  29.1080]CLOSE-3-2
[  29.1770]IN-61-4-1
[  29.1810]ARRIVE-5-3
[  29.1810]OPEN-5-3
[  29.1820]CLOSE-11-4
[  29.3760]RECEIVE-19-1
[  29.3780]CLOSE-4-1
[  29.3810]OUT-7-5-3
[  29.4860]ARRIVE-8-5
[  29.4860]OPEN-8-5
[  29.5760]RECEIVE-70-2
[  29.5820]CLOSE-5-3
[  29.6080]ARRIVE-4-2
[  29.6080]OPEN-4-2
[  29.6860]OUT-45-8-5
[  29.7750]RESET_END-6
[  29.7780]ARRIVE-5-1
[  29.8090]OUT-3-4-2
[  29.8860]CLOSE-8-5
[  29.9760]RECEIVE-36-5
[  30.0090]CLOSE-4-2
[  30.1780]ARRIVE-6-1
[  30.1780]OPEN-6-1
[  30.2870]ARRIVE-9-5
[  30.3780]OUT-61-6-1
[  30.5090]ARRIVE-3-2
[  30.5790]CLOSE-6-1
[  30.5790]OPEN-6-1
[  30.6870]ARRIVE-10-5
[  30.7790]IN-19-6-1
[  30.8770]RECEIVE-18-3
[  30.8780]RECEIVE-42-1
[  30.9770]RECEIVE-51-4
[  30.9790]CLOSE-6-1
[  30.9790]OPEN-6-1
[  31.0090]ARRIVE-2-2
[  31.0870]ARRIVE-11-5
[  31.0870]OPEN-11-5
[  31.1800]IN-42-6-1
[  31.2870]OUT-39-11-5
[  31.3770]ARRIVE-10-4
[  31.3800]CLOSE-6-1
[  31.4770]ARRIVE-4-3
[  31.4770]OPEN-4-3
[  31.4880]CLOSE-11-5
[  31.5100]ARRIVE-1-2
[  31.5100]OPEN-1-2
[  31.6770]IN-18-4-3
[  31.7100]IN-70-1-2
[  31.7780]ARRIVE-9-4
[  31.7800]ARRIVE-5-1
[  31.7800]OPEN-5-1
[  31.8770]CLOSE-4-3
[  31.8880]ARRIVE-10-5
[  31.9100]CLOSE-1-2
[  31.9800]OUT-42-5-1
[  32.1780]ARRIVE-8-4
[  32.1780]OPEN-8-4
[  32.1810]CLOSE-5-1
[  32.2770]RECEIVE-23-4
[  32.2880]ARRIVE-9-5
[  32.3780]IN-51-8-4
[  32.4100]ARRIVE-2-2
[  32.4780]ARRIVE-5-3
[  32.5780]CLOSE-8-4
[  32.5810]ARRIVE-4-1
[  32.6890]ARRIVE-8-5
[  32.6890]OPEN-8-5
[  32.7760]RECEIVE-50-4
[  32.8890]IN-36-8-5
[  32.9110]ARRIVE-3-2
[  32.9790]ARRIVE-7-4
[  32.9810]ARRIVE-3-1
[  33.0780]ARRIVE-6-3
[  33.0890]CLOSE-8-5
[  33.3790]ARRIVE-6-4
[  33.3810]ARRIVE-2-1
[  33.3810]OPEN-2-1
[  33.4110]ARRIVE-4-2
[  33.4760]RECEIVE-67-6
[  33.4760]OPEN-9-6
[  33.4890]ARRIVE-9-5
[  33.5820]OUT-19-2-1
[  33.6760]IN-67-9-6
[  33.6780]ARRIVE-7-3
[  33.7790]ARRIVE-5-4
[  33.7790]OPEN-5-4
[  33.7820]CLOSE-2-1
[  33.8760]CLOSE-9-6
[  33.8900]ARRIVE-10-5
[  33.8900]OPEN-10-5
[  33.9110]ARRIVE-5-2
[  33.9790]OUT-51-5-4
[  34.0900]OUT-36-10-5
[  34.1750]RESET_ACCEPT-2-8-0.4
[  34.1800]CLOSE-5-4
[  34.1800]OPEN-5-4
[  34.2780]ARRIVE-8-3
[  34.2900]CLOSE-10-5
[  34.3800]IN-23-5-4
[  34.3800]IN-50-5-4
[  34.4110]ARRIVE-6-2
[  34.4120]OPEN-6-2
[  34.4760]RECEIVE-29-1
[  34.4770]ARRIVE-10-6
[  34.4770]OPEN-10-6
[  34.5810]CLOSE-5-4
[  34.6120]OUT-70-6-2
[  34.6130]RECEIVE-70-4
[  34.6770]OUT-67-10-6
[  34.8120]CLOSE-6-2
[  34.8120]RESET_BEGIN-2
[  34.8760]ARRIVE-3-1
[  34.8760]OPEN-3-1
[  34.8770]CLOSE-10-6
[  34.8790]ARRIVE-9-3
[  34.9810]ARRIVE-6-4
[  34.9810]OPEN-6-4
[  35.0760]IN-29-3-1
[  35.1810]IN-70-6-4
[  35.2760]CLOSE-3-1
[  35.3810]CLOSE-6-4
[  35.4790]ARRIVE-10-3
[  35.6770]ARRIVE-4-1
[  35.7820]ARRIVE-7-4
[  36.0120]RESET_END-2
[  36.0770]ARRIVE-5-1
[  36.0790]ARRIVE-11-3
[  36.0790]OPEN-11-3
[  36.1820]ARRIVE-8-4
[  36.1820]OPEN-8-4
[  36.2790]OUT-18-11-3
[  36.3820]OUT-23-8-4
[  36.4770]ARRIVE-6-1
[  36.4800]CLOSE-11-3
[  36.5820]CLOSE-8-4
[  36.8770]ARRIVE-7-1
[  36.9830]ARRIVE-9-4
[  36.9830]OPEN-9-4
[  37.1830]OUT-50-9-4
[  37.2780]ARRIVE-8-1
[  37.3830]CLOSE-9-4
[  37.6780]ARRIVE-9-1
[  37.7770]RESET_ACCEPT-1-5-0.6
[  37.7830]ARRIVE-10-4
[  37.7840]OPEN-10-4
[  37.9840]OUT-70-10-4
[  38.0780]ARRIVE-10-1
[  38.0780]OPEN-10-1
[  38.1840]CLOSE-10-4
[  38.2780]OUT-29-10-1
[  38.4790]CLOSE-10-1
[  38.4790]RESET_BEGIN-1
[  39.2740]RESET_ACCEPT-2-8-0.4
[  39.2740]RESET_BEGIN-2
[  39.3750]RECEIVE-8-4
[  39.6760]RECEIVE-17-5
[  39.6790]RESET_END-1
[  39.7750]ARRIVE-9-4
[  40.0760]ARRIVE-9-5
[  40.1760]ARRIVE-8-4
[  40.4750]RESET_END-2
[  40.4760]ARRIVE-8-5
[  40.5760]ARRIVE-7-4
[  40.7770]RECEIVE-30-1
[  40.7770]OPEN-10-1
[  40.8760]ARRIVE-7-5
[  40.9760]ARRIVE-6-4
[  40.9760]OPEN-6-4
[  40.9770]IN-30-10-1
[  41.1770]IN-8-6-4
[  41.1780]CLOSE-10-1
[  41.2760]ARRIVE-6-5
[  41.3770]CLOSE-6-4
[  41.4760]RECEIVE-20-2
[  41.4760]OPEN-6-2
[  41.6770]IN-20-6-2
[  41.6770]ARRIVE-5-5
[  41.7760]RECEIVE-21-4
[  41.7770]ARRIVE-7-4
[  41.7770]OPEN-7-4
[  41.7780]ARRIVE-9-1
[  41.8770]CLOSE-6-2
[  41.9770]OUT-8-7-4
[  42.0770]ARRIVE-4-5
[  42.1780]CLOSE-7-4
[  42.2770]ARRIVE-7-2
[  42.3780]ARRIVE-8-1
[  42.4790]ARRIVE-3-5
[  42.4790]OPEN-3-5
[  42.4810]RECEIVE-56-2
[  42.5780]ARRIVE-6-4
[  42.5780]OPEN-6-4
[  42.6770]ARRIVE-8-2
[  42.6790]IN-17-3-5
[  42.7780]IN-21-6-4
[  42.8800]CLOSE-3-5
[  42.9780]ARRIVE-7-1
[  42.9780]OPEN-7-1
[  42.9780]CLOSE-6-4
[  43.0780]ARRIVE-9-2
[  43.0780]OPEN-9-2
[  43.1780]OUT-30-7-1
[  43.2780]IN-56-9-2
[  43.2800]ARRIVE-4-5
[  43.3760]RECEIVE-64-2
[  43.3790]ARRIVE-5-4
[  43.3790]CLOSE-7-1
[  43.4780]CLOSE-9-2
[  43.5750]RECEIVE-6-1
[  43.6760]RECEIVE-2-4
[  43.6800]ARRIVE-5-5
[  43.7790]ARRIVE-4-4
[  43.8780]ARRIVE-10-2
[  43.9760]RECEIVE-59-4
[  44.0800]ARRIVE-6-5
[  44.1760]ARRIVE-6-1
[  44.1760]OPEN-6-1
[  44.1790]ARRIVE-3-4
[  44.1790]OPEN-3-4
[  44.2790]ARRIVE-11-2
[  44.2790]OPEN-11-2
[  44.3740]RESET_ACCEPT-2-4-0.4
[  44.3760]IN-6-6-1
[  44.3790]IN-2-3-4
[  44.4790]OUT-20-11-2
[  44.4790]OUT-56-11-2
[  44.4810]ARRIVE-7-5
[  44.5750]RESET_ACCEPT-4-4-0.4
[  44.5760]CLOSE-6-1
[  44.5800]CLOSE-3-4
[  44.5800]OPEN-3-4
[  44.6790]CLOSE-11-2
[  44.6790]RESET_BEGIN-2
[  44.6800]RECEIVE-64-3
[  44.6810]OPEN-11-3
[  44.7800]OUT-21-3-4
[  44.7800]OUT-2-3-4
[  44.7810]RECEIVE-21-5
[  44.7820]RECEIVE-2-5
[  44.8810]ARRIVE-8-5
[  44.8810]IN-64-11-3
[  44.9750]RECEIVE-12-6
[  44.9800]CLOSE-3-4
[  44.9800]RESET_BEGIN-4
[  44.9810]RECEIVE-59-1
[  45.0810]CLOSE-11-3
[  45.1760]ARRIVE-7-1
[  45.2810]ARRIVE-9-5
[  45.5760]ARRIVE-9-6
[  45.5760]OPEN-9-6
[  45.6810]ARRIVE-10-5
[  45.6810]OPEN-10-5
[  45.6810]ARRIVE-10-3
[  45.7760]IN-12-9-6
[  45.7770]ARRIVE-8-1
[  45.7770]OPEN-8-1
[  45.8800]RESET_END-2
[  45.8820]OUT-17-10-5
[  45.9760]CLOSE-9-6
[  45.9770]OUT-6-8-1
[  46.0820]CLOSE-10-5
[  46.1770]CLOSE-8-1
[  46.1800]RESET_END-4
[  46.2820]ARRIVE-9-3
[  46.4770]RECEIVE-40-2
[  46.4770]OPEN-11-2
[  46.4820]ARRIVE-9-5
[  46.5760]ARRIVE-8-6
[  46.6770]IN-40-11-2
[  46.7770]ARRIVE-7-1
[  46.8780]CLOSE-11-2
[  46.8820]ARRIVE-8-3
[  46.8820]ARRIVE-8-5
[  47.1760]ARRIVE-7-6
[  47.1770]OPEN-7-6
[  47.2780]ARRIVE-10-2
[  47.2820]ARRIVE-7-5
[  47.3770]OUT-12-7-6
[  47.3770]ARRIVE-6-1
[  47.4820]ARRIVE-7-3
[  47.5770]CLOSE-7-6
[  47.6770]RECEIVE-43-4
[  47.6780]ARRIVE-9-2
[  47.6820]ARRIVE-6-5
[  47.7760]RECEIVE-47-6
[  47.9780]ARRIVE-5-1
[  48.0770]ARRIVE-4-4
[  48.0780]ARRIVE-8-2
[  48.0820]ARRIVE-6-3
[  48.0830]ARRIVE-5-5
[  48.3760]ARRIVE-8-6
[  48.4770]ARRIVE-5-4
[  48.4770]OPEN-5-4
[  48.4780]ARRIVE-7-2
[  48.4830]ARRIVE-4-5
[  48.5780]ARRIVE-4-1
[  48.6770]IN-43-5-4
[  48.6820]ARRIVE-5-3
[  48.8780]CLOSE-5-4
[  48.8780]ARRIVE-6-2
[  48.8790]OPEN-6-2
[  48.8830]ARRIVE-3-5
[  48.8830]OPEN-3-5
[  48.9760]ARRIVE-9-6
[  49.0790]OUT-40-6-2
[  49.0830]IN-21-3-5
[  49.0830]IN-2-3-5
[  49.1780]ARRIVE-3-1
[  49.2780]ARRIVE-6-4
[  49.2790]CLOSE-6-2
[  49.2830]ARRIVE-4-3
[  49.2830]CLOSE-3-5
[  49.4770]RECEIVE-27-2
[  49.5760]ARRIVE-10-6
[  49.5770]OPEN-10-6
[  49.6740]RESET_ACCEPT-4-3-0.5
[  49.6780]ARRIVE-7-4
[  49.6780]OPEN-7-4
[  49.6850]ARRIVE-2-5
[  49.7770]IN-47-10-6
[  49.7780]ARRIVE-2-1
[  49.7780]OPEN-2-1
[  49.8770]ARRIVE-7-2
[  49.8780]OUT-43-7-4
[  49.8830]ARRIVE-3-3
[  49.9770]CLOSE-10-6
[  49.9780]IN-59-2-1
[  50.0790]CLOSE-7-4
[  50.0790]RESET_BEGIN-4
[  50.0850]ARRIVE-1-5
[  50.0850]OPEN-1-5
[  50.1790]CLOSE-2-1
[  50.2770]ARRIVE-8-2
[  50.2770]OPEN-8-2
[  50.2850]OUT-21-1-5
[  50.2850]OUT-2-1-5
[  50.4780]IN-27-8-2
[  50.4830]ARRIVE-2-3
[  50.4830]OPEN-2-3
[  50.4850]CLOSE-1-5
[  50.5770]ARRIVE-11-6
[  50.5770]OPEN-11-6
[  50.6780]CLOSE-8-2
[  50.6830]OUT-64-2-3
[  50.7770]OUT-47-11-6
[  50.7790]ARRIVE-3-1
[  50.8830]CLOSE-2-3
[  50.9780]CLOSE-11-6
[  51.0780]ARRIVE-7-2
[  51.0780]OPEN-7-2
[  51.2780]OUT-27-7-2
[  51.2790]RESET_END-4
[  51.3790]ARRIVE-4-1
[  51.4790]CLOSE-7-2
[  51.9790]ARRIVE-5-1
[  51.9790]OPEN-5-1
[  52.1800]OUT-59-5-1
[  52.3800]CLOSE-5-1
